<?xml version="1.0"?>
<link_info>
   <banner>TMS320C6x Linker PC v7.4.14</banner>
   <copyright>Copyright (c) 1996-2015 Texas Instruments Incorporated</copyright>
   <link_time>0x5e6f6658</link_time>
   <output_file>UART.out</output_file>
   <entry_point>
      <name>_c_int00</name>
      <address>0x10010120</address>
   </entry_point>
   <input_file_list>
      <input_file id="fl-2">
         <path>.\</path>
         <kind>object</kind>
         <file>DaneDSP.obj</file>
         <name>DaneDSP.obj</name>
      </input_file>
      <input_file id="fl-3">
         <path>.\</path>
         <kind>object</kind>
         <file>main.obj</file>
         <name>main.obj</name>
      </input_file>
      <input_file id="fl-b">
         <path>D:\instalki\ti\ccsv6\tools\compiler\c6000_7.4.14\lib\</path>
         <kind>archive</kind>
         <file>rts67plus.lib</file>
         <name>boot.obj</name>
      </input_file>
      <input_file id="fl-c">
         <path>D:\instalki\ti\ccsv6\tools\compiler\c6000_7.4.14\lib\</path>
         <kind>archive</kind>
         <file>rts67plus.lib</file>
         <name>defs.obj</name>
      </input_file>
      <input_file id="fl-d">
         <path>D:\instalki\ti\ccsv6\tools\compiler\c6000_7.4.14\lib\</path>
         <kind>archive</kind>
         <file>rts67plus.lib</file>
         <name>exit.obj</name>
      </input_file>
      <input_file id="fl-e">
         <path>D:\instalki\ti\ccsv6\tools\compiler\c6000_7.4.14\lib\</path>
         <kind>archive</kind>
         <file>rts67plus.lib</file>
         <name>fprintf.obj</name>
      </input_file>
      <input_file id="fl-f">
         <path>D:\instalki\ti\ccsv6\tools\compiler\c6000_7.4.14\lib\</path>
         <kind>archive</kind>
         <file>rts67plus.lib</file>
         <name>fputc.obj</name>
      </input_file>
      <input_file id="fl-10">
         <path>D:\instalki\ti\ccsv6\tools\compiler\c6000_7.4.14\lib\</path>
         <kind>archive</kind>
         <file>rts67plus.lib</file>
         <name>fputs.obj</name>
      </input_file>
      <input_file id="fl-11">
         <path>D:\instalki\ti\ccsv6\tools\compiler\c6000_7.4.14\lib\</path>
         <kind>archive</kind>
         <file>rts67plus.lib</file>
         <name>lowlev.obj</name>
      </input_file>
      <input_file id="fl-12">
         <path>D:\instalki\ti\ccsv6\tools\compiler\c6000_7.4.14\lib\</path>
         <kind>archive</kind>
         <file>rts67plus.lib</file>
         <name>memcpy62.obj</name>
      </input_file>
      <input_file id="fl-13">
         <path>D:\instalki\ti\ccsv6\tools\compiler\c6000_7.4.14\lib\</path>
         <kind>archive</kind>
         <file>rts67plus.lib</file>
         <name>trgdrv.obj</name>
      </input_file>
      <input_file id="fl-14">
         <path>D:\instalki\ti\ccsv6\tools\compiler\c6000_7.4.14\lib\</path>
         <kind>archive</kind>
         <file>rts67plus.lib</file>
         <name>trgmsg.obj</name>
      </input_file>
      <input_file id="fl-15">
         <path>D:\instalki\ti\ccsv6\tools\compiler\c6000_7.4.14\lib\</path>
         <kind>archive</kind>
         <file>rts67plus.lib</file>
         <name>_io_perm.obj</name>
      </input_file>
      <input_file id="fl-16">
         <path>D:\instalki\ti\ccsv6\tools\compiler\c6000_7.4.14\lib\</path>
         <kind>archive</kind>
         <file>rts67plus.lib</file>
         <name>_lock.obj</name>
      </input_file>
      <input_file id="fl-17">
         <path>D:\instalki\ti\ccsv6\tools\compiler\c6000_7.4.14\lib\</path>
         <kind>archive</kind>
         <file>rts67plus.lib</file>
         <name>_printfi.obj</name>
      </input_file>
      <input_file id="fl-18">
         <path>D:\instalki\ti\ccsv6\tools\compiler\c6000_7.4.14\lib\</path>
         <kind>archive</kind>
         <file>rts67plus.lib</file>
         <name>args_main.obj</name>
      </input_file>
      <input_file id="fl-19">
         <path>D:\instalki\ti\ccsv6\tools\compiler\c6000_7.4.14\lib\</path>
         <kind>archive</kind>
         <file>rts67plus.lib</file>
         <name>atoi.obj</name>
      </input_file>
      <input_file id="fl-1a">
         <path>D:\instalki\ti\ccsv6\tools\compiler\c6000_7.4.14\lib\</path>
         <kind>archive</kind>
         <file>rts67plus.lib</file>
         <name>autoinit.obj</name>
      </input_file>
      <input_file id="fl-1b">
         <path>D:\instalki\ti\ccsv6\tools\compiler\c6000_7.4.14\lib\</path>
         <kind>archive</kind>
         <file>rts67plus.lib</file>
         <name>cpp_init.obj</name>
      </input_file>
      <input_file id="fl-1c">
         <path>D:\instalki\ti\ccsv6\tools\compiler\c6000_7.4.14\lib\</path>
         <kind>archive</kind>
         <file>rts67plus.lib</file>
         <name>cpy_tbl.obj</name>
      </input_file>
      <input_file id="fl-1d">
         <path>D:\instalki\ti\ccsv6\tools\compiler\c6000_7.4.14\lib\</path>
         <kind>archive</kind>
         <file>rts67plus.lib</file>
         <name>ctype.obj</name>
      </input_file>
      <input_file id="fl-1e">
         <path>D:\instalki\ti\ccsv6\tools\compiler\c6000_7.4.14\lib\</path>
         <kind>archive</kind>
         <file>rts67plus.lib</file>
         <name>divd.obj</name>
      </input_file>
      <input_file id="fl-1f">
         <path>D:\instalki\ti\ccsv6\tools\compiler\c6000_7.4.14\lib\</path>
         <kind>archive</kind>
         <file>rts67plus.lib</file>
         <name>divu.obj</name>
      </input_file>
      <input_file id="fl-20">
         <path>D:\instalki\ti\ccsv6\tools\compiler\c6000_7.4.14\lib\</path>
         <kind>archive</kind>
         <file>rts67plus.lib</file>
         <name>fflush.obj</name>
      </input_file>
      <input_file id="fl-21">
         <path>D:\instalki\ti\ccsv6\tools\compiler\c6000_7.4.14\lib\</path>
         <kind>archive</kind>
         <file>rts67plus.lib</file>
         <name>fixdli.obj</name>
      </input_file>
      <input_file id="fl-22">
         <path>D:\instalki\ti\ccsv6\tools\compiler\c6000_7.4.14\lib\</path>
         <kind>archive</kind>
         <file>rts67plus.lib</file>
         <name>fltlid.obj</name>
      </input_file>
      <input_file id="fl-23">
         <path>D:\instalki\ti\ccsv6\tools\compiler\c6000_7.4.14\lib\</path>
         <kind>archive</kind>
         <file>rts67plus.lib</file>
         <name>frcmpyd_div.obj</name>
      </input_file>
      <input_file id="fl-24">
         <path>D:\instalki\ti\ccsv6\tools\compiler\c6000_7.4.14\lib\</path>
         <kind>archive</kind>
         <file>rts67plus.lib</file>
         <name>fseek.obj</name>
      </input_file>
      <input_file id="fl-25">
         <path>D:\instalki\ti\ccsv6\tools\compiler\c6000_7.4.14\lib\</path>
         <kind>archive</kind>
         <file>rts67plus.lib</file>
         <name>imath40.obj</name>
      </input_file>
      <input_file id="fl-26">
         <path>D:\instalki\ti\ccsv6\tools\compiler\c6000_7.4.14\lib\</path>
         <kind>archive</kind>
         <file>rts67plus.lib</file>
         <name>imath64.obj</name>
      </input_file>
      <input_file id="fl-27">
         <path>D:\instalki\ti\ccsv6\tools\compiler\c6000_7.4.14\lib\</path>
         <kind>archive</kind>
         <file>rts67plus.lib</file>
         <name>isinf.obj</name>
      </input_file>
      <input_file id="fl-28">
         <path>D:\instalki\ti\ccsv6\tools\compiler\c6000_7.4.14\lib\</path>
         <kind>archive</kind>
         <file>rts67plus.lib</file>
         <name>llshift.obj</name>
      </input_file>
      <input_file id="fl-29">
         <path>D:\instalki\ti\ccsv6\tools\compiler\c6000_7.4.14\lib\</path>
         <kind>archive</kind>
         <file>rts67plus.lib</file>
         <name>ltoa.obj</name>
      </input_file>
      <input_file id="fl-2a">
         <path>D:\instalki\ti\ccsv6\tools\compiler\c6000_7.4.14\lib\</path>
         <kind>archive</kind>
         <file>rts67plus.lib</file>
         <name>memccpy.obj</name>
      </input_file>
      <input_file id="fl-2b">
         <path>D:\instalki\ti\ccsv6\tools\compiler\c6000_7.4.14\lib\</path>
         <kind>archive</kind>
         <file>rts67plus.lib</file>
         <name>memset.obj</name>
      </input_file>
      <input_file id="fl-2c">
         <path>D:\instalki\ti\ccsv6\tools\compiler\c6000_7.4.14\lib\</path>
         <kind>archive</kind>
         <file>rts67plus.lib</file>
         <name>mpyll.obj</name>
      </input_file>
      <input_file id="fl-2d">
         <path>D:\instalki\ti\ccsv6\tools\compiler\c6000_7.4.14\lib\</path>
         <kind>archive</kind>
         <file>rts67plus.lib</file>
         <name>negll.obj</name>
      </input_file>
      <input_file id="fl-2e">
         <path>D:\instalki\ti\ccsv6\tools\compiler\c6000_7.4.14\lib\</path>
         <kind>archive</kind>
         <file>rts67plus.lib</file>
         <name>setvbuf.obj</name>
      </input_file>
      <input_file id="fl-2f">
         <path>D:\instalki\ti\ccsv6\tools\compiler\c6000_7.4.14\lib\</path>
         <kind>archive</kind>
         <file>rts67plus.lib</file>
         <name>abs.obj</name>
      </input_file>
      <input_file id="fl-30">
         <path>D:\instalki\ti\ccsv6\tools\compiler\c6000_7.4.14\lib\</path>
         <kind>archive</kind>
         <file>rts67plus.lib</file>
         <name>fopen.obj</name>
      </input_file>
      <input_file id="fl-31">
         <path>D:\instalki\ti\ccsv6\tools\compiler\c6000_7.4.14\lib\</path>
         <kind>archive</kind>
         <file>rts67plus.lib</file>
         <name>memory.obj</name>
      </input_file>
      <input_file id="fl-32">
         <path>D:\instalki\ti\ccsv6\tools\compiler\c6000_7.4.14\lib\</path>
         <kind>archive</kind>
         <file>rts67plus.lib</file>
         <name>fclose.obj</name>
      </input_file>
      <input_file id="fl-33">
         <path>D:\instalki\ti\ccsv6\tools\compiler\c6000_7.4.14\lib\</path>
         <kind>archive</kind>
         <file>rts67plus.lib</file>
         <name>remove.obj</name>
      </input_file>
      <input_file id="fl-34">
         <path>D:\instalki\ti\ccsv6\tools\compiler\c6000_7.4.14\C672x\lib\</path>
         <kind>archive</kind>
         <file>csl_c6727_CCS6d.lib</file>
         <name>csl_mcaspHwSetup.obj</name>
      </input_file>
      <input_file id="fl-35">
         <path>D:\instalki\ti\ccsv6\tools\compiler\c6000_7.4.14\C672x\lib\</path>
         <kind>archive</kind>
         <file>csl_c6727_CCS6d.lib</file>
         <name>csl_mcaspOpen.obj</name>
      </input_file>
      <input_file id="fl-36">
         <path>D:\instalki\ti\ccsv6\tools\compiler\c6000_7.4.14\C672x\lib\</path>
         <kind>archive</kind>
         <file>csl_c6727_CCS6d.lib</file>
         <name>csl_intcEventEnable.obj</name>
      </input_file>
      <input_file id="fl-37">
         <path>D:\instalki\ti\ccsv6\tools\compiler\c6000_7.4.14\C672x\lib\</path>
         <kind>archive</kind>
         <file>csl_c6727_CCS6d.lib</file>
         <name>csl_intcGlobalEnable.obj</name>
      </input_file>
      <input_file id="fl-38">
         <path>D:\instalki\ti\ccsv6\tools\compiler\c6000_7.4.14\C672x\lib\</path>
         <kind>archive</kind>
         <file>csl_c6727_CCS6d.lib</file>
         <name>csl_intcHookIsr.obj</name>
      </input_file>
      <input_file id="fl-39">
         <path>D:\instalki\ti\ccsv6\tools\compiler\c6000_7.4.14\C672x\lib\</path>
         <kind>archive</kind>
         <file>csl_c6727_CCS6d.lib</file>
         <name>csl_intcInit.obj</name>
      </input_file>
      <input_file id="fl-3a">
         <path>D:\instalki\ti\ccsv6\tools\compiler\c6000_7.4.14\C672x\lib\</path>
         <kind>archive</kind>
         <file>csl_c6727_CCS6d.lib</file>
         <name>csl_intcOpen.obj</name>
      </input_file>
      <input_file id="fl-3b">
         <path>D:\instalki\ti\ccsv6\tools\compiler\c6000_7.4.14\C672x\lib\</path>
         <kind>archive</kind>
         <file>csl_c6727_CCS6d.lib</file>
         <name>csl_intcSetVectorPtr.obj</name>
      </input_file>
      <input_file id="fl-3c">
         <path>D:\instalki\ti\ccsv6\tools\compiler\c6000_7.4.14\C672x\lib\</path>
         <kind>archive</kind>
         <file>csl_c6727_CCS6d.lib</file>
         <name>csl_dmaxClose.obj</name>
      </input_file>
      <input_file id="fl-3d">
         <path>D:\instalki\ti\ccsv6\tools\compiler\c6000_7.4.14\C672x\lib\</path>
         <kind>archive</kind>
         <file>csl_c6727_CCS6d.lib</file>
         <name>csl_dmaxHwControl.obj</name>
      </input_file>
      <input_file id="fl-3e">
         <path>D:\instalki\ti\ccsv6\tools\compiler\c6000_7.4.14\C672x\lib\</path>
         <kind>archive</kind>
         <file>csl_c6727_CCS6d.lib</file>
         <name>csl_dmaxHwSetup.obj</name>
      </input_file>
      <input_file id="fl-3f">
         <path>D:\instalki\ti\ccsv6\tools\compiler\c6000_7.4.14\C672x\lib\</path>
         <kind>archive</kind>
         <file>csl_c6727_CCS6d.lib</file>
         <name>csl_dmaxHwSetup1dParam.obj</name>
      </input_file>
      <input_file id="fl-40">
         <path>D:\instalki\ti\ccsv6\tools\compiler\c6000_7.4.14\C672x\lib\</path>
         <kind>archive</kind>
         <file>csl_c6727_CCS6d.lib</file>
         <name>csl_dmaxHwSetupFifoParam.obj</name>
      </input_file>
      <input_file id="fl-41">
         <path>D:\instalki\ti\ccsv6\tools\compiler\c6000_7.4.14\C672x\lib\</path>
         <kind>archive</kind>
         <file>csl_c6727_CCS6d.lib</file>
         <name>csl_dmaxHwSetupGpParam.obj</name>
      </input_file>
      <input_file id="fl-42">
         <path>D:\instalki\ti\ccsv6\tools\compiler\c6000_7.4.14\C672x\lib\</path>
         <kind>archive</kind>
         <file>csl_c6727_CCS6d.lib</file>
         <name>csl_dmaxHwSetupSpiParam.obj</name>
      </input_file>
      <input_file id="fl-43">
         <path>D:\instalki\ti\ccsv6\tools\compiler\c6000_7.4.14\C672x\lib\</path>
         <kind>archive</kind>
         <file>csl_c6727_CCS6d.lib</file>
         <name>csl_dmaxInit.obj</name>
      </input_file>
      <input_file id="fl-44">
         <path>D:\instalki\ti\ccsv6\tools\compiler\c6000_7.4.14\C672x\lib\</path>
         <kind>archive</kind>
         <file>csl_c6727_CCS6d.lib</file>
         <name>csl_dmaxOpen.obj</name>
      </input_file>
      <input_file id="fl-45">
         <path>D:\instalki\ti\ccsv6\tools\compiler\c6000_7.4.14\C672x\lib\</path>
         <kind>archive</kind>
         <file>csl_c6727_CCS6d.lib</file>
         <name>csl_dmaxSetDetr.obj</name>
      </input_file>
      <input_file id="fl-46">
         <path>D:\instalki\ti\ccsv6\tools\compiler\c6000_7.4.14\C672x\lib\</path>
         <kind>archive</kind>
         <file>csl_c6727_CCS6d.lib</file>
         <name>csl_dmaxGetBaseAddress.obj</name>
      </input_file>
      <input_file id="fl-47">
         <path>D:\instalki\ti\ccsv6\tools\compiler\c6000_7.4.14\C672x\lib\</path>
         <kind>archive</kind>
         <file>csl_c6727_CCS6d.lib</file>
         <name>csl_chipInit.obj</name>
      </input_file>
      <input_file id="fl-48">
         <path>D:\instalki\ti\ccsv6\tools\compiler\c6000_7.4.14\C672x\lib\</path>
         <kind>archive</kind>
         <file>csl_c6727_CCS6d.lib</file>
         <name>csl_mcaspGetChipCtxt.obj</name>
      </input_file>
      <input_file id="fl-49">
         <path>D:\instalki\ti\ccsv6\tools\compiler\c6000_7.4.14\C672x\lib\</path>
         <kind>archive</kind>
         <file>csl_c6727_CCS6d.lib</file>
         <name>_CSL_eventEnorDisable.obj</name>
      </input_file>
      <input_file id="fl-4a">
         <path>D:\instalki\ti\ccsv6\tools\compiler\c6000_7.4.14\C672x\lib\</path>
         <kind>archive</kind>
         <file>csl_c6727_CCS6d.lib</file>
         <name>_CSL_intcFetchPacket.obj</name>
      </input_file>
      <input_file id="fl-4b">
         <path>D:\instalki\ti\ccsv6\tools\compiler\c6000_7.4.14\C672x\lib\</path>
         <kind>archive</kind>
         <file>csl_c6727_CCS6d.lib</file>
         <name>_CSL_intcGlobalEnorDisable.obj</name>
      </input_file>
      <input_file id="fl-4c">
         <path>D:\instalki\ti\ccsv6\tools\compiler\c6000_7.4.14\C672x\lib\</path>
         <kind>archive</kind>
         <file>csl_c6727_CCS6d.lib</file>
         <name>_CSL_intcISTP.obj</name>
      </input_file>
      <input_file id="fl-4d">
         <path>D:\instalki\ti\ccsv6\tools\compiler\c6000_7.4.14\C672x\lib\</path>
         <kind>archive</kind>
         <file>csl_c6727_CCS6d.lib</file>
         <name>_CSL_intcReadISTP.obj</name>
      </input_file>
      <input_file id="fl-4e">
         <path>D:\instalki\ti\ccsv6\tools\compiler\c6000_7.4.14\C672x\lib\</path>
         <kind>archive</kind>
         <file>csl_c6727_CCS6d.lib</file>
         <name>csl_intcGlobalDisable.obj</name>
      </input_file>
      <input_file id="fl-4f">
         <path>D:\instalki\ti\ccsv6\tools\compiler\c6000_7.4.14\C672x\lib\</path>
         <kind>archive</kind>
         <file>csl_c6727_CCS6d.lib</file>
         <name>csl_intcGlobalRestore.obj</name>
      </input_file>
      <input_file id="fl-50">
         <path>D:\instalki\ti\ccsv6\tools\compiler\c6000_7.4.14\C672x\lib\</path>
         <kind>archive</kind>
         <file>csl_c6727_CCS6d.lib</file>
         <name>CSL_dmaxGetNextFreeParamEntry.obj</name>
      </input_file>
      <input_file id="fl-51">
         <path>D:\instalki\ti\ccsv6\tools\compiler\c6000_7.4.14\PADK\dsp\lib\</path>
         <kind>archive</kind>
         <file>PADK6d.lib</file>
         <name>PADK_GPIO.obj</name>
      </input_file>
      <input_file id="fl-52">
         <path>D:\instalki\ti\ccsv6\tools\compiler\c6000_7.4.14\PADK\dsp\lib\</path>
         <kind>archive</kind>
         <file>PADK6d.lib</file>
         <name>PADK_I2C.obj</name>
      </input_file>
      <input_file id="fl-53">
         <path>D:\instalki\ti\ccsv6\tools\compiler\c6000_7.4.14\PADK\dsp\lib\</path>
         <kind>archive</kind>
         <file>PADK6d.lib</file>
         <name>PADK_MIDI.obj</name>
      </input_file>
      <input_file id="fl-54">
         <path>D:\instalki\ti\ccsv6\tools\compiler\c6000_7.4.14\PADK\dsp\lib\</path>
         <kind>archive</kind>
         <file>PADK6d.lib</file>
         <name>PADK_UART.obj</name>
      </input_file>
      <input_file id="fl-55">
         <path>D:\instalki\ti\ccsv6\tools\compiler\c6000_7.4.14\lib\</path>
         <kind>archive</kind>
         <file>rts67plus.lib</file>
         <name>strasg.obj</name>
      </input_file>
      <input_file id="fl-56">
         <path>D:\instalki\ti\ccsv6\tools\compiler\c6000_7.4.14\C672x\lib\</path>
         <kind>archive</kind>
         <file>csl_c6727_CCS6d.lib</file>
         <name>csl_i2cClose.obj</name>
      </input_file>
      <input_file id="fl-57">
         <path>D:\instalki\ti\ccsv6\tools\compiler\c6000_7.4.14\C672x\lib\</path>
         <kind>archive</kind>
         <file>csl_c6727_CCS6d.lib</file>
         <name>csl_i2cGetHwStatus.obj</name>
      </input_file>
      <input_file id="fl-58">
         <path>D:\instalki\ti\ccsv6\tools\compiler\c6000_7.4.14\C672x\lib\</path>
         <kind>archive</kind>
         <file>csl_c6727_CCS6d.lib</file>
         <name>csl_i2cHwControl.obj</name>
      </input_file>
      <input_file id="fl-59">
         <path>D:\instalki\ti\ccsv6\tools\compiler\c6000_7.4.14\C672x\lib\</path>
         <kind>archive</kind>
         <file>csl_c6727_CCS6d.lib</file>
         <name>csl_i2cHwSetup.obj</name>
      </input_file>
      <input_file id="fl-5a">
         <path>D:\instalki\ti\ccsv6\tools\compiler\c6000_7.4.14\C672x\lib\</path>
         <kind>archive</kind>
         <file>csl_c6727_CCS6d.lib</file>
         <name>csl_i2cHwSetupRaw.obj</name>
      </input_file>
      <input_file id="fl-5b">
         <path>D:\instalki\ti\ccsv6\tools\compiler\c6000_7.4.14\C672x\lib\</path>
         <kind>archive</kind>
         <file>csl_c6727_CCS6d.lib</file>
         <name>csl_i2cInit.obj</name>
      </input_file>
      <input_file id="fl-5c">
         <path>D:\instalki\ti\ccsv6\tools\compiler\c6000_7.4.14\C672x\lib\</path>
         <kind>archive</kind>
         <file>csl_c6727_CCS6d.lib</file>
         <name>csl_i2cOpen.obj</name>
      </input_file>
      <input_file id="fl-5d">
         <path>D:\instalki\ti\ccsv6\tools\compiler\c6000_7.4.14\C672x\lib\</path>
         <kind>archive</kind>
         <file>csl_c6727_CCS6d.lib</file>
         <name>csl_i2cGetBaseAddress.obj</name>
      </input_file>
   </input_file_list>
   <object_component_list>
      <object_component id="oc-de">
         <name>.text</name>
         <load_address>0x10001c00</load_address>
         <run_address>0x10001c00</run_address>
         <size>0x1340</size>
         <input_file_ref idref="fl-52"/>
      </object_component>
      <object_component id="oc-e8">
         <name>.text:csl_section:mcasp</name>
         <load_address>0x10002f40</load_address>
         <run_address>0x10002f40</run_address>
         <size>0x940</size>
         <input_file_ref idref="fl-34"/>
      </object_component>
      <object_component id="oc-104">
         <name>.text</name>
         <load_address>0x10003880</load_address>
         <run_address>0x10003880</run_address>
         <size>0x740</size>
         <input_file_ref idref="fl-3d"/>
      </object_component>
      <object_component id="oc-ea">
         <name>.text:csl_section:dmax</name>
         <load_address>0x10003fc0</load_address>
         <run_address>0x10003fc0</run_address>
         <size>0x6c0</size>
         <input_file_ref idref="fl-3e"/>
      </object_component>
      <object_component id="oc-122">
         <name>.text:__getarg_diouxp</name>
         <load_address>0x10004680</load_address>
         <run_address>0x10004680</run_address>
         <size>0x6a0</size>
         <input_file_ref idref="fl-17"/>
      </object_component>
      <object_component id="oc-12e">
         <name>.text:__divd</name>
         <load_address>0x10004d20</load_address>
         <run_address>0x10004d20</run_address>
         <size>0x660</size>
         <input_file_ref idref="fl-1e"/>
      </object_component>
      <object_component id="oc-110">
         <name>.text:__setfield</name>
         <load_address>0x10005380</load_address>
         <run_address>0x10005380</run_address>
         <size>0x600</size>
         <input_file_ref idref="fl-17"/>
      </object_component>
      <object_component id="oc-108">
         <name>.text</name>
         <load_address>0x10005980</load_address>
         <run_address>0x10005980</run_address>
         <size>0x600</size>
         <input_file_ref idref="fl-58"/>
      </object_component>
      <object_component id="oc-e3">
         <name>.text</name>
         <load_address>0x10005f80</load_address>
         <run_address>0x10005f80</run_address>
         <size>0x560</size>
         <input_file_ref idref="fl-53"/>
      </object_component>
      <object_component id="oc-ce">
         <name>.text</name>
         <load_address>0x100064e0</load_address>
         <run_address>0x100064e0</run_address>
         <size>0x560</size>
         <input_file_ref idref="fl-54"/>
      </object_component>
      <object_component id="oc-fc">
         <name>.text:__printfi</name>
         <load_address>0x10006a40</load_address>
         <run_address>0x10006a40</run_address>
         <size>0x520</size>
         <input_file_ref idref="fl-17"/>
      </object_component>
      <object_component id="oc-10c">
         <name>.text:_fputs</name>
         <load_address>0x10006f60</load_address>
         <run_address>0x10006f60</run_address>
         <size>0x4a0</size>
         <input_file_ref idref="fl-10"/>
      </object_component>
      <object_component id="oc-10a">
         <name>.text</name>
         <load_address>0x10007400</load_address>
         <run_address>0x10007400</run_address>
         <size>0x480</size>
         <input_file_ref idref="fl-57"/>
      </object_component>
      <object_component id="oc-cf">
         <name>.text</name>
         <load_address>0x10007880</load_address>
         <run_address>0x10007880</run_address>
         <size>0x420</size>
         <input_file_ref idref="fl-51"/>
      </object_component>
      <object_component id="oc-db">
         <name>.text</name>
         <load_address>0x10007ca0</load_address>
         <run_address>0x10007ca0</run_address>
         <size>0x400</size>
         <input_file_ref idref="fl-3"/>
      </object_component>
      <object_component id="oc-117">
         <name>.text:__pproc_fge</name>
         <load_address>0x100080a0</load_address>
         <run_address>0x100080a0</run_address>
         <size>0x3e0</size>
         <input_file_ref idref="fl-17"/>
      </object_component>
      <object_component id="oc-16">
         <name>.text:retain</name>
         <load_address>0x10008480</load_address>
         <run_address>0x10008480</run_address>
         <size>0x3e0</size>
         <input_file_ref idref="fl-3"/>
      </object_component>
      <object_component id="oc-e9">
         <name>.text:csl_section:dmax</name>
         <load_address>0x10008860</load_address>
         <run_address>0x10008860</run_address>
         <size>0x3c0</size>
         <input_file_ref idref="fl-44"/>
      </object_component>
      <object_component id="oc-ec">
         <name>.text:csl_section:intc</name>
         <load_address>0x10008c20</load_address>
         <run_address>0x10008c20</run_address>
         <size>0x3c0</size>
         <input_file_ref idref="fl-38"/>
      </object_component>
      <object_component id="oc-12c">
         <name>.text:_fcvt</name>
         <load_address>0x10008fe0</load_address>
         <run_address>0x10008fe0</run_address>
         <size>0x3a0</size>
         <input_file_ref idref="fl-17"/>
      </object_component>
      <object_component id="oc-129">
         <name>.text:_ecvt</name>
         <load_address>0x10009380</load_address>
         <run_address>0x10009380</run_address>
         <size>0x380</size>
         <input_file_ref idref="fl-17"/>
      </object_component>
      <object_component id="oc-10f">
         <name>.text:__pproc_fwp</name>
         <load_address>0x10009700</load_address>
         <run_address>0x10009700</run_address>
         <size>0x360</size>
         <input_file_ref idref="fl-17"/>
      </object_component>
      <object_component id="oc-126">
         <name>.text:_free</name>
         <load_address>0x10009a60</load_address>
         <run_address>0x10009a60</run_address>
         <size>0x360</size>
         <input_file_ref idref="fl-31"/>
      </object_component>
      <object_component id="oc-100">
         <name>.text:csl_section:dmax</name>
         <load_address>0x10009dc0</load_address>
         <run_address>0x10009dc0</run_address>
         <size>0x340</size>
         <input_file_ref idref="fl-41"/>
      </object_component>
      <object_component id="oc-121">
         <name>.text:__pconv_e</name>
         <load_address>0x1000a100</load_address>
         <run_address>0x1000a100</run_address>
         <size>0x300</size>
         <input_file_ref idref="fl-17"/>
      </object_component>
      <object_component id="oc-13a">
         <name>.text:__divull</name>
         <load_address>0x1000a400</load_address>
         <run_address>0x1000a400</run_address>
         <size>0x2e0</size>
         <input_file_ref idref="fl-26"/>
      </object_component>
      <object_component id="oc-118">
         <name>.text:__pproc_diouxp</name>
         <load_address>0x1000a6e0</load_address>
         <run_address>0x1000a6e0</run_address>
         <size>0x2e0</size>
         <input_file_ref idref="fl-17"/>
      </object_component>
      <object_component id="oc-f5">
         <name>.text:csl_section:i2c</name>
         <load_address>0x1000a9c0</load_address>
         <run_address>0x1000a9c0</run_address>
         <size>0x2e0</size>
         <input_file_ref idref="fl-57"/>
      </object_component>
      <object_component id="oc-f3">
         <name>.text:csl_section:i2c</name>
         <load_address>0x1000aca0</load_address>
         <run_address>0x1000aca0</run_address>
         <size>0x2e0</size>
         <input_file_ref idref="fl-59"/>
      </object_component>
      <object_component id="oc-111">
         <name>.text:__pproc_str</name>
         <load_address>0x1000af80</load_address>
         <run_address>0x1000af80</run_address>
         <size>0x2a0</size>
         <input_file_ref idref="fl-17"/>
      </object_component>
      <object_component id="oc-11b">
         <name>.text:_setvbuf</name>
         <load_address>0x1000b220</load_address>
         <run_address>0x1000b220</run_address>
         <size>0x2a0</size>
         <input_file_ref idref="fl-2e"/>
      </object_component>
      <object_component id="oc-f4">
         <name>.text:csl_section:i2c</name>
         <load_address>0x1000b4c0</load_address>
         <run_address>0x1000b4c0</run_address>
         <size>0x2a0</size>
         <input_file_ref idref="fl-58"/>
      </object_component>
      <object_component id="oc-11f">
         <name>.text:__pconv_g</name>
         <load_address>0x1000b760</load_address>
         <run_address>0x1000b760</run_address>
         <size>0x280</size>
         <input_file_ref idref="fl-17"/>
      </object_component>
      <object_component id="oc-10d">
         <name>.text:_fputc</name>
         <load_address>0x1000b9e0</load_address>
         <run_address>0x1000b9e0</run_address>
         <size>0x280</size>
         <input_file_ref idref="fl-f"/>
      </object_component>
      <object_component id="oc-f7">
         <name>.text:csl_section:i2c</name>
         <load_address>0x1000bc60</load_address>
         <run_address>0x1000bc60</run_address>
         <size>0x240</size>
         <input_file_ref idref="fl-5a"/>
      </object_component>
      <object_component id="oc-d6">
         <name>.text:_HOSTrename</name>
         <load_address>0x1000bea0</load_address>
         <run_address>0x1000bea0</run_address>
         <size>0x220</size>
         <input_file_ref idref="fl-13"/>
      </object_component>
      <object_component id="oc-12b">
         <name>.text:__mcpy</name>
         <load_address>0x1000c0c0</load_address>
         <run_address>0x1000c0c0</run_address>
         <size>0x220</size>
         <input_file_ref idref="fl-17"/>
      </object_component>
      <object_component id="oc-127">
         <name>.text:_malloc</name>
         <load_address>0x1000c2e0</load_address>
         <run_address>0x1000c2e0</run_address>
         <size>0x220</size>
         <input_file_ref idref="fl-31"/>
      </object_component>
      <object_component id="oc-d9">
         <name>.text:_memcpy</name>
         <load_address>0x1000c500</load_address>
         <run_address>0x1000c500</run_address>
         <size>0x200</size>
         <input_file_ref idref="fl-12"/>
      </object_component>
      <object_component id="oc-139">
         <name>.text:__divul</name>
         <load_address>0x1000c700</load_address>
         <run_address>0x1000c700</run_address>
         <size>0x1c0</size>
         <input_file_ref idref="fl-25"/>
      </object_component>
      <object_component id="oc-142">
         <name>.text:_getdevice</name>
         <load_address>0x1000c8c0</load_address>
         <run_address>0x1000c8c0</run_address>
         <size>0x1c0</size>
         <input_file_ref idref="fl-11"/>
      </object_component>
      <object_component id="oc-11a">
         <name>.text:_fseek</name>
         <load_address>0x1000ca80</load_address>
         <run_address>0x1000ca80</run_address>
         <size>0x1a0</size>
         <input_file_ref idref="fl-24"/>
      </object_component>
      <object_component id="oc-eb">
         <name>.text:csl_section:dmax</name>
         <load_address>0x1000cc20</load_address>
         <run_address>0x1000cc20</run_address>
         <size>0x1a0</size>
         <input_file_ref idref="fl-3d"/>
      </object_component>
      <object_component id="oc-124">
         <name>.text:__ltostr</name>
         <load_address>0x1000cdc0</load_address>
         <run_address>0x1000cdc0</run_address>
         <size>0x180</size>
         <input_file_ref idref="fl-17"/>
      </object_component>
      <object_component id="oc-10e">
         <name>.text:__pproc_fflags</name>
         <load_address>0x1000cf40</load_address>
         <run_address>0x1000cf40</run_address>
         <size>0x180</size>
         <input_file_ref idref="fl-17"/>
      </object_component>
      <object_component id="oc-133">
         <name>.text:__closefile</name>
         <load_address>0x1000d0c0</load_address>
         <run_address>0x1000d0c0</run_address>
         <size>0x160</size>
         <input_file_ref idref="fl-32"/>
      </object_component>
      <object_component id="oc-ff">
         <name>.text</name>
         <load_address>0x1000d220</load_address>
         <run_address>0x1000d220</run_address>
         <size>0x160</size>
         <input_file_ref idref="fl-50"/>
      </object_component>
      <object_component id="oc-101">
         <name>.text:csl_section:dmax</name>
         <load_address>0x1000d380</load_address>
         <run_address>0x1000d380</run_address>
         <size>0x160</size>
         <input_file_ref idref="fl-40"/>
      </object_component>
      <object_component id="oc-e6">
         <name>.text:csl_section:intc</name>
         <load_address>0x1000d4e0</load_address>
         <run_address>0x1000d4e0</run_address>
         <size>0x160</size>
         <input_file_ref idref="fl-3a"/>
      </object_component>
      <object_component id="oc-fd">
         <name>.text:csl_section:mcasp</name>
         <load_address>0x1000d640</load_address>
         <run_address>0x1000d640</run_address>
         <size>0x160</size>
         <input_file_ref idref="fl-48"/>
      </object_component>
      <object_component id="oc-d4">
         <name>.text:_HOSTlseek</name>
         <load_address>0x1000d7a0</load_address>
         <run_address>0x1000d7a0</run_address>
         <size>0x140</size>
         <input_file_ref idref="fl-13"/>
      </object_component>
      <object_component id="oc-116">
         <name>.text:_atoi</name>
         <load_address>0x1000d8e0</load_address>
         <run_address>0x1000d8e0</run_address>
         <size>0x140</size>
         <input_file_ref idref="fl-19"/>
      </object_component>
      <object_component id="oc-106">
         <name>.text:csl_section:dmax</name>
         <load_address>0x1000da20</load_address>
         <run_address>0x1000da20</run_address>
         <size>0x140</size>
         <input_file_ref idref="fl-3c"/>
      </object_component>
      <object_component id="oc-d0">
         <name>.text:_HOSTopen</name>
         <load_address>0x1000db60</load_address>
         <run_address>0x1000db60</run_address>
         <size>0x120</size>
         <input_file_ref idref="fl-13"/>
      </object_component>
      <object_component id="oc-d2">
         <name>.text:_HOSTread</name>
         <load_address>0x1000dc80</load_address>
         <run_address>0x1000dc80</run_address>
         <size>0x120</size>
         <input_file_ref idref="fl-13"/>
      </object_component>
      <object_component id="oc-d3">
         <name>.text:_HOSTwrite</name>
         <load_address>0x1000dda0</load_address>
         <run_address>0x1000dda0</run_address>
         <size>0x120</size>
         <input_file_ref idref="fl-13"/>
      </object_component>
      <object_component id="oc-138">
         <name>.text:__frcmpyd_div</name>
         <load_address>0x1000dec0</load_address>
         <run_address>0x1000dec0</run_address>
         <size>0x120</size>
         <input_file_ref idref="fl-23"/>
      </object_component>
      <object_component id="oc-113">
         <name>.text:__wrt_ok</name>
         <load_address>0x1000dfe0</load_address>
         <run_address>0x1000dfe0</run_address>
         <size>0x120</size>
         <input_file_ref idref="fl-15"/>
      </object_component>
      <object_component id="oc-13b">
         <name>.text:_close</name>
         <load_address>0x1000e100</load_address>
         <run_address>0x1000e100</run_address>
         <size>0x120</size>
         <input_file_ref idref="fl-11"/>
      </object_component>
      <object_component id="oc-e4">
         <name>.text:_fprintf</name>
         <load_address>0x1000e220</load_address>
         <run_address>0x1000e220</run_address>
         <size>0x120</size>
         <input_file_ref idref="fl-e"/>
      </object_component>
      <object_component id="oc-135">
         <name>.text:_ltoa</name>
         <load_address>0x1000e340</load_address>
         <run_address>0x1000e340</run_address>
         <size>0x120</size>
         <input_file_ref idref="fl-29"/>
      </object_component>
      <object_component id="oc-f0">
         <name>.text:_memset</name>
         <load_address>0x1000e460</load_address>
         <run_address>0x1000e460</run_address>
         <size>0x120</size>
         <input_file_ref idref="fl-2b"/>
      </object_component>
      <object_component id="oc-f2">
         <name>.text:csl_section:i2c</name>
         <load_address>0x1000e580</load_address>
         <run_address>0x1000e580</run_address>
         <size>0x120</size>
         <input_file_ref idref="fl-5c"/>
      </object_component>
      <object_component id="oc-e7">
         <name>.text:csl_section:mcasp</name>
         <load_address>0x1000e6a0</load_address>
         <run_address>0x1000e6a0</run_address>
         <size>0x120</size>
         <input_file_ref idref="fl-35"/>
      </object_component>
      <object_component id="oc-d5">
         <name>.text:_HOSTunlink</name>
         <load_address>0x1000e7c0</load_address>
         <run_address>0x1000e7c0</run_address>
         <size>0x100</size>
         <input_file_ref idref="fl-13"/>
      </object_component>
      <object_component id="oc-cb">
         <name>.text:__auto_init</name>
         <load_address>0x1000e8c0</load_address>
         <run_address>0x1000e8c0</run_address>
         <size>0x100</size>
         <input_file_ref idref="fl-1a"/>
      </object_component>
      <object_component id="oc-12f">
         <name>.text:__div</name>
         <load_address>0x1000e9c0</load_address>
         <run_address>0x1000e9c0</run_address>
         <size>0x100</size>
         <input_file_ref idref="fl-17"/>
      </object_component>
      <object_component id="oc-120">
         <name>.text:__pconv_f</name>
         <load_address>0x1000eac0</load_address>
         <run_address>0x1000eac0</run_address>
         <size>0x100</size>
         <input_file_ref idref="fl-17"/>
      </object_component>
      <object_component id="oc-f6">
         <name>.text:__strasgi</name>
         <load_address>0x1000ebc0</load_address>
         <run_address>0x1000ebc0</run_address>
         <size>0x100</size>
         <input_file_ref idref="fl-55"/>
      </object_component>
      <object_component id="oc-103">
         <name>.text:csl_section:dmax</name>
         <load_address>0x1000ecc0</load_address>
         <run_address>0x1000ecc0</run_address>
         <size>0x100</size>
         <input_file_ref idref="fl-42"/>
      </object_component>
      <object_component id="oc-d1">
         <name>.text:_HOSTclose</name>
         <load_address>0x1000edc0</load_address>
         <run_address>0x1000edc0</run_address>
         <size>0xe0</size>
         <input_file_ref idref="fl-13"/>
      </object_component>
      <object_component id="oc-128">
         <name>.text:__cleanup</name>
         <load_address>0x1000eea0</load_address>
         <run_address>0x1000eea0</run_address>
         <size>0xe0</size>
         <input_file_ref idref="fl-30"/>
      </object_component>
      <object_component id="oc-114">
         <name>.text:__doflush</name>
         <load_address>0x1000ef80</load_address>
         <run_address>0x1000ef80</run_address>
         <size>0xe0</size>
         <input_file_ref idref="fl-20"/>
      </object_component>
      <object_component id="oc-12d">
         <name>.text:__fcpy</name>
         <load_address>0x1000f060</load_address>
         <run_address>0x1000f060</run_address>
         <size>0xe0</size>
         <input_file_ref idref="fl-17"/>
      </object_component>
      <object_component id="oc-cd">
         <name>.text:_exit</name>
         <load_address>0x1000f140</load_address>
         <run_address>0x1000f140</run_address>
         <size>0xe0</size>
         <input_file_ref idref="fl-d"/>
      </object_component>
      <object_component id="oc-125">
         <name>.text:_lseek</name>
         <load_address>0x1000f220</load_address>
         <run_address>0x1000f220</run_address>
         <size>0xe0</size>
         <input_file_ref idref="fl-11"/>
      </object_component>
      <object_component id="oc-131">
         <name>.text:_mremove</name>
         <load_address>0x1000f300</load_address>
         <run_address>0x1000f300</run_address>
         <size>0xe0</size>
         <input_file_ref idref="fl-31"/>
      </object_component>
      <object_component id="oc-115">
         <name>.text:_write</name>
         <load_address>0x1000f3e0</load_address>
         <run_address>0x1000f3e0</run_address>
         <size>0xe0</size>
         <input_file_ref idref="fl-11"/>
      </object_component>
      <object_component id="oc-102">
         <name>.text:csl_section:dmax</name>
         <load_address>0x1000f4c0</load_address>
         <run_address>0x1000f4c0</run_address>
         <size>0xe0</size>
         <input_file_ref idref="fl-3f"/>
      </object_component>
      <object_component id="oc-ed">
         <name>.text:csl_section:intc</name>
         <load_address>0x1000f5a0</load_address>
         <run_address>0x1000f5a0</run_address>
         <size>0xe0</size>
         <input_file_ref idref="fl-36"/>
      </object_component>
      <object_component id="oc-e5">
         <name>.text:csl_section:intc</name>
         <load_address>0x1000f680</load_address>
         <run_address>0x1000f680</run_address>
         <size>0xe0</size>
         <input_file_ref idref="fl-39"/>
      </object_component>
      <object_component id="oc-13e">
         <name>.text:__divli</name>
         <load_address>0x1000f760</load_address>
         <run_address>0x1000f760</run_address>
         <size>0xc0</size>
         <input_file_ref idref="fl-25"/>
      </object_component>
      <object_component id="oc-dd">
         <name>.text:__divu</name>
         <load_address>0x1000f820</load_address>
         <run_address>0x1000f820</run_address>
         <size>0xc0</size>
         <input_file_ref idref="fl-1f"/>
      </object_component>
      <object_component id="oc-12a">
         <name>.text:__ecpy</name>
         <load_address>0x1000f8e0</load_address>
         <run_address>0x1000f8e0</run_address>
         <size>0xc0</size>
         <input_file_ref idref="fl-17"/>
      </object_component>
      <object_component id="oc-d8">
         <name>.text:_copy_in</name>
         <load_address>0x1000f9a0</load_address>
         <run_address>0x1000f9a0</run_address>
         <size>0xc0</size>
         <input_file_ref idref="fl-1c"/>
      </object_component>
      <object_component id="oc-143">
         <name>.text:_finddevice</name>
         <load_address>0x1000fa60</load_address>
         <run_address>0x1000fa60</run_address>
         <size>0xc0</size>
         <input_file_ref idref="fl-11"/>
      </object_component>
      <object_component id="oc-132">
         <name>.text:_minsert</name>
         <load_address>0x1000fb20</load_address>
         <run_address>0x1000fb20</run_address>
         <size>0xc0</size>
         <input_file_ref idref="fl-31"/>
      </object_component>
      <object_component id="oc-107">
         <name>.text:csl_section:i2c</name>
         <load_address>0x1000fbe0</load_address>
         <run_address>0x1000fbe0</run_address>
         <size>0xc0</size>
         <input_file_ref idref="fl-5d"/>
      </object_component>
      <object_component id="oc-134">
         <name>.text:__fixdli</name>
         <load_address>0x1000fca0</load_address>
         <run_address>0x1000fca0</run_address>
         <size>0xa0</size>
         <input_file_ref idref="fl-21"/>
      </object_component>
      <object_component id="oc-e0">
         <name>.text:_readmsg</name>
         <load_address>0x1000fd40</load_address>
         <run_address>0x1000fd40</run_address>
         <size>0xa0</size>
         <input_file_ref idref="fl-14"/>
      </object_component>
      <object_component id="oc-141">
         <name>.text:_unlink</name>
         <load_address>0x1000fde0</load_address>
         <run_address>0x1000fde0</run_address>
         <size>0xa0</size>
         <input_file_ref idref="fl-11"/>
      </object_component>
      <object_component id="oc-fe">
         <name>.text:csl_section:dmax</name>
         <load_address>0x1000fe80</load_address>
         <run_address>0x1000fe80</run_address>
         <size>0xa0</size>
         <input_file_ref idref="fl-46"/>
      </object_component>
      <object_component id="oc-da">
         <name>.text:___TI_cpp_init</name>
         <load_address>0x1000ff20</load_address>
         <run_address>0x1000ff20</run_address>
         <size>0x80</size>
         <input_file_ref idref="fl-1b"/>
      </object_component>
      <object_component id="oc-136">
         <name>.text:__fltlid</name>
         <load_address>0x1000ffa0</load_address>
         <run_address>0x1000ffa0</run_address>
         <size>0x80</size>
         <input_file_ref idref="fl-22"/>
      </object_component>
      <object_component id="oc-13f">
         <name>.text:__llshl</name>
         <load_address>0x10010020</load_address>
         <run_address>0x10010020</run_address>
         <size>0x80</size>
         <input_file_ref idref="fl-28"/>
      </object_component>
      <object_component id="oc-130">
         <name>.text:__mpyll</name>
         <load_address>0x100100a0</load_address>
         <run_address>0x100100a0</run_address>
         <size>0x80</size>
         <input_file_ref idref="fl-2c"/>
      </object_component>
      <object_component id="oc-10">
         <name>.text:_c_int00</name>
         <load_address>0x10010120</load_address>
         <run_address>0x10010120</run_address>
         <size>0x80</size>
         <input_file_ref idref="fl-b"/>
      </object_component>
      <object_component id="oc-119">
         <name>.text:_memccpy</name>
         <load_address>0x100101a0</load_address>
         <run_address>0x100101a0</run_address>
         <size>0x80</size>
         <input_file_ref idref="fl-2a"/>
      </object_component>
      <object_component id="oc-df">
         <name>.text:_writemsg</name>
         <load_address>0x10010220</load_address>
         <run_address>0x10010220</run_address>
         <size>0x80</size>
         <input_file_ref idref="fl-14"/>
      </object_component>
      <object_component id="oc-137">
         <name>.text:__llshru</name>
         <load_address>0x100102a0</load_address>
         <run_address>0x100102a0</run_address>
         <size>0x60</size>
         <input_file_ref idref="fl-28"/>
      </object_component>
      <object_component id="oc-13d">
         <name>.text:__remli</name>
         <load_address>0x10010300</load_address>
         <run_address>0x10010300</run_address>
         <size>0x60</size>
         <input_file_ref idref="fl-25"/>
      </object_component>
      <object_component id="oc-140">
         <name>.text:__subcull</name>
         <load_address>0x10010360</load_address>
         <run_address>0x10010360</run_address>
         <size>0x60</size>
         <input_file_ref idref="fl-26"/>
      </object_component>
      <object_component id="oc-ad">
         <name>.text</name>
         <load_address>0x100103c0</load_address>
         <run_address>0x100103c0</run_address>
         <size>0x60</size>
         <input_file_ref idref="fl-49"/>
      </object_component>
      <object_component id="oc-ef">
         <name>.text:csl_section:i2c</name>
         <load_address>0x10010420</load_address>
         <run_address>0x10010420</run_address>
         <size>0x60</size>
         <input_file_ref idref="fl-56"/>
      </object_component>
      <object_component id="oc-f8">
         <name>.text:csl_section:intc</name>
         <load_address>0x10010480</load_address>
         <run_address>0x10010480</run_address>
         <size>0x60</size>
         <input_file_ref idref="fl-4e"/>
      </object_component>
      <object_component id="oc-ee">
         <name>.text:csl_section:intc</name>
         <load_address>0x100104e0</load_address>
         <run_address>0x100104e0</run_address>
         <size>0x60</size>
         <input_file_ref idref="fl-37"/>
      </object_component>
      <object_component id="oc-f9">
         <name>.text:csl_section:intc</name>
         <load_address>0x10010540</load_address>
         <run_address>0x10010540</run_address>
         <size>0x60</size>
         <input_file_ref idref="fl-4f"/>
      </object_component>
      <object_component id="oc-e2">
         <name>.text:csl_section:intc</name>
         <load_address>0x100105a0</load_address>
         <run_address>0x100105a0</run_address>
         <size>0x60</size>
         <input_file_ref idref="fl-3b"/>
      </object_component>
      <object_component id="oc-11e">
         <name>.text:___isinf</name>
         <load_address>0x10010600</load_address>
         <run_address>0x10010600</run_address>
         <size>0x40</size>
         <input_file_ref idref="fl-27"/>
      </object_component>
      <object_component id="oc-11d">
         <name>.text:___isnan</name>
         <load_address>0x10010640</load_address>
         <run_address>0x10010640</run_address>
         <size>0x40</size>
         <input_file_ref idref="fl-17"/>
      </object_component>
      <object_component id="oc-cc">
         <name>.text:__args_main</name>
         <load_address>0x10010680</load_address>
         <run_address>0x10010680</run_address>
         <size>0x40</size>
         <input_file_ref idref="fl-18"/>
      </object_component>
      <object_component id="oc-af">
         <name>.text</name>
         <load_address>0x100106c0</load_address>
         <run_address>0x100106c0</run_address>
         <size>0x40</size>
         <input_file_ref idref="fl-4b"/>
      </object_component>
      <object_component id="oc-ac">
         <name>.text</name>
         <load_address>0x10010700</load_address>
         <run_address>0x10010700</run_address>
         <size>0x40</size>
         <input_file_ref idref="fl-45"/>
      </object_component>
      <object_component id="oc-123">
         <name>.text:__negll</name>
         <load_address>0x10010740</load_address>
         <run_address>0x10010740</run_address>
         <size>0x20</size>
         <input_file_ref idref="fl-2d"/>
      </object_component>
      <object_component id="oc-d7">
         <name>.text:__nop</name>
         <load_address>0x10010760</load_address>
         <run_address>0x10010760</run_address>
         <size>0x20</size>
         <input_file_ref idref="fl-16"/>
      </object_component>
      <object_component id="oc-fb">
         <name>.text:__outc</name>
         <load_address>0x10010780</load_address>
         <run_address>0x10010780</run_address>
         <size>0x20</size>
         <input_file_ref idref="fl-e"/>
      </object_component>
      <object_component id="oc-fa">
         <name>.text:__outs</name>
         <load_address>0x100107a0</load_address>
         <run_address>0x100107a0</run_address>
         <size>0x20</size>
         <input_file_ref idref="fl-e"/>
      </object_component>
      <object_component id="oc-dc">
         <name>.text:_abort</name>
         <load_address>0x100107c0</load_address>
         <run_address>0x100107c0</run_address>
         <size>0x20</size>
         <input_file_ref idref="fl-d"/>
      </object_component>
      <object_component id="oc-13c">
         <name>.text:_remove</name>
         <load_address>0x100107e0</load_address>
         <run_address>0x100107e0</run_address>
         <size>0x20</size>
         <input_file_ref idref="fl-33"/>
      </object_component>
      <object_component id="oc-ae">
         <name>.text</name>
         <load_address>0x10010800</load_address>
         <run_address>0x10010800</run_address>
         <size>0x20</size>
         <input_file_ref idref="fl-4a"/>
      </object_component>
      <object_component id="oc-b0">
         <name>.text</name>
         <load_address>0x10010820</load_address>
         <run_address>0x10010820</run_address>
         <size>0x20</size>
         <input_file_ref idref="fl-4c"/>
      </object_component>
      <object_component id="oc-b1">
         <name>.text</name>
         <load_address>0x10010840</load_address>
         <run_address>0x10010840</run_address>
         <size>0x20</size>
         <input_file_ref idref="fl-4d"/>
      </object_component>
      <object_component id="oc-e1">
         <name>.text:csl_section:chip</name>
         <load_address>0x10010860</load_address>
         <run_address>0x10010860</run_address>
         <size>0x20</size>
         <input_file_ref idref="fl-47"/>
      </object_component>
      <object_component id="oc-f1">
         <name>.text:csl_section:i2c</name>
         <load_address>0x10010880</load_address>
         <run_address>0x10010880</run_address>
         <size>0x20</size>
         <input_file_ref idref="fl-5b"/>
      </object_component>
      <object_component id="oc-15b">
         <name>.stack</name>
         <load_address>0x10011410</load_address>
         <run_address>0x10011410</run_address>
         <size>0x0</size>
      </object_component>
      <object_component id="oc-1c">
         <name>.stack</name>
         <load_address>0x10011410</load_address>
         <run_address>0x10011410</run_address>
         <size>0x8</size>
         <input_file_ref idref="fl-b"/>
      </object_component>
      <object_component id="oc-14">
         <name>.cinit</name>
         <load_address>0x10012410</load_address>
         <run_address>0x10012410</run_address>
         <size>0x50c</size>
         <input_file_ref idref="fl-3"/>
      </object_component>
      <object_component id="oc-20">
         <name>.cinit</name>
         <load_address>0x10012920</load_address>
         <run_address>0x10012920</run_address>
         <size>0x5c</size>
         <input_file_ref idref="fl-c"/>
      </object_component>
      <object_component id="oc-33">
         <name>.cinit</name>
         <load_address>0x10012980</load_address>
         <run_address>0x10012980</run_address>
         <size>0x5c</size>
         <input_file_ref idref="fl-11"/>
      </object_component>
      <object_component id="oc-b8">
         <name>.cinit</name>
         <load_address>0x100129e0</load_address>
         <run_address>0x100129e0</run_address>
         <size>0x48</size>
         <input_file_ref idref="fl-52"/>
      </object_component>
      <object_component id="oc-a6">
         <name>.cinit</name>
         <load_address>0x10012a28</load_address>
         <run_address>0x10012a28</run_address>
         <size>0x48</size>
         <input_file_ref idref="fl-39"/>
      </object_component>
      <object_component id="oc-24">
         <name>.cinit</name>
         <load_address>0x10012a70</load_address>
         <run_address>0x10012a70</run_address>
         <size>0x2c</size>
         <input_file_ref idref="fl-d"/>
      </object_component>
      <object_component id="oc-9b">
         <name>.cinit</name>
         <load_address>0x10012aa0</load_address>
         <run_address>0x10012aa0</run_address>
         <size>0x2c</size>
         <input_file_ref idref="fl-31"/>
      </object_component>
      <object_component id="oc-aa">
         <name>.cinit</name>
         <load_address>0x10012ad0</load_address>
         <run_address>0x10012ad0</run_address>
         <size>0x28</size>
         <input_file_ref idref="fl-43"/>
      </object_component>
      <object_component id="oc-46">
         <name>.cinit</name>
         <load_address>0x10012af8</load_address>
         <run_address>0x10012af8</run_address>
         <size>0x1c</size>
         <input_file_ref idref="fl-16"/>
      </object_component>
      <object_component id="oc-a8">
         <name>.cinit</name>
         <load_address>0x10012b18</load_address>
         <run_address>0x10012b18</run_address>
         <size>0xc</size>
         <input_file_ref idref="fl-3a"/>
      </object_component>
      <object_component id="oc-96">
         <name>.cinit</name>
         <load_address>0x10012b28</load_address>
         <run_address>0x10012b28</run_address>
         <size>0xc</size>
         <input_file_ref idref="fl-30"/>
      </object_component>
      <object_component id="oc-3f">
         <name>.cio</name>
         <uninitialized>true</uninitialized>
         <run_address>0x10012d00</run_address>
         <size>0x120</size>
         <input_file_ref idref="fl-14"/>
      </object_component>
      <object_component id="oc-11c">
         <name>.const:.string:__ctypes_</name>
         <load_address>0x10012b3c</load_address>
         <run_address>0x10012b3c</run_address>
         <size>0x101</size>
         <input_file_ref idref="fl-1d"/>
      </object_component>
      <object_component id="oc-2f">
         <name>.const:.string</name>
         <load_address>0x10012c3d</load_address>
         <run_address>0x10012c3d</run_address>
         <size>0x2</size>
         <input_file_ref idref="fl-10"/>
      </object_component>
      <object_component id="oc-17">
         <name>.const:.string</name>
         <load_address>0x10012c40</load_address>
         <run_address>0x10012c40</run_address>
         <size>0x40</size>
         <input_file_ref idref="fl-3"/>
      </object_component>
      <object_component id="oc-ba">
         <name>.const</name>
         <load_address>0x10012c80</load_address>
         <run_address>0x10012c80</run_address>
         <size>0x2c</size>
         <input_file_ref idref="fl-52"/>
      </object_component>
      <object_component id="oc-4b">
         <name>.const:.string</name>
         <load_address>0x10012cac</load_address>
         <run_address>0x10012cac</run_address>
         <size>0x23</size>
         <input_file_ref idref="fl-17"/>
      </object_component>
      <object_component id="oc-bf">
         <name>.const</name>
         <load_address>0x10012cd0</load_address>
         <run_address>0x10012cd0</run_address>
         <size>0x18</size>
         <input_file_ref idref="fl-53"/>
      </object_component>
      <object_component id="oc-c4">
         <name>.const</name>
         <load_address>0x10012ce8</load_address>
         <run_address>0x10012ce8</run_address>
         <size>0x18</size>
         <input_file_ref idref="fl-54"/>
      </object_component>
      <object_component id="oc-109">
         <name>.switch:_CSL_i2cHwControl</name>
         <load_address>0x10012e20</load_address>
         <run_address>0x10012e20</run_address>
         <size>0x50</size>
         <input_file_ref idref="fl-58"/>
      </object_component>
      <object_component id="oc-10b">
         <name>.switch:_CSL_i2cGetHwStatus</name>
         <load_address>0x10012e70</load_address>
         <run_address>0x10012e70</run_address>
         <size>0x4c</size>
         <input_file_ref idref="fl-57"/>
      </object_component>
      <object_component id="oc-105">
         <name>.switch:_CSL_dmaxHwControl</name>
         <load_address>0x10012ebc</load_address>
         <run_address>0x10012ebc</run_address>
         <size>0x2c</size>
         <input_file_ref idref="fl-3d"/>
      </object_component>
      <object_component id="oc-112">
         <name>.switch:_CSL_dmaxSetupGeneralXFRParameterEntry</name>
         <load_address>0x10012ee8</load_address>
         <run_address>0x10012ee8</run_address>
         <size>0x10</size>
         <input_file_ref idref="fl-41"/>
      </object_component>
      <object_component id="oc-15">
         <name>.far</name>
         <uninitialized>true</uninitialized>
         <run_address>0x100108a0</run_address>
         <size>0x6b0</size>
         <input_file_ref idref="fl-3"/>
      </object_component>
      <object_component id="oc-21">
         <name>.far</name>
         <uninitialized>true</uninitialized>
         <run_address>0x10010f50</run_address>
         <size>0x324</size>
         <input_file_ref idref="fl-c"/>
      </object_component>
      <object_component id="oc-25">
         <name>.far</name>
         <uninitialized>true</uninitialized>
         <run_address>0x100113e4</run_address>
         <size>0xc</size>
         <input_file_ref idref="fl-d"/>
      </object_component>
      <object_component id="oc-34">
         <name>.far</name>
         <uninitialized>true</uninitialized>
         <run_address>0x10011274</run_address>
         <size>0x11c</size>
         <input_file_ref idref="fl-11"/>
      </object_component>
      <object_component id="oc-3b">
         <name>.far</name>
         <uninitialized>true</uninitialized>
         <run_address>0x10011400</run_address>
         <size>0x8</size>
         <input_file_ref idref="fl-13"/>
      </object_component>
      <object_component id="oc-47">
         <name>.far</name>
         <uninitialized>true</uninitialized>
         <run_address>0x100113f0</run_address>
         <size>0x8</size>
         <input_file_ref idref="fl-16"/>
      </object_component>
      <object_component id="oc-97">
         <name>.far</name>
         <uninitialized>true</uninitialized>
         <run_address>0x10011408</run_address>
         <size>0x4</size>
         <input_file_ref idref="fl-30"/>
      </object_component>
      <object_component id="oc-9c">
         <name>.far</name>
         <uninitialized>true</uninitialized>
         <run_address>0x100113f8</run_address>
         <size>0x8</size>
         <input_file_ref idref="fl-31"/>
      </object_component>
      <object_component id="oc-ab">
         <name>.far</name>
         <uninitialized>true</uninitialized>
         <run_address>0x100113c4</run_address>
         <size>0x20</size>
         <input_file_ref idref="fl-43"/>
      </object_component>
      <object_component id="oc-b3">
         <name>.far</name>
         <uninitialized>true</uninitialized>
         <run_address>0x1001140c</run_address>
         <size>0x1</size>
         <input_file_ref idref="fl-51"/>
      </object_component>
      <object_component id="oc-b9">
         <name>.far</name>
         <uninitialized>true</uninitialized>
         <run_address>0x10011390</run_address>
         <size>0x34</size>
         <input_file_ref idref="fl-52"/>
      </object_component>
      <object_component id="oc-a7">
         <name>.bss:csl_section:intc</name>
         <uninitialized>true</uninitialized>
         <run_address>0x10012ef8</run_address>
         <size>0x42</size>
         <input_file_ref idref="fl-39"/>
      </object_component>
      <object_component id="oc-a9">
         <name>.bss:csl_section:intc</name>
         <uninitialized>true</uninitialized>
         <run_address>0x10012f3c</run_address>
         <size>0x4</size>
         <input_file_ref idref="fl-3a"/>
      </object_component>
      <object_component id="oc-9d">
         <name>.sysmem</name>
         <uninitialized>true</uninitialized>
         <run_address>0x10011c10</run_address>
         <size>0x8</size>
         <input_file_ref idref="fl-31"/>
      </object_component>
      <object_component id="oc-15c">
         <name>.sysmem</name>
         <uninitialized>true</uninitialized>
         <run_address>0x10011c10</run_address>
         <size>0x0</size>
      </object_component>
      <object_component id="oc-11">
         <name>.debug_info</name>
         <load_address>0x0</load_address>
         <run_address>0x0</run_address>
         <size>0x607</size>
         <input_file_ref idref="fl-2"/>
      </object_component>
      <object_component id="oc-13">
         <name>.debug_info</name>
         <load_address>0x607</load_address>
         <run_address>0x607</run_address>
         <size>0x378f</size>
         <input_file_ref idref="fl-3"/>
      </object_component>
      <object_component id="oc-1b">
         <name>.debug_info</name>
         <load_address>0x3d96</load_address>
         <run_address>0x3d96</run_address>
         <size>0x70b</size>
         <input_file_ref idref="fl-b"/>
      </object_component>
      <object_component id="oc-1f">
         <name>.debug_info</name>
         <load_address>0x44a1</load_address>
         <run_address>0x44a1</run_address>
         <size>0x6e7</size>
         <input_file_ref idref="fl-c"/>
      </object_component>
      <object_component id="oc-23">
         <name>.debug_info</name>
         <load_address>0x4b88</load_address>
         <run_address>0x4b88</run_address>
         <size>0x7fc</size>
         <input_file_ref idref="fl-d"/>
      </object_component>
      <object_component id="oc-28">
         <name>.debug_info</name>
         <load_address>0x5384</load_address>
         <run_address>0x5384</run_address>
         <size>0x8f8</size>
         <input_file_ref idref="fl-e"/>
      </object_component>
      <object_component id="oc-2b">
         <name>.debug_info</name>
         <load_address>0x5c7c</load_address>
         <run_address>0x5c7c</run_address>
         <size>0x82a</size>
         <input_file_ref idref="fl-f"/>
      </object_component>
      <object_component id="oc-2e">
         <name>.debug_info</name>
         <load_address>0x64a6</load_address>
         <run_address>0x64a6</run_address>
         <size>0xb81</size>
         <input_file_ref idref="fl-10"/>
      </object_component>
      <object_component id="oc-32">
         <name>.debug_info</name>
         <load_address>0x7027</load_address>
         <run_address>0x7027</run_address>
         <size>0xf58</size>
         <input_file_ref idref="fl-11"/>
      </object_component>
      <object_component id="oc-37">
         <name>.debug_info</name>
         <load_address>0x7f7f</load_address>
         <run_address>0x7f7f</run_address>
         <size>0x78c</size>
         <input_file_ref idref="fl-12"/>
      </object_component>
      <object_component id="oc-3a">
         <name>.debug_info</name>
         <load_address>0x870b</load_address>
         <run_address>0x870b</run_address>
         <size>0xef0</size>
         <input_file_ref idref="fl-13"/>
      </object_component>
      <object_component id="oc-3e">
         <name>.debug_info</name>
         <load_address>0x95fb</load_address>
         <run_address>0x95fb</run_address>
         <size>0x8c5</size>
         <input_file_ref idref="fl-14"/>
      </object_component>
      <object_component id="oc-42">
         <name>.debug_info</name>
         <load_address>0x9ec0</load_address>
         <run_address>0x9ec0</run_address>
         <size>0x75a</size>
         <input_file_ref idref="fl-15"/>
      </object_component>
      <object_component id="oc-45">
         <name>.debug_info</name>
         <load_address>0xa61a</load_address>
         <run_address>0xa61a</run_address>
         <size>0x64c</size>
         <input_file_ref idref="fl-16"/>
      </object_component>
      <object_component id="oc-4a">
         <name>.debug_info</name>
         <load_address>0xac66</load_address>
         <run_address>0xac66</run_address>
         <size>0x2b6b</size>
         <input_file_ref idref="fl-17"/>
      </object_component>
      <object_component id="oc-4e">
         <name>.debug_info</name>
         <load_address>0xd7d1</load_address>
         <run_address>0xd7d1</run_address>
         <size>0x6e1</size>
         <input_file_ref idref="fl-18"/>
      </object_component>
      <object_component id="oc-51">
         <name>.debug_info</name>
         <load_address>0xdeb2</load_address>
         <run_address>0xdeb2</run_address>
         <size>0x71c</size>
         <input_file_ref idref="fl-19"/>
      </object_component>
      <object_component id="oc-54">
         <name>.debug_info</name>
         <load_address>0xe5ce</load_address>
         <run_address>0xe5ce</run_address>
         <size>0x86e</size>
         <input_file_ref idref="fl-1a"/>
      </object_component>
      <object_component id="oc-57">
         <name>.debug_info</name>
         <load_address>0xee3c</load_address>
         <run_address>0xee3c</run_address>
         <size>0x6e6</size>
         <input_file_ref idref="fl-1b"/>
      </object_component>
      <object_component id="oc-5a">
         <name>.debug_info</name>
         <load_address>0xf522</load_address>
         <run_address>0xf522</run_address>
         <size>0x7dc</size>
         <input_file_ref idref="fl-1c"/>
      </object_component>
      <object_component id="oc-5d">
         <name>.debug_info</name>
         <load_address>0xfcfe</load_address>
         <run_address>0xfcfe</run_address>
         <size>0x5fa</size>
         <input_file_ref idref="fl-1d"/>
      </object_component>
      <object_component id="oc-5f">
         <name>.debug_info</name>
         <load_address>0x102f8</load_address>
         <run_address>0x102f8</run_address>
         <size>0x982</size>
         <input_file_ref idref="fl-1e"/>
      </object_component>
      <object_component id="oc-62">
         <name>.debug_info</name>
         <load_address>0x10c7a</load_address>
         <run_address>0x10c7a</run_address>
         <size>0xd0</size>
         <input_file_ref idref="fl-1f"/>
      </object_component>
      <object_component id="oc-65">
         <name>.debug_info</name>
         <load_address>0x10d4a</load_address>
         <run_address>0x10d4a</run_address>
         <size>0x781</size>
         <input_file_ref idref="fl-20"/>
      </object_component>
      <object_component id="oc-68">
         <name>.debug_info</name>
         <load_address>0x114cb</load_address>
         <run_address>0x114cb</run_address>
         <size>0x691</size>
         <input_file_ref idref="fl-21"/>
      </object_component>
      <object_component id="oc-6b">
         <name>.debug_info</name>
         <load_address>0x11b5c</load_address>
         <run_address>0x11b5c</run_address>
         <size>0x6aa</size>
         <input_file_ref idref="fl-22"/>
      </object_component>
      <object_component id="oc-6e">
         <name>.debug_info</name>
         <load_address>0x12206</load_address>
         <run_address>0x12206</run_address>
         <size>0x6a4</size>
         <input_file_ref idref="fl-23"/>
      </object_component>
      <object_component id="oc-71">
         <name>.debug_info</name>
         <load_address>0x128aa</load_address>
         <run_address>0x128aa</run_address>
         <size>0x7b9</size>
         <input_file_ref idref="fl-24"/>
      </object_component>
      <object_component id="oc-74">
         <name>.debug_info</name>
         <load_address>0x13063</load_address>
         <run_address>0x13063</run_address>
         <size>0x7ba</size>
         <input_file_ref idref="fl-25"/>
      </object_component>
      <object_component id="oc-77">
         <name>.debug_info</name>
         <load_address>0x1381d</load_address>
         <run_address>0x1381d</run_address>
         <size>0x7b5</size>
         <input_file_ref idref="fl-26"/>
      </object_component>
      <object_component id="oc-7a">
         <name>.debug_info</name>
         <load_address>0x13fd2</load_address>
         <run_address>0x13fd2</run_address>
         <size>0x816</size>
         <input_file_ref idref="fl-27"/>
      </object_component>
      <object_component id="oc-7d">
         <name>.debug_info</name>
         <load_address>0x147e8</load_address>
         <run_address>0x147e8</run_address>
         <size>0x701</size>
         <input_file_ref idref="fl-28"/>
      </object_component>
      <object_component id="oc-80">
         <name>.debug_info</name>
         <load_address>0x14ee9</load_address>
         <run_address>0x14ee9</run_address>
         <size>0x745</size>
         <input_file_ref idref="fl-29"/>
      </object_component>
      <object_component id="oc-83">
         <name>.debug_info</name>
         <load_address>0x1562e</load_address>
         <run_address>0x1562e</run_address>
         <size>0x6e9</size>
         <input_file_ref idref="fl-2a"/>
      </object_component>
      <object_component id="oc-86">
         <name>.debug_info</name>
         <load_address>0x15d17</load_address>
         <run_address>0x15d17</run_address>
         <size>0x72d</size>
         <input_file_ref idref="fl-2b"/>
      </object_component>
      <object_component id="oc-89">
         <name>.debug_info</name>
         <load_address>0x16444</load_address>
         <run_address>0x16444</run_address>
         <size>0x6b7</size>
         <input_file_ref idref="fl-2c"/>
      </object_component>
      <object_component id="oc-8c">
         <name>.debug_info</name>
         <load_address>0x16afb</load_address>
         <run_address>0x16afb</run_address>
         <size>0x618</size>
         <input_file_ref idref="fl-2d"/>
      </object_component>
      <object_component id="oc-8f">
         <name>.debug_info</name>
         <load_address>0x17113</load_address>
         <run_address>0x17113</run_address>
         <size>0x813</size>
         <input_file_ref idref="fl-2e"/>
      </object_component>
      <object_component id="oc-92">
         <name>.debug_info</name>
         <load_address>0x17926</load_address>
         <run_address>0x17926</run_address>
         <size>0x5cc</size>
         <input_file_ref idref="fl-2f"/>
      </object_component>
      <object_component id="oc-95">
         <name>.debug_info</name>
         <load_address>0x17ef2</load_address>
         <run_address>0x17ef2</run_address>
         <size>0x882</size>
         <input_file_ref idref="fl-30"/>
      </object_component>
      <object_component id="oc-9a">
         <name>.debug_info</name>
         <load_address>0x18774</load_address>
         <run_address>0x18774</run_address>
         <size>0xb3b</size>
         <input_file_ref idref="fl-31"/>
      </object_component>
      <object_component id="oc-a0">
         <name>.debug_info</name>
         <load_address>0x192af</load_address>
         <run_address>0x192af</run_address>
         <size>0x806</size>
         <input_file_ref idref="fl-32"/>
      </object_component>
      <object_component id="oc-a3">
         <name>.debug_info</name>
         <load_address>0x19ab5</load_address>
         <run_address>0x19ab5</run_address>
         <size>0x664</size>
         <input_file_ref idref="fl-33"/>
      </object_component>
      <object_component id="oc-b2">
         <name>.debug_info</name>
         <load_address>0x1a119</load_address>
         <run_address>0x1a119</run_address>
         <size>0xaf1</size>
         <input_file_ref idref="fl-51"/>
      </object_component>
      <object_component id="oc-b7">
         <name>.debug_info</name>
         <load_address>0x1ac0a</load_address>
         <run_address>0x1ac0a</run_address>
         <size>0x2c14</size>
         <input_file_ref idref="fl-52"/>
      </object_component>
      <object_component id="oc-be">
         <name>.debug_info</name>
         <load_address>0x1d81e</load_address>
         <run_address>0x1d81e</run_address>
         <size>0xdd6</size>
         <input_file_ref idref="fl-53"/>
      </object_component>
      <object_component id="oc-c3">
         <name>.debug_info</name>
         <load_address>0x1e5f4</load_address>
         <run_address>0x1e5f4</run_address>
         <size>0xdc9</size>
         <input_file_ref idref="fl-54"/>
      </object_component>
      <object_component id="oc-c8">
         <name>.debug_info</name>
         <load_address>0x1f3bd</load_address>
         <run_address>0x1f3bd</run_address>
         <size>0xd8</size>
         <input_file_ref idref="fl-55"/>
      </object_component>
      <object_component id="oc-15d">
         <name>.debug_info</name>
         <load_address>0x1f495</load_address>
         <run_address>0x1f495</run_address>
         <size>0x6e</size>
      </object_component>
      <object_component id="oc-12">
         <name>.debug_abbrev</name>
         <load_address>0x0</load_address>
         <run_address>0x0</run_address>
         <size>0x34</size>
         <input_file_ref idref="fl-2"/>
      </object_component>
      <object_component id="oc-1a">
         <name>.debug_abbrev</name>
         <load_address>0x34</load_address>
         <run_address>0x34</run_address>
         <size>0x22f</size>
         <input_file_ref idref="fl-3"/>
      </object_component>
      <object_component id="oc-1e">
         <name>.debug_abbrev</name>
         <load_address>0x263</load_address>
         <run_address>0x263</run_address>
         <size>0xfe</size>
         <input_file_ref idref="fl-b"/>
      </object_component>
      <object_component id="oc-22">
         <name>.debug_abbrev</name>
         <load_address>0x361</load_address>
         <run_address>0x361</run_address>
         <size>0x8e</size>
         <input_file_ref idref="fl-c"/>
      </object_component>
      <object_component id="oc-27">
         <name>.debug_abbrev</name>
         <load_address>0x3ef</load_address>
         <run_address>0x3ef</run_address>
         <size>0x119</size>
         <input_file_ref idref="fl-d"/>
      </object_component>
      <object_component id="oc-2a">
         <name>.debug_abbrev</name>
         <load_address>0x508</load_address>
         <run_address>0x508</run_address>
         <size>0x14f</size>
         <input_file_ref idref="fl-e"/>
      </object_component>
      <object_component id="oc-2d">
         <name>.debug_abbrev</name>
         <load_address>0x657</load_address>
         <run_address>0x657</run_address>
         <size>0x11f</size>
         <input_file_ref idref="fl-f"/>
      </object_component>
      <object_component id="oc-31">
         <name>.debug_abbrev</name>
         <load_address>0x776</load_address>
         <run_address>0x776</run_address>
         <size>0x14b</size>
         <input_file_ref idref="fl-10"/>
      </object_component>
      <object_component id="oc-36">
         <name>.debug_abbrev</name>
         <load_address>0x8c1</load_address>
         <run_address>0x8c1</run_address>
         <size>0x215</size>
         <input_file_ref idref="fl-11"/>
      </object_component>
      <object_component id="oc-39">
         <name>.debug_abbrev</name>
         <load_address>0xad6</load_address>
         <run_address>0xad6</run_address>
         <size>0xd5</size>
         <input_file_ref idref="fl-12"/>
      </object_component>
      <object_component id="oc-3d">
         <name>.debug_abbrev</name>
         <load_address>0xbab</load_address>
         <run_address>0xbab</run_address>
         <size>0x180</size>
         <input_file_ref idref="fl-13"/>
      </object_component>
      <object_component id="oc-41">
         <name>.debug_abbrev</name>
         <load_address>0xd2b</load_address>
         <run_address>0xd2b</run_address>
         <size>0xd5</size>
         <input_file_ref idref="fl-14"/>
      </object_component>
      <object_component id="oc-44">
         <name>.debug_abbrev</name>
         <load_address>0xe00</load_address>
         <run_address>0xe00</run_address>
         <size>0xd1</size>
         <input_file_ref idref="fl-15"/>
      </object_component>
      <object_component id="oc-49">
         <name>.debug_abbrev</name>
         <load_address>0xed1</load_address>
         <run_address>0xed1</run_address>
         <size>0x9f</size>
         <input_file_ref idref="fl-16"/>
      </object_component>
      <object_component id="oc-4d">
         <name>.debug_abbrev</name>
         <load_address>0xf70</load_address>
         <run_address>0xf70</run_address>
         <size>0x1d1</size>
         <input_file_ref idref="fl-17"/>
      </object_component>
      <object_component id="oc-50">
         <name>.debug_abbrev</name>
         <load_address>0x1141</load_address>
         <run_address>0x1141</run_address>
         <size>0xe1</size>
         <input_file_ref idref="fl-18"/>
      </object_component>
      <object_component id="oc-53">
         <name>.debug_abbrev</name>
         <load_address>0x1222</load_address>
         <run_address>0x1222</run_address>
         <size>0xcc</size>
[...]
         <object_component_ref idref="oc-d9"/>
      </symbol>
      <symbol id="sm-12d">
         <name>_HOSTopen</name>
         <value>0x1000db60</value>
         <object_component_ref idref="oc-d0"/>
      </symbol>
      <symbol id="sm-12e">
         <name>_HOSTread</name>
         <value>0x1000dc80</value>
         <object_component_ref idref="oc-d2"/>
      </symbol>
      <symbol id="sm-12f">
         <name>_HOSTrename</name>
         <value>0x1000bea0</value>
         <object_component_ref idref="oc-d6"/>
      </symbol>
      <symbol id="sm-130">
         <name>_HOSTwrite</name>
         <value>0x1000dda0</value>
         <object_component_ref idref="oc-d3"/>
      </symbol>
      <symbol id="sm-131">
         <name>_HOSTlseek</name>
         <value>0x1000d7a0</value>
         <object_component_ref idref="oc-d4"/>
      </symbol>
      <symbol id="sm-132">
         <name>_HOSTunlink</name>
         <value>0x1000e7c0</value>
         <object_component_ref idref="oc-d5"/>
      </symbol>
      <symbol id="sm-133">
         <name>_HOSTclose</name>
         <value>0x1000edc0</value>
         <object_component_ref idref="oc-d1"/>
      </symbol>
      <symbol id="sm-141">
         <name>C$$IO$$</name>
         <value>0x10010290</value>
         <object_component_ref idref="oc-df"/>
      </symbol>
      <symbol id="sm-142">
         <name>__CIOBUF_</name>
         <value>0x10012d00</value>
         <object_component_ref idref="oc-3f"/>
      </symbol>
      <symbol id="sm-143">
         <name>_readmsg</name>
         <value>0x1000fd40</value>
         <object_component_ref idref="oc-e0"/>
      </symbol>
      <symbol id="sm-144">
         <name>_writemsg</name>
         <value>0x10010220</value>
         <object_component_ref idref="oc-df"/>
      </symbol>
      <symbol id="sm-14e">
         <name>__wrt_ok</name>
         <value>0x1000dfe0</value>
         <object_component_ref idref="oc-113"/>
      </symbol>
      <symbol id="sm-15c">
         <name>__unlock</name>
         <value>0x100113f4</value>
         <object_component_ref idref="oc-47"/>
      </symbol>
      <symbol id="sm-15d">
         <name>__lock</name>
         <value>0x100113f0</value>
         <object_component_ref idref="oc-47"/>
      </symbol>
      <symbol id="sm-15e">
         <name>__nop</name>
         <value>0x10010760</value>
         <object_component_ref idref="oc-d7"/>
      </symbol>
      <symbol id="sm-18e">
         <name>__printfi</name>
         <value>0x10006a40</value>
         <object_component_ref idref="oc-fc"/>
      </symbol>
      <symbol id="sm-198">
         <name>__args_main</name>
         <value>0x10010680</value>
         <object_component_ref idref="oc-cc"/>
      </symbol>
      <symbol id="sm-199">
         <name>__TI_args_main</name>
         <value>0x1</value>
      </symbol>
      <symbol id="sm-1a3">
         <name>_atoi</name>
         <value>0x1000d8e0</value>
         <object_component_ref idref="oc-116"/>
      </symbol>
      <symbol id="sm-1ad">
         <name>__auto_init</name>
         <value>0x1000e8c0</value>
         <object_component_ref idref="oc-cb"/>
      </symbol>
      <symbol id="sm-1b7">
         <name>___TI_cpp_init</name>
         <value>0x1000ff20</value>
         <object_component_ref idref="oc-da"/>
      </symbol>
      <symbol id="sm-1c1">
         <name>_copy_in</name>
         <value>0x1000f9a0</value>
         <object_component_ref idref="oc-d8"/>
      </symbol>
      <symbol id="sm-1c9">
         <name>__ctypes_</name>
         <value>0x10012b3c</value>
         <object_component_ref idref="oc-11c"/>
      </symbol>
      <symbol id="sm-1d3">
         <name>__divd</name>
         <value>0x10004d20</value>
         <object_component_ref idref="oc-12e"/>
      </symbol>
      <symbol id="sm-1db">
         <name>__c6xabi_divu</name>
         <value>0x1000f820</value>
         <object_component_ref idref="oc-dd"/>
      </symbol>
      <symbol id="sm-1dc">
         <name>__divu</name>
         <value>0x1000f820</value>
         <object_component_ref idref="oc-dd"/>
      </symbol>
      <symbol id="sm-1e6">
         <name>__doflush</name>
         <value>0x1000ef80</value>
         <object_component_ref idref="oc-114"/>
      </symbol>
      <symbol id="sm-1f0">
         <name>__fixdli</name>
         <value>0x1000fca0</value>
         <object_component_ref idref="oc-134"/>
      </symbol>
      <symbol id="sm-1fa">
         <name>__fltlid</name>
         <value>0x1000ffa0</value>
         <object_component_ref idref="oc-136"/>
      </symbol>
      <symbol id="sm-204">
         <name>__frcmpyd_div</name>
         <value>0x1000dec0</value>
         <object_component_ref idref="oc-138"/>
      </symbol>
      <symbol id="sm-20e">
         <name>_fseek</name>
         <value>0x1000ca80</value>
         <object_component_ref idref="oc-11a"/>
      </symbol>
      <symbol id="sm-21c">
         <name>__divul</name>
         <value>0x1000c700</value>
         <object_component_ref idref="oc-139"/>
      </symbol>
      <symbol id="sm-21d">
         <name>__remli</name>
         <value>0x10010300</value>
         <object_component_ref idref="oc-13d"/>
      </symbol>
      <symbol id="sm-21e">
         <name>__divli</name>
         <value>0x1000f760</value>
         <object_component_ref idref="oc-13e"/>
      </symbol>
      <symbol id="sm-22a">
         <name>__subcull</name>
         <value>0x10010360</value>
         <object_component_ref idref="oc-140"/>
      </symbol>
      <symbol id="sm-22b">
         <name>__divull</name>
         <value>0x1000a400</value>
         <object_component_ref idref="oc-13a"/>
      </symbol>
      <symbol id="sm-235">
         <name>___isinf</name>
         <value>0x10010600</value>
         <object_component_ref idref="oc-11e"/>
      </symbol>
      <symbol id="sm-241">
         <name>__llshl</name>
         <value>0x10010020</value>
         <object_component_ref idref="oc-13f"/>
      </symbol>
      <symbol id="sm-242">
         <name>__llshru</name>
         <value>0x100102a0</value>
         <object_component_ref idref="oc-137"/>
      </symbol>
      <symbol id="sm-24c">
         <name>_ltoa</name>
         <value>0x1000e340</value>
         <object_component_ref idref="oc-135"/>
      </symbol>
      <symbol id="sm-256">
         <name>_memccpy</name>
         <value>0x100101a0</value>
         <object_component_ref idref="oc-119"/>
      </symbol>
      <symbol id="sm-260">
         <name>_memset</name>
         <value>0x1000e460</value>
         <object_component_ref idref="oc-f0"/>
      </symbol>
      <symbol id="sm-26a">
         <name>__mpyll</name>
         <value>0x100100a0</value>
         <object_component_ref idref="oc-130"/>
      </symbol>
      <symbol id="sm-274">
         <name>__negll</name>
         <value>0x10010740</value>
         <object_component_ref idref="oc-123"/>
      </symbol>
      <symbol id="sm-27e">
         <name>_setvbuf</name>
         <value>0x1000b220</value>
         <object_component_ref idref="oc-11b"/>
      </symbol>
      <symbol id="sm-293">
         <name>__cleanup</name>
         <value>0x1000eea0</value>
         <object_component_ref idref="oc-128"/>
      </symbol>
      <symbol id="sm-2a9">
         <name>__sys_memory</name>
         <value>0x10011c10</value>
         <object_component_ref idref="oc-9d"/>
      </symbol>
      <symbol id="sm-2aa">
         <name>_free</name>
         <value>0x10009a60</value>
         <object_component_ref idref="oc-126"/>
      </symbol>
      <symbol id="sm-2ab">
         <name>_malloc</name>
         <value>0x1000c2e0</value>
         <object_component_ref idref="oc-127"/>
      </symbol>
      <symbol id="sm-2b5">
         <name>__closefile</name>
         <value>0x1000d0c0</value>
         <object_component_ref idref="oc-133"/>
      </symbol>
      <symbol id="sm-2bf">
         <name>_remove</name>
         <value>0x100107e0</value>
         <object_component_ref idref="oc-13c"/>
      </symbol>
      <symbol id="sm-2c1">
         <name>_CSL_mcaspHwSetup</name>
         <value>0x10002f40</value>
         <object_component_ref idref="oc-e8"/>
      </symbol>
      <symbol id="sm-428">
         <name>_CSL_mcaspOpen</name>
         <value>0x1000e6a0</value>
         <object_component_ref idref="oc-e7"/>
      </symbol>
      <symbol id="sm-55a">
         <name>_CSL_intcEventEnable</name>
         <value>0x1000f5a0</value>
         <object_component_ref idref="oc-ed"/>
      </symbol>
      <symbol id="sm-57e">
         <name>_CSL_intcGlobalEnable</name>
         <value>0x100104e0</value>
         <object_component_ref idref="oc-ee"/>
      </symbol>
      <symbol id="sm-591">
         <name>_CSL_intcHookIsr</name>
         <value>0x10008c20</value>
         <object_component_ref idref="oc-ec"/>
      </symbol>
      <symbol id="sm-752">
         <name>_CSL_intcInit</name>
         <value>0x1000f680</value>
         <object_component_ref idref="oc-e5"/>
      </symbol>
      <symbol id="sm-774">
         <name>__CSL_IntcEventTable</name>
         <value>0x10012ef8</value>
         <object_component_ref idref="oc-a7"/>
      </symbol>
      <symbol id="sm-776">
         <name>__CSL_IntcContextFlags</name>
         <value>0x10012f38</value>
         <object_component_ref idref="oc-a7"/>
      </symbol>
      <symbol id="sm-779">
         <name>_CSL_intcOpen</name>
         <value>0x1000d4e0</value>
         <object_component_ref idref="oc-e6"/>
      </symbol>
      <symbol id="sm-7b0">
         <name>__CSL_IntcEventAllocMask</name>
         <value>0x10012f3c</value>
         <object_component_ref idref="oc-a9"/>
      </symbol>
      <symbol id="sm-7b3">
         <name>_CSL_intcSetVectorPtr</name>
         <value>0x100105a0</value>
         <object_component_ref idref="oc-e2"/>
      </symbol>
      <symbol id="sm-7c7">
         <name>_CSL_dmaxClose</name>
         <value>0x1000da20</value>
         <object_component_ref idref="oc-106"/>
      </symbol>
      <symbol id="sm-8b7">
         <name>_CSL_dmaxHwControl</name>
         <value>0x1000cc20</value>
         <object_component_ref idref="oc-eb"/>
      </symbol>
      <symbol id="sm-935">
         <name>_CSL_dmaxHwSetup</name>
         <value>0x10003fc0</value>
         <object_component_ref idref="oc-ea"/>
      </symbol>
      <symbol id="sm-b60">
         <name>_CSL_dmaxSetup1dXFRParameterEntry</name>
         <value>0x1000f4c0</value>
         <object_component_ref idref="oc-102"/>
      </symbol>
      <symbol id="sm-b87">
         <name>_CSL_dmaxSetupFifoXFRParameterEntry</name>
         <value>0x1000d380</value>
         <object_component_ref idref="oc-101"/>
      </symbol>
      <symbol id="sm-bb2">
         <name>_CSL_dmaxSetupGeneralXFRParameterEntry</name>
         <value>0x10009dc0</value>
         <object_component_ref idref="oc-100"/>
      </symbol>
      <symbol id="sm-bd8">
         <name>_CSL_dmaxSetupSpiXFRParameterEntry</name>
         <value>0x1000ecc0</value>
         <object_component_ref idref="oc-103"/>
      </symbol>
      <symbol id="sm-c0d">
         <name>_CslDmaxAlloc</name>
         <value>0x100113c4</value>
         <object_component_ref idref="oc-ab"/>
      </symbol>
      <symbol id="sm-c10">
         <name>_CSL_dmaxOpen</name>
         <value>0x10008860</value>
         <object_component_ref idref="oc-e9"/>
      </symbol>
      <symbol id="sm-d56">
         <name>_CSL_dmaxSetDetr</name>
         <value>0x10010700</value>
         <object_component_ref idref="oc-ac"/>
      </symbol>
      <symbol id="sm-df5">
         <name>_CSL_dmaxGetBaseAddress</name>
         <value>0x1000fe80</value>
         <object_component_ref idref="oc-fe"/>
      </symbol>
      <symbol id="sm-e10">
         <name>_CSL_chipInit</name>
         <value>0x10010860</value>
         <object_component_ref idref="oc-e1"/>
      </symbol>
      <symbol id="sm-e25">
         <name>_CSL_mcaspGetChipCtxt</name>
         <value>0x1000d640</value>
         <object_component_ref idref="oc-fd"/>
      </symbol>
      <symbol id="sm-e4a">
         <name>__CSL_intcEventDisable</name>
         <value>0x100103e8</value>
         <object_component_ref idref="oc-ad"/>
      </symbol>
      <symbol id="sm-e4b">
         <name>__CSL_intcEventEnable</name>
         <value>0x100103c0</value>
         <object_component_ref idref="oc-ad"/>
      </symbol>
      <symbol id="sm-e55">
         <name>__CSL_intcFetchPacket</name>
         <value>0x10010800</value>
         <object_component_ref idref="oc-ae"/>
      </symbol>
      <symbol id="sm-e5f">
         <name>__CSL_intcGlobalEnable</name>
         <value>0x100106c0</value>
         <object_component_ref idref="oc-af"/>
      </symbol>
      <symbol id="sm-e60">
         <name>__CSL_intcGlobalDisable</name>
         <value>0x100106dc</value>
         <object_component_ref idref="oc-af"/>
      </symbol>
      <symbol id="sm-e6a">
         <name>__CSL_intcISTP</name>
         <value>0x10010820</value>
         <object_component_ref idref="oc-b0"/>
      </symbol>
      <symbol id="sm-e74">
         <name>__CSL_intcReadISTP</name>
         <value>0x10010840</value>
         <object_component_ref idref="oc-b1"/>
      </symbol>
      <symbol id="sm-e76">
         <name>_CSL_intcGlobalDisable</name>
         <value>0x10010480</value>
         <object_component_ref idref="oc-f8"/>
      </symbol>
      <symbol id="sm-e87">
         <name>_CSL_intcGlobalRestore</name>
         <value>0x10010540</value>
         <object_component_ref idref="oc-f9"/>
      </symbol>
      <symbol id="sm-e98">
         <name>_CSL_dmaxGetNextFreeParamEntry</name>
         <value>0x1000d220</value>
         <object_component_ref idref="oc-ff"/>
      </symbol>
      <symbol id="sm-ed9">
         <name>_GPIO_GetPushButton</name>
         <value>0x10007c0c</value>
         <object_component_ref idref="oc-cf"/>
      </symbol>
      <symbol id="sm-eda">
         <name>_GPIO_ClearDeltaPushButton</name>
         <value>0x10007c6c</value>
         <object_component_ref idref="oc-cf"/>
      </symbol>
      <symbol id="sm-edb">
         <name>_GPIO_GetDIPSwitch</name>
         <value>0x10007a5c</value>
         <object_component_ref idref="oc-cf"/>
      </symbol>
      <symbol id="sm-edc">
         <name>_GPIO_SetBCD</name>
         <value>0x10007bb4</value>
         <object_component_ref idref="oc-cf"/>
      </symbol>
      <symbol id="sm-edd">
         <name>_GPIO_EnableLed</name>
         <value>0x10007afc</value>
         <object_component_ref idref="oc-cf"/>
      </symbol>
      <symbol id="sm-ede">
         <name>_GPIO_Reset</name>
         <value>0x10007880</value>
         <object_component_ref idref="oc-cf"/>
      </symbol>
      <symbol id="sm-edf">
         <name>_GPIO_GetDeltaPushButton</name>
         <value>0x10007c40</value>
         <object_component_ref idref="oc-cf"/>
      </symbol>
      <symbol id="sm-fbe">
         <name>_I2C_ReadMem</name>
         <value>0x10002638</value>
         <object_component_ref idref="oc-de"/>
      </symbol>
      <symbol id="sm-fbf">
         <name>_I2C_WriteMem</name>
         <value>0x10001e08</value>
         <object_component_ref idref="oc-de"/>
      </symbol>
      <symbol id="sm-fc0">
         <name>_I2C_ReadReg</name>
         <value>0x100023e4</value>
         <object_component_ref idref="oc-de"/>
      </symbol>
      <symbol id="sm-fc1">
         <name>_I2C_ReadVal</name>
         <value>0x10002910</value>
         <object_component_ref idref="oc-de"/>
      </symbol>
      <symbol id="sm-fc2">
         <name>_I2C_WriteVal</name>
         <value>0x1000216c</value>
         <object_component_ref idref="oc-de"/>
      </symbol>
      <symbol id="sm-fc3">
         <name>_I2C_WriteReg</name>
         <value>0x10001c00</value>
         <object_component_ref idref="oc-de"/>
      </symbol>
      <symbol id="sm-1003">
         <name>_MIDI_Reset</name>
         <value>0x100060c4</value>
         <object_component_ref idref="oc-e3"/>
      </symbol>
      <symbol id="sm-1004">
         <name>_MIDI_EnableLed1</name>
         <value>0x1000641c</value>
         <object_component_ref idref="oc-e3"/>
      </symbol>
      <symbol id="sm-1005">
         <name>_MIDI_EnableLed2</name>
         <value>0x10006470</value>
         <object_component_ref idref="oc-e3"/>
      </symbol>
      <symbol id="sm-1006">
         <name>_MIDI_Read</name>
         <value>0x10006134</value>
         <object_component_ref idref="oc-e3"/>
      </symbol>
      <symbol id="sm-1007">
         <name>_MIDI_Write</name>
         <value>0x10006288</value>
         <object_component_ref idref="oc-e3"/>
      </symbol>
      <symbol id="sm-1008">
         <name>_MIDI_Init</name>
         <value>0x10005f80</value>
         <object_component_ref idref="oc-e3"/>
      </symbol>
      <symbol id="sm-1009">
         <name>_MIDI_SetRTS</name>
         <value>0x100063d0</value>
         <object_component_ref idref="oc-e3"/>
      </symbol>
      <symbol id="sm-100a">
         <name>_MIDI_GetInterruptId</name>
         <value>0x10006410</value>
         <object_component_ref idref="oc-e3"/>
      </symbol>
      <symbol id="sm-104e">
         <name>_UART_Init</name>
         <value>0x100064e0</value>
         <object_component_ref idref="oc-ce"/>
      </symbol>
      <symbol id="sm-104f">
         <name>_UART_Reset</name>
         <value>0x10006624</value>
         <object_component_ref idref="oc-ce"/>
      </symbol>
      <symbol id="sm-1050">
         <name>_UART_EnableLed1</name>
         <value>0x10006984</value>
         <object_component_ref idref="oc-ce"/>
      </symbol>
      <symbol id="sm-1051">
         <name>_UART_EnableLed2</name>
         <value>0x100069d8</value>
         <object_component_ref idref="oc-ce"/>
      </symbol>
      <symbol id="sm-1052">
         <name>_UART_Write</name>
         <value>0x100067e8</value>
         <object_component_ref idref="oc-ce"/>
      </symbol>
      <symbol id="sm-1053">
         <name>_UART_Read</name>
         <value>0x10006694</value>
         <object_component_ref idref="oc-ce"/>
      </symbol>
      <symbol id="sm-1054">
         <name>_UART_GetInterruptId</name>
         <value>0x10006968</value>
         <object_component_ref idref="oc-ce"/>
      </symbol>
      <symbol id="sm-105c">
         <name>__c6xabi_strasgi</name>
         <value>0x1000ebc0</value>
         <object_component_ref idref="oc-f6"/>
      </symbol>
      <symbol id="sm-105d">
         <name>__strasgi</name>
         <value>0x1000ebc0</value>
         <object_component_ref idref="oc-f6"/>
      </symbol>
      <symbol id="sm-105f">
         <name>_CSL_i2cClose</name>
         <value>0x10010420</value>
         <object_component_ref idref="oc-ef"/>
      </symbol>
      <symbol id="sm-11cd">
         <name>_CSL_i2cGetHwStatus</name>
         <value>0x1000a9c0</value>
         <object_component_ref idref="oc-f5"/>
      </symbol>
      <symbol id="sm-1341">
         <name>_CSL_i2cHwControl</name>
         <value>0x1000b4c0</value>
         <object_component_ref idref="oc-f4"/>
      </symbol>
      <symbol id="sm-13b6">
         <name>_CSL_i2cHwSetup</name>
         <value>0x1000aca0</value>
         <object_component_ref idref="oc-f3"/>
      </symbol>
      <symbol id="sm-13ee">
         <name>_CSL_i2cHwSetupRaw</name>
         <value>0x1000bc60</value>
         <object_component_ref idref="oc-f7"/>
      </symbol>
      <symbol id="sm-142c">
         <name>_CSL_i2cInit</name>
         <value>0x10010880</value>
         <object_component_ref idref="oc-f1"/>
      </symbol>
      <symbol id="sm-143b">
         <name>_CSL_i2cOpen</name>
         <value>0x1000e580</value>
         <object_component_ref idref="oc-f2"/>
      </symbol>
      <symbol id="sm-14a0">
         <name>_CSL_i2cGetBaseAddress</name>
         <value>0x1000fbe0</value>
         <object_component_ref idref="oc-107"/>
      </symbol>
   </symbol_table>
</link_info>
