<?xml version="1.0"?>
<link_info>
   <banner>TMS320C6x Linker PC v7.4.14</banner>
   <copyright>Copyright (c) 1996-2015 Texas Instruments Incorporated</copyright>
   <link_time>0x5e5fdb69</link_time>
   <output_file>UART.out</output_file>
   <entry_point>
      <name>_c_int00</name>
      <address>0x1000fb80</address>
   </entry_point>
   <input_file_list>
      <input_file id="fl-2">
         <path>.\</path>
         <kind>object</kind>
         <file>DaneDSP.obj</file>
         <name>DaneDSP.obj</name>
      </input_file>
      <input_file id="fl-3">
         <path>.\</path>
         <kind>object</kind>
         <file>main.obj</file>
         <name>main.obj</name>
      </input_file>
      <input_file id="fl-b">
         <path>D:\instalki\ti\ccsv6\tools\compiler\c6000_7.4.14\lib\</path>
         <kind>archive</kind>
         <file>rts67plus.lib</file>
         <name>boot.obj</name>
      </input_file>
      <input_file id="fl-c">
         <path>D:\instalki\ti\ccsv6\tools\compiler\c6000_7.4.14\lib\</path>
         <kind>archive</kind>
         <file>rts67plus.lib</file>
         <name>defs.obj</name>
      </input_file>
      <input_file id="fl-d">
         <path>D:\instalki\ti\ccsv6\tools\compiler\c6000_7.4.14\lib\</path>
         <kind>archive</kind>
         <file>rts67plus.lib</file>
         <name>exit.obj</name>
      </input_file>
      <input_file id="fl-e">
         <path>D:\instalki\ti\ccsv6\tools\compiler\c6000_7.4.14\lib\</path>
         <kind>archive</kind>
         <file>rts67plus.lib</file>
         <name>fprintf.obj</name>
      </input_file>
      <input_file id="fl-f">
         <path>D:\instalki\ti\ccsv6\tools\compiler\c6000_7.4.14\lib\</path>
         <kind>archive</kind>
         <file>rts67plus.lib</file>
         <name>fputc.obj</name>
      </input_file>
      <input_file id="fl-10">
         <path>D:\instalki\ti\ccsv6\tools\compiler\c6000_7.4.14\lib\</path>
         <kind>archive</kind>
         <file>rts67plus.lib</file>
         <name>fputs.obj</name>
      </input_file>
      <input_file id="fl-11">
         <path>D:\instalki\ti\ccsv6\tools\compiler\c6000_7.4.14\lib\</path>
         <kind>archive</kind>
         <file>rts67plus.lib</file>
         <name>lowlev.obj</name>
      </input_file>
      <input_file id="fl-12">
         <path>D:\instalki\ti\ccsv6\tools\compiler\c6000_7.4.14\lib\</path>
         <kind>archive</kind>
         <file>rts67plus.lib</file>
         <name>memcpy62.obj</name>
      </input_file>
      <input_file id="fl-13">
         <path>D:\instalki\ti\ccsv6\tools\compiler\c6000_7.4.14\lib\</path>
         <kind>archive</kind>
         <file>rts67plus.lib</file>
         <name>trgdrv.obj</name>
      </input_file>
      <input_file id="fl-14">
         <path>D:\instalki\ti\ccsv6\tools\compiler\c6000_7.4.14\lib\</path>
         <kind>archive</kind>
         <file>rts67plus.lib</file>
         <name>trgmsg.obj</name>
      </input_file>
      <input_file id="fl-15">
         <path>D:\instalki\ti\ccsv6\tools\compiler\c6000_7.4.14\lib\</path>
         <kind>archive</kind>
         <file>rts67plus.lib</file>
         <name>_io_perm.obj</name>
      </input_file>
      <input_file id="fl-16">
         <path>D:\instalki\ti\ccsv6\tools\compiler\c6000_7.4.14\lib\</path>
         <kind>archive</kind>
         <file>rts67plus.lib</file>
         <name>_lock.obj</name>
      </input_file>
      <input_file id="fl-17">
         <path>D:\instalki\ti\ccsv6\tools\compiler\c6000_7.4.14\lib\</path>
         <kind>archive</kind>
         <file>rts67plus.lib</file>
         <name>_printfi.obj</name>
      </input_file>
      <input_file id="fl-18">
         <path>D:\instalki\ti\ccsv6\tools\compiler\c6000_7.4.14\lib\</path>
         <kind>archive</kind>
         <file>rts67plus.lib</file>
         <name>args_main.obj</name>
      </input_file>
      <input_file id="fl-19">
         <path>D:\instalki\ti\ccsv6\tools\compiler\c6000_7.4.14\lib\</path>
         <kind>archive</kind>
         <file>rts67plus.lib</file>
         <name>atoi.obj</name>
      </input_file>
      <input_file id="fl-1a">
         <path>D:\instalki\ti\ccsv6\tools\compiler\c6000_7.4.14\lib\</path>
         <kind>archive</kind>
         <file>rts67plus.lib</file>
         <name>autoinit.obj</name>
      </input_file>
      <input_file id="fl-1b">
         <path>D:\instalki\ti\ccsv6\tools\compiler\c6000_7.4.14\lib\</path>
         <kind>archive</kind>
         <file>rts67plus.lib</file>
         <name>cpp_init.obj</name>
      </input_file>
      <input_file id="fl-1c">
         <path>D:\instalki\ti\ccsv6\tools\compiler\c6000_7.4.14\lib\</path>
         <kind>archive</kind>
         <file>rts67plus.lib</file>
         <name>cpy_tbl.obj</name>
      </input_file>
      <input_file id="fl-1d">
         <path>D:\instalki\ti\ccsv6\tools\compiler\c6000_7.4.14\lib\</path>
         <kind>archive</kind>
         <file>rts67plus.lib</file>
         <name>ctype.obj</name>
      </input_file>
      <input_file id="fl-1e">
         <path>D:\instalki\ti\ccsv6\tools\compiler\c6000_7.4.14\lib\</path>
         <kind>archive</kind>
         <file>rts67plus.lib</file>
         <name>divd.obj</name>
      </input_file>
      <input_file id="fl-1f">
         <path>D:\instalki\ti\ccsv6\tools\compiler\c6000_7.4.14\lib\</path>
         <kind>archive</kind>
         <file>rts67plus.lib</file>
         <name>divu.obj</name>
      </input_file>
      <input_file id="fl-20">
         <path>D:\instalki\ti\ccsv6\tools\compiler\c6000_7.4.14\lib\</path>
         <kind>archive</kind>
         <file>rts67plus.lib</file>
         <name>fflush.obj</name>
      </input_file>
      <input_file id="fl-21">
         <path>D:\instalki\ti\ccsv6\tools\compiler\c6000_7.4.14\lib\</path>
         <kind>archive</kind>
         <file>rts67plus.lib</file>
         <name>fixdli.obj</name>
      </input_file>
      <input_file id="fl-22">
         <path>D:\instalki\ti\ccsv6\tools\compiler\c6000_7.4.14\lib\</path>
         <kind>archive</kind>
         <file>rts67plus.lib</file>
         <name>fltlid.obj</name>
      </input_file>
      <input_file id="fl-23">
         <path>D:\instalki\ti\ccsv6\tools\compiler\c6000_7.4.14\lib\</path>
         <kind>archive</kind>
         <file>rts67plus.lib</file>
         <name>frcmpyd_div.obj</name>
      </input_file>
      <input_file id="fl-24">
         <path>D:\instalki\ti\ccsv6\tools\compiler\c6000_7.4.14\lib\</path>
         <kind>archive</kind>
         <file>rts67plus.lib</file>
         <name>fseek.obj</name>
      </input_file>
      <input_file id="fl-25">
         <path>D:\instalki\ti\ccsv6\tools\compiler\c6000_7.4.14\lib\</path>
         <kind>archive</kind>
         <file>rts67plus.lib</file>
         <name>imath40.obj</name>
      </input_file>
      <input_file id="fl-26">
         <path>D:\instalki\ti\ccsv6\tools\compiler\c6000_7.4.14\lib\</path>
         <kind>archive</kind>
         <file>rts67plus.lib</file>
         <name>imath64.obj</name>
      </input_file>
      <input_file id="fl-27">
         <path>D:\instalki\ti\ccsv6\tools\compiler\c6000_7.4.14\lib\</path>
         <kind>archive</kind>
         <file>rts67plus.lib</file>
         <name>isinf.obj</name>
      </input_file>
      <input_file id="fl-28">
         <path>D:\instalki\ti\ccsv6\tools\compiler\c6000_7.4.14\lib\</path>
         <kind>archive</kind>
         <file>rts67plus.lib</file>
         <name>llshift.obj</name>
      </input_file>
      <input_file id="fl-29">
         <path>D:\instalki\ti\ccsv6\tools\compiler\c6000_7.4.14\lib\</path>
         <kind>archive</kind>
         <file>rts67plus.lib</file>
         <name>ltoa.obj</name>
      </input_file>
      <input_file id="fl-2a">
         <path>D:\instalki\ti\ccsv6\tools\compiler\c6000_7.4.14\lib\</path>
         <kind>archive</kind>
         <file>rts67plus.lib</file>
         <name>memccpy.obj</name>
      </input_file>
      <input_file id="fl-2b">
         <path>D:\instalki\ti\ccsv6\tools\compiler\c6000_7.4.14\lib\</path>
         <kind>archive</kind>
         <file>rts67plus.lib</file>
         <name>memset.obj</name>
      </input_file>
      <input_file id="fl-2c">
         <path>D:\instalki\ti\ccsv6\tools\compiler\c6000_7.4.14\lib\</path>
         <kind>archive</kind>
         <file>rts67plus.lib</file>
         <name>mpyll.obj</name>
      </input_file>
      <input_file id="fl-2d">
         <path>D:\instalki\ti\ccsv6\tools\compiler\c6000_7.4.14\lib\</path>
         <kind>archive</kind>
         <file>rts67plus.lib</file>
         <name>negll.obj</name>
      </input_file>
      <input_file id="fl-2e">
         <path>D:\instalki\ti\ccsv6\tools\compiler\c6000_7.4.14\lib\</path>
         <kind>archive</kind>
         <file>rts67plus.lib</file>
         <name>setvbuf.obj</name>
      </input_file>
      <input_file id="fl-2f">
         <path>D:\instalki\ti\ccsv6\tools\compiler\c6000_7.4.14\lib\</path>
         <kind>archive</kind>
         <file>rts67plus.lib</file>
         <name>abs.obj</name>
      </input_file>
      <input_file id="fl-30">
         <path>D:\instalki\ti\ccsv6\tools\compiler\c6000_7.4.14\lib\</path>
         <kind>archive</kind>
         <file>rts67plus.lib</file>
         <name>fopen.obj</name>
      </input_file>
      <input_file id="fl-31">
         <path>D:\instalki\ti\ccsv6\tools\compiler\c6000_7.4.14\lib\</path>
         <kind>archive</kind>
         <file>rts67plus.lib</file>
         <name>memory.obj</name>
      </input_file>
      <input_file id="fl-32">
         <path>D:\instalki\ti\ccsv6\tools\compiler\c6000_7.4.14\lib\</path>
         <kind>archive</kind>
         <file>rts67plus.lib</file>
         <name>fclose.obj</name>
      </input_file>
      <input_file id="fl-33">
         <path>D:\instalki\ti\ccsv6\tools\compiler\c6000_7.4.14\lib\</path>
         <kind>archive</kind>
         <file>rts67plus.lib</file>
         <name>remove.obj</name>
      </input_file>
      <input_file id="fl-34">
         <path>D:\instalki\ti\ccsv6\tools\compiler\c6000_7.4.14\C672x\lib\</path>
         <kind>archive</kind>
         <file>csl_c6727_CCS6d.lib</file>
         <name>csl_mcaspHwSetup.obj</name>
      </input_file>
      <input_file id="fl-35">
         <path>D:\instalki\ti\ccsv6\tools\compiler\c6000_7.4.14\C672x\lib\</path>
         <kind>archive</kind>
         <file>csl_c6727_CCS6d.lib</file>
         <name>csl_mcaspOpen.obj</name>
      </input_file>
      <input_file id="fl-36">
         <path>D:\instalki\ti\ccsv6\tools\compiler\c6000_7.4.14\C672x\lib\</path>
         <kind>archive</kind>
         <file>csl_c6727_CCS6d.lib</file>
         <name>csl_intcEventEnable.obj</name>
      </input_file>
      <input_file id="fl-37">
         <path>D:\instalki\ti\ccsv6\tools\compiler\c6000_7.4.14\C672x\lib\</path>
         <kind>archive</kind>
         <file>csl_c6727_CCS6d.lib</file>
         <name>csl_intcGlobalEnable.obj</name>
      </input_file>
      <input_file id="fl-38">
         <path>D:\instalki\ti\ccsv6\tools\compiler\c6000_7.4.14\C672x\lib\</path>
         <kind>archive</kind>
         <file>csl_c6727_CCS6d.lib</file>
         <name>csl_intcHookIsr.obj</name>
      </input_file>
      <input_file id="fl-39">
         <path>D:\instalki\ti\ccsv6\tools\compiler\c6000_7.4.14\C672x\lib\</path>
         <kind>archive</kind>
         <file>csl_c6727_CCS6d.lib</file>
         <name>csl_intcInit.obj</name>
      </input_file>
      <input_file id="fl-3a">
         <path>D:\instalki\ti\ccsv6\tools\compiler\c6000_7.4.14\C672x\lib\</path>
         <kind>archive</kind>
         <file>csl_c6727_CCS6d.lib</file>
         <name>csl_intcOpen.obj</name>
      </input_file>
      <input_file id="fl-3b">
         <path>D:\instalki\ti\ccsv6\tools\compiler\c6000_7.4.14\C672x\lib\</path>
         <kind>archive</kind>
         <file>csl_c6727_CCS6d.lib</file>
         <name>csl_intcSetVectorPtr.obj</name>
      </input_file>
      <input_file id="fl-3c">
         <path>D:\instalki\ti\ccsv6\tools\compiler\c6000_7.4.14\C672x\lib\</path>
         <kind>archive</kind>
         <file>csl_c6727_CCS6d.lib</file>
         <name>csl_dmaxClose.obj</name>
      </input_file>
      <input_file id="fl-3d">
         <path>D:\instalki\ti\ccsv6\tools\compiler\c6000_7.4.14\C672x\lib\</path>
         <kind>archive</kind>
         <file>csl_c6727_CCS6d.lib</file>
         <name>csl_dmaxHwControl.obj</name>
      </input_file>
      <input_file id="fl-3e">
         <path>D:\instalki\ti\ccsv6\tools\compiler\c6000_7.4.14\C672x\lib\</path>
         <kind>archive</kind>
         <file>csl_c6727_CCS6d.lib</file>
         <name>csl_dmaxHwSetup.obj</name>
      </input_file>
      <input_file id="fl-3f">
         <path>D:\instalki\ti\ccsv6\tools\compiler\c6000_7.4.14\C672x\lib\</path>
         <kind>archive</kind>
         <file>csl_c6727_CCS6d.lib</file>
         <name>csl_dmaxHwSetup1dParam.obj</name>
      </input_file>
      <input_file id="fl-40">
         <path>D:\instalki\ti\ccsv6\tools\compiler\c6000_7.4.14\C672x\lib\</path>
         <kind>archive</kind>
         <file>csl_c6727_CCS6d.lib</file>
         <name>csl_dmaxHwSetupFifoParam.obj</name>
      </input_file>
      <input_file id="fl-41">
         <path>D:\instalki\ti\ccsv6\tools\compiler\c6000_7.4.14\C672x\lib\</path>
         <kind>archive</kind>
         <file>csl_c6727_CCS6d.lib</file>
         <name>csl_dmaxHwSetupGpParam.obj</name>
      </input_file>
      <input_file id="fl-42">
         <path>D:\instalki\ti\ccsv6\tools\compiler\c6000_7.4.14\C672x\lib\</path>
         <kind>archive</kind>
         <file>csl_c6727_CCS6d.lib</file>
         <name>csl_dmaxHwSetupSpiParam.obj</name>
      </input_file>
      <input_file id="fl-43">
         <path>D:\instalki\ti\ccsv6\tools\compiler\c6000_7.4.14\C672x\lib\</path>
         <kind>archive</kind>
         <file>csl_c6727_CCS6d.lib</file>
         <name>csl_dmaxInit.obj</name>
      </input_file>
      <input_file id="fl-44">
         <path>D:\instalki\ti\ccsv6\tools\compiler\c6000_7.4.14\C672x\lib\</path>
         <kind>archive</kind>
         <file>csl_c6727_CCS6d.lib</file>
         <name>csl_dmaxOpen.obj</name>
      </input_file>
      <input_file id="fl-45">
         <path>D:\instalki\ti\ccsv6\tools\compiler\c6000_7.4.14\C672x\lib\</path>
         <kind>archive</kind>
         <file>csl_c6727_CCS6d.lib</file>
         <name>csl_dmaxSetDetr.obj</name>
      </input_file>
      <input_file id="fl-46">
         <path>D:\instalki\ti\ccsv6\tools\compiler\c6000_7.4.14\C672x\lib\</path>
         <kind>archive</kind>
         <file>csl_c6727_CCS6d.lib</file>
         <name>csl_dmaxGetBaseAddress.obj</name>
      </input_file>
      <input_file id="fl-47">
         <path>D:\instalki\ti\ccsv6\tools\compiler\c6000_7.4.14\C672x\lib\</path>
         <kind>archive</kind>
         <file>csl_c6727_CCS6d.lib</file>
         <name>csl_chipInit.obj</name>
      </input_file>
      <input_file id="fl-48">
         <path>D:\instalki\ti\ccsv6\tools\compiler\c6000_7.4.14\C672x\lib\</path>
         <kind>archive</kind>
         <file>csl_c6727_CCS6d.lib</file>
         <name>csl_mcaspGetChipCtxt.obj</name>
      </input_file>
      <input_file id="fl-49">
         <path>D:\instalki\ti\ccsv6\tools\compiler\c6000_7.4.14\C672x\lib\</path>
         <kind>archive</kind>
         <file>csl_c6727_CCS6d.lib</file>
         <name>_CSL_eventEnorDisable.obj</name>
      </input_file>
      <input_file id="fl-4a">
         <path>D:\instalki\ti\ccsv6\tools\compiler\c6000_7.4.14\C672x\lib\</path>
         <kind>archive</kind>
         <file>csl_c6727_CCS6d.lib</file>
         <name>_CSL_intcFetchPacket.obj</name>
      </input_file>
      <input_file id="fl-4b">
         <path>D:\instalki\ti\ccsv6\tools\compiler\c6000_7.4.14\C672x\lib\</path>
         <kind>archive</kind>
         <file>csl_c6727_CCS6d.lib</file>
         <name>_CSL_intcGlobalEnorDisable.obj</name>
      </input_file>
      <input_file id="fl-4c">
         <path>D:\instalki\ti\ccsv6\tools\compiler\c6000_7.4.14\C672x\lib\</path>
         <kind>archive</kind>
         <file>csl_c6727_CCS6d.lib</file>
         <name>_CSL_intcISTP.obj</name>
      </input_file>
      <input_file id="fl-4d">
         <path>D:\instalki\ti\ccsv6\tools\compiler\c6000_7.4.14\C672x\lib\</path>
         <kind>archive</kind>
         <file>csl_c6727_CCS6d.lib</file>
         <name>_CSL_intcReadISTP.obj</name>
      </input_file>
      <input_file id="fl-4e">
         <path>D:\instalki\ti\ccsv6\tools\compiler\c6000_7.4.14\C672x\lib\</path>
         <kind>archive</kind>
         <file>csl_c6727_CCS6d.lib</file>
         <name>csl_intcGlobalDisable.obj</name>
      </input_file>
      <input_file id="fl-4f">
         <path>D:\instalki\ti\ccsv6\tools\compiler\c6000_7.4.14\C672x\lib\</path>
         <kind>archive</kind>
         <file>csl_c6727_CCS6d.lib</file>
         <name>csl_intcGlobalRestore.obj</name>
      </input_file>
      <input_file id="fl-50">
         <path>D:\instalki\ti\ccsv6\tools\compiler\c6000_7.4.14\C672x\lib\</path>
         <kind>archive</kind>
         <file>csl_c6727_CCS6d.lib</file>
         <name>CSL_dmaxGetNextFreeParamEntry.obj</name>
      </input_file>
      <input_file id="fl-51">
         <path>D:\instalki\ti\ccsv6\tools\compiler\c6000_7.4.14\PADK\dsp\lib\</path>
         <kind>archive</kind>
         <file>PADK6d.lib</file>
         <name>PADK_GPIO.obj</name>
      </input_file>
      <input_file id="fl-52">
         <path>D:\instalki\ti\ccsv6\tools\compiler\c6000_7.4.14\PADK\dsp\lib\</path>
         <kind>archive</kind>
         <file>PADK6d.lib</file>
         <name>PADK_I2C.obj</name>
      </input_file>
      <input_file id="fl-53">
         <path>D:\instalki\ti\ccsv6\tools\compiler\c6000_7.4.14\PADK\dsp\lib\</path>
         <kind>archive</kind>
         <file>PADK6d.lib</file>
         <name>PADK_UART.obj</name>
      </input_file>
      <input_file id="fl-54">
         <path>D:\instalki\ti\ccsv6\tools\compiler\c6000_7.4.14\lib\</path>
         <kind>archive</kind>
         <file>rts67plus.lib</file>
         <name>strasg.obj</name>
      </input_file>
      <input_file id="fl-55">
         <path>D:\instalki\ti\ccsv6\tools\compiler\c6000_7.4.14\C672x\lib\</path>
         <kind>archive</kind>
         <file>csl_c6727_CCS6d.lib</file>
         <name>csl_i2cClose.obj</name>
      </input_file>
      <input_file id="fl-56">
         <path>D:\instalki\ti\ccsv6\tools\compiler\c6000_7.4.14\C672x\lib\</path>
         <kind>archive</kind>
         <file>csl_c6727_CCS6d.lib</file>
         <name>csl_i2cGetHwStatus.obj</name>
      </input_file>
      <input_file id="fl-57">
         <path>D:\instalki\ti\ccsv6\tools\compiler\c6000_7.4.14\C672x\lib\</path>
         <kind>archive</kind>
         <file>csl_c6727_CCS6d.lib</file>
         <name>csl_i2cHwControl.obj</name>
      </input_file>
      <input_file id="fl-58">
         <path>D:\instalki\ti\ccsv6\tools\compiler\c6000_7.4.14\C672x\lib\</path>
         <kind>archive</kind>
         <file>csl_c6727_CCS6d.lib</file>
         <name>csl_i2cHwSetup.obj</name>
      </input_file>
      <input_file id="fl-59">
         <path>D:\instalki\ti\ccsv6\tools\compiler\c6000_7.4.14\C672x\lib\</path>
         <kind>archive</kind>
         <file>csl_c6727_CCS6d.lib</file>
         <name>csl_i2cHwSetupRaw.obj</name>
      </input_file>
      <input_file id="fl-5a">
         <path>D:\instalki\ti\ccsv6\tools\compiler\c6000_7.4.14\C672x\lib\</path>
         <kind>archive</kind>
         <file>csl_c6727_CCS6d.lib</file>
         <name>csl_i2cInit.obj</name>
      </input_file>
      <input_file id="fl-5b">
         <path>D:\instalki\ti\ccsv6\tools\compiler\c6000_7.4.14\C672x\lib\</path>
         <kind>archive</kind>
         <file>csl_c6727_CCS6d.lib</file>
         <name>csl_i2cOpen.obj</name>
      </input_file>
      <input_file id="fl-5c">
         <path>D:\instalki\ti\ccsv6\tools\compiler\c6000_7.4.14\C672x\lib\</path>
         <kind>archive</kind>
         <file>csl_c6727_CCS6d.lib</file>
         <name>csl_i2cGetBaseAddress.obj</name>
      </input_file>
   </input_file_list>
   <object_component_list>
      <object_component id="oc-d9">
         <name>.text</name>
         <load_address>0x10001c00</load_address>
         <run_address>0x10001c00</run_address>
         <size>0x1340</size>
         <input_file_ref idref="fl-52"/>
      </object_component>
      <object_component id="oc-e2">
         <name>.text:csl_section:mcasp</name>
         <load_address>0x10002f40</load_address>
         <run_address>0x10002f40</run_address>
         <size>0x940</size>
         <input_file_ref idref="fl-34"/>
      </object_component>
      <object_component id="oc-fe">
         <name>.text</name>
         <load_address>0x10003880</load_address>
         <run_address>0x10003880</run_address>
         <size>0x740</size>
         <input_file_ref idref="fl-3d"/>
      </object_component>
      <object_component id="oc-e4">
         <name>.text:csl_section:dmax</name>
         <load_address>0x10003fc0</load_address>
         <run_address>0x10003fc0</run_address>
         <size>0x6c0</size>
         <input_file_ref idref="fl-3e"/>
      </object_component>
      <object_component id="oc-11c">
         <name>.text:__getarg_diouxp</name>
         <load_address>0x10004680</load_address>
         <run_address>0x10004680</run_address>
         <size>0x6a0</size>
         <input_file_ref idref="fl-17"/>
      </object_component>
      <object_component id="oc-128">
         <name>.text:__divd</name>
         <load_address>0x10004d20</load_address>
         <run_address>0x10004d20</run_address>
         <size>0x660</size>
         <input_file_ref idref="fl-1e"/>
      </object_component>
      <object_component id="oc-10a">
         <name>.text:__setfield</name>
         <load_address>0x10005380</load_address>
         <run_address>0x10005380</run_address>
         <size>0x600</size>
         <input_file_ref idref="fl-17"/>
      </object_component>
      <object_component id="oc-102">
         <name>.text</name>
         <load_address>0x10005980</load_address>
         <run_address>0x10005980</run_address>
         <size>0x600</size>
         <input_file_ref idref="fl-57"/>
      </object_component>
      <object_component id="oc-c9">
         <name>.text</name>
         <load_address>0x10005f80</load_address>
         <run_address>0x10005f80</run_address>
         <size>0x560</size>
         <input_file_ref idref="fl-53"/>
      </object_component>
      <object_component id="oc-f6">
         <name>.text:__printfi</name>
         <load_address>0x100064e0</load_address>
         <run_address>0x100064e0</run_address>
         <size>0x520</size>
         <input_file_ref idref="fl-17"/>
      </object_component>
      <object_component id="oc-106">
         <name>.text:_fputs</name>
         <load_address>0x10006a00</load_address>
         <run_address>0x10006a00</run_address>
         <size>0x4a0</size>
         <input_file_ref idref="fl-10"/>
      </object_component>
      <object_component id="oc-104">
         <name>.text</name>
         <load_address>0x10006ea0</load_address>
         <run_address>0x10006ea0</run_address>
         <size>0x480</size>
         <input_file_ref idref="fl-56"/>
      </object_component>
      <object_component id="oc-ca">
         <name>.text</name>
         <load_address>0x10007320</load_address>
         <run_address>0x10007320</run_address>
         <size>0x420</size>
         <input_file_ref idref="fl-51"/>
      </object_component>
      <object_component id="oc-111">
         <name>.text:__pproc_fge</name>
         <load_address>0x10007740</load_address>
         <run_address>0x10007740</run_address>
         <size>0x3e0</size>
         <input_file_ref idref="fl-17"/>
      </object_component>
      <object_component id="oc-16">
         <name>.text:retain</name>
         <load_address>0x10007b20</load_address>
         <run_address>0x10007b20</run_address>
         <size>0x3e0</size>
         <input_file_ref idref="fl-3"/>
      </object_component>
      <object_component id="oc-e3">
         <name>.text:csl_section:dmax</name>
         <load_address>0x10007f00</load_address>
         <run_address>0x10007f00</run_address>
         <size>0x3c0</size>
         <input_file_ref idref="fl-44"/>
      </object_component>
      <object_component id="oc-e6">
         <name>.text:csl_section:intc</name>
         <load_address>0x100082c0</load_address>
         <run_address>0x100082c0</run_address>
         <size>0x3c0</size>
         <input_file_ref idref="fl-38"/>
      </object_component>
      <object_component id="oc-d6">
         <name>.text</name>
         <load_address>0x10008680</load_address>
         <run_address>0x10008680</run_address>
         <size>0x3c0</size>
         <input_file_ref idref="fl-3"/>
      </object_component>
      <object_component id="oc-126">
         <name>.text:_fcvt</name>
         <load_address>0x10008a40</load_address>
         <run_address>0x10008a40</run_address>
         <size>0x3a0</size>
         <input_file_ref idref="fl-17"/>
      </object_component>
      <object_component id="oc-123">
         <name>.text:_ecvt</name>
         <load_address>0x10008de0</load_address>
         <run_address>0x10008de0</run_address>
         <size>0x380</size>
         <input_file_ref idref="fl-17"/>
      </object_component>
      <object_component id="oc-109">
         <name>.text:__pproc_fwp</name>
         <load_address>0x10009160</load_address>
         <run_address>0x10009160</run_address>
         <size>0x360</size>
         <input_file_ref idref="fl-17"/>
      </object_component>
      <object_component id="oc-120">
         <name>.text:_free</name>
         <load_address>0x100094c0</load_address>
         <run_address>0x100094c0</run_address>
         <size>0x360</size>
         <input_file_ref idref="fl-31"/>
      </object_component>
      <object_component id="oc-fa">
         <name>.text:csl_section:dmax</name>
         <load_address>0x10009820</load_address>
         <run_address>0x10009820</run_address>
         <size>0x340</size>
         <input_file_ref idref="fl-41"/>
      </object_component>
      <object_component id="oc-11b">
         <name>.text:__pconv_e</name>
         <load_address>0x10009b60</load_address>
         <run_address>0x10009b60</run_address>
         <size>0x300</size>
         <input_file_ref idref="fl-17"/>
      </object_component>
      <object_component id="oc-134">
         <name>.text:__divull</name>
         <load_address>0x10009e60</load_address>
         <run_address>0x10009e60</run_address>
         <size>0x2e0</size>
         <input_file_ref idref="fl-26"/>
      </object_component>
      <object_component id="oc-112">
         <name>.text:__pproc_diouxp</name>
         <load_address>0x1000a140</load_address>
         <run_address>0x1000a140</run_address>
         <size>0x2e0</size>
         <input_file_ref idref="fl-17"/>
      </object_component>
      <object_component id="oc-ef">
         <name>.text:csl_section:i2c</name>
         <load_address>0x1000a420</load_address>
         <run_address>0x1000a420</run_address>
         <size>0x2e0</size>
         <input_file_ref idref="fl-56"/>
      </object_component>
      <object_component id="oc-ed">
         <name>.text:csl_section:i2c</name>
         <load_address>0x1000a700</load_address>
         <run_address>0x1000a700</run_address>
         <size>0x2e0</size>
         <input_file_ref idref="fl-58"/>
      </object_component>
      <object_component id="oc-10b">
         <name>.text:__pproc_str</name>
         <load_address>0x1000a9e0</load_address>
         <run_address>0x1000a9e0</run_address>
         <size>0x2a0</size>
         <input_file_ref idref="fl-17"/>
      </object_component>
      <object_component id="oc-115">
         <name>.text:_setvbuf</name>
         <load_address>0x1000ac80</load_address>
         <run_address>0x1000ac80</run_address>
         <size>0x2a0</size>
         <input_file_ref idref="fl-2e"/>
      </object_component>
      <object_component id="oc-ee">
         <name>.text:csl_section:i2c</name>
         <load_address>0x1000af20</load_address>
         <run_address>0x1000af20</run_address>
         <size>0x2a0</size>
         <input_file_ref idref="fl-57"/>
      </object_component>
      <object_component id="oc-119">
         <name>.text:__pconv_g</name>
         <load_address>0x1000b1c0</load_address>
         <run_address>0x1000b1c0</run_address>
         <size>0x280</size>
         <input_file_ref idref="fl-17"/>
      </object_component>
      <object_component id="oc-107">
         <name>.text:_fputc</name>
         <load_address>0x1000b440</load_address>
         <run_address>0x1000b440</run_address>
         <size>0x280</size>
         <input_file_ref idref="fl-f"/>
      </object_component>
      <object_component id="oc-f1">
         <name>.text:csl_section:i2c</name>
         <load_address>0x1000b6c0</load_address>
         <run_address>0x1000b6c0</run_address>
         <size>0x240</size>
         <input_file_ref idref="fl-59"/>
      </object_component>
      <object_component id="oc-d1">
         <name>.text:_HOSTrename</name>
         <load_address>0x1000b900</load_address>
         <run_address>0x1000b900</run_address>
         <size>0x220</size>
         <input_file_ref idref="fl-13"/>
      </object_component>
      <object_component id="oc-125">
         <name>.text:__mcpy</name>
         <load_address>0x1000bb20</load_address>
         <run_address>0x1000bb20</run_address>
         <size>0x220</size>
         <input_file_ref idref="fl-17"/>
      </object_component>
      <object_component id="oc-121">
         <name>.text:_malloc</name>
         <load_address>0x1000bd40</load_address>
         <run_address>0x1000bd40</run_address>
         <size>0x220</size>
         <input_file_ref idref="fl-31"/>
      </object_component>
      <object_component id="oc-d4">
         <name>.text:_memcpy</name>
         <load_address>0x1000bf60</load_address>
         <run_address>0x1000bf60</run_address>
         <size>0x200</size>
         <input_file_ref idref="fl-12"/>
      </object_component>
      <object_component id="oc-133">
         <name>.text:__divul</name>
         <load_address>0x1000c160</load_address>
         <run_address>0x1000c160</run_address>
         <size>0x1c0</size>
         <input_file_ref idref="fl-25"/>
      </object_component>
      <object_component id="oc-13c">
         <name>.text:_getdevice</name>
         <load_address>0x1000c320</load_address>
         <run_address>0x1000c320</run_address>
         <size>0x1c0</size>
         <input_file_ref idref="fl-11"/>
      </object_component>
      <object_component id="oc-114">
         <name>.text:_fseek</name>
         <load_address>0x1000c4e0</load_address>
         <run_address>0x1000c4e0</run_address>
         <size>0x1a0</size>
         <input_file_ref idref="fl-24"/>
      </object_component>
      <object_component id="oc-e5">
         <name>.text:csl_section:dmax</name>
         <load_address>0x1000c680</load_address>
         <run_address>0x1000c680</run_address>
         <size>0x1a0</size>
         <input_file_ref idref="fl-3d"/>
      </object_component>
      <object_component id="oc-11e">
         <name>.text:__ltostr</name>
         <load_address>0x1000c820</load_address>
         <run_address>0x1000c820</run_address>
         <size>0x180</size>
         <input_file_ref idref="fl-17"/>
      </object_component>
      <object_component id="oc-108">
         <name>.text:__pproc_fflags</name>
         <load_address>0x1000c9a0</load_address>
         <run_address>0x1000c9a0</run_address>
         <size>0x180</size>
         <input_file_ref idref="fl-17"/>
      </object_component>
      <object_component id="oc-12d">
         <name>.text:__closefile</name>
         <load_address>0x1000cb20</load_address>
         <run_address>0x1000cb20</run_address>
         <size>0x160</size>
         <input_file_ref idref="fl-32"/>
      </object_component>
      <object_component id="oc-f9">
         <name>.text</name>
         <load_address>0x1000cc80</load_address>
         <run_address>0x1000cc80</run_address>
         <size>0x160</size>
         <input_file_ref idref="fl-50"/>
      </object_component>
      <object_component id="oc-fb">
         <name>.text:csl_section:dmax</name>
         <load_address>0x1000cde0</load_address>
         <run_address>0x1000cde0</run_address>
         <size>0x160</size>
         <input_file_ref idref="fl-40"/>
      </object_component>
      <object_component id="oc-e0">
         <name>.text:csl_section:intc</name>
         <load_address>0x1000cf40</load_address>
         <run_address>0x1000cf40</run_address>
         <size>0x160</size>
         <input_file_ref idref="fl-3a"/>
      </object_component>
      <object_component id="oc-f7">
         <name>.text:csl_section:mcasp</name>
         <load_address>0x1000d0a0</load_address>
         <run_address>0x1000d0a0</run_address>
         <size>0x160</size>
         <input_file_ref idref="fl-48"/>
      </object_component>
      <object_component id="oc-cf">
         <name>.text:_HOSTlseek</name>
         <load_address>0x1000d200</load_address>
         <run_address>0x1000d200</run_address>
         <size>0x140</size>
         <input_file_ref idref="fl-13"/>
      </object_component>
      <object_component id="oc-110">
         <name>.text:_atoi</name>
         <load_address>0x1000d340</load_address>
         <run_address>0x1000d340</run_address>
         <size>0x140</size>
         <input_file_ref idref="fl-19"/>
      </object_component>
      <object_component id="oc-100">
         <name>.text:csl_section:dmax</name>
         <load_address>0x1000d480</load_address>
         <run_address>0x1000d480</run_address>
         <size>0x140</size>
         <input_file_ref idref="fl-3c"/>
      </object_component>
      <object_component id="oc-cb">
         <name>.text:_HOSTopen</name>
         <load_address>0x1000d5c0</load_address>
         <run_address>0x1000d5c0</run_address>
         <size>0x120</size>
         <input_file_ref idref="fl-13"/>
      </object_component>
      <object_component id="oc-cd">
         <name>.text:_HOSTread</name>
         <load_address>0x1000d6e0</load_address>
         <run_address>0x1000d6e0</run_address>
         <size>0x120</size>
         <input_file_ref idref="fl-13"/>
      </object_component>
      <object_component id="oc-ce">
         <name>.text:_HOSTwrite</name>
         <load_address>0x1000d800</load_address>
         <run_address>0x1000d800</run_address>
         <size>0x120</size>
         <input_file_ref idref="fl-13"/>
      </object_component>
      <object_component id="oc-132">
         <name>.text:__frcmpyd_div</name>
         <load_address>0x1000d920</load_address>
         <run_address>0x1000d920</run_address>
         <size>0x120</size>
         <input_file_ref idref="fl-23"/>
      </object_component>
      <object_component id="oc-10d">
         <name>.text:__wrt_ok</name>
         <load_address>0x1000da40</load_address>
         <run_address>0x1000da40</run_address>
         <size>0x120</size>
         <input_file_ref idref="fl-15"/>
      </object_component>
      <object_component id="oc-135">
         <name>.text:_close</name>
         <load_address>0x1000db60</load_address>
         <run_address>0x1000db60</run_address>
         <size>0x120</size>
         <input_file_ref idref="fl-11"/>
      </object_component>
      <object_component id="oc-de">
         <name>.text:_fprintf</name>
         <load_address>0x1000dc80</load_address>
         <run_address>0x1000dc80</run_address>
         <size>0x120</size>
         <input_file_ref idref="fl-e"/>
      </object_component>
      <object_component id="oc-12f">
         <name>.text:_ltoa</name>
         <load_address>0x1000dda0</load_address>
         <run_address>0x1000dda0</run_address>
         <size>0x120</size>
         <input_file_ref idref="fl-29"/>
      </object_component>
      <object_component id="oc-ea">
         <name>.text:_memset</name>
         <load_address>0x1000dec0</load_address>
         <run_address>0x1000dec0</run_address>
         <size>0x120</size>
         <input_file_ref idref="fl-2b"/>
      </object_component>
      <object_component id="oc-ec">
         <name>.text:csl_section:i2c</name>
         <load_address>0x1000dfe0</load_address>
         <run_address>0x1000dfe0</run_address>
         <size>0x120</size>
         <input_file_ref idref="fl-5b"/>
      </object_component>
      <object_component id="oc-e1">
         <name>.text:csl_section:mcasp</name>
         <load_address>0x1000e100</load_address>
         <run_address>0x1000e100</run_address>
         <size>0x120</size>
         <input_file_ref idref="fl-35"/>
      </object_component>
      <object_component id="oc-d0">
         <name>.text:_HOSTunlink</name>
         <load_address>0x1000e220</load_address>
         <run_address>0x1000e220</run_address>
         <size>0x100</size>
         <input_file_ref idref="fl-13"/>
      </object_component>
      <object_component id="oc-c6">
         <name>.text:__auto_init</name>
         <load_address>0x1000e320</load_address>
         <run_address>0x1000e320</run_address>
         <size>0x100</size>
         <input_file_ref idref="fl-1a"/>
      </object_component>
      <object_component id="oc-129">
         <name>.text:__div</name>
         <load_address>0x1000e420</load_address>
         <run_address>0x1000e420</run_address>
         <size>0x100</size>
         <input_file_ref idref="fl-17"/>
      </object_component>
      <object_component id="oc-11a">
         <name>.text:__pconv_f</name>
         <load_address>0x1000e520</load_address>
         <run_address>0x1000e520</run_address>
         <size>0x100</size>
         <input_file_ref idref="fl-17"/>
      </object_component>
      <object_component id="oc-f0">
         <name>.text:__strasgi</name>
         <load_address>0x1000e620</load_address>
         <run_address>0x1000e620</run_address>
         <size>0x100</size>
         <input_file_ref idref="fl-54"/>
      </object_component>
      <object_component id="oc-fd">
         <name>.text:csl_section:dmax</name>
         <load_address>0x1000e720</load_address>
         <run_address>0x1000e720</run_address>
         <size>0x100</size>
         <input_file_ref idref="fl-42"/>
      </object_component>
      <object_component id="oc-cc">
         <name>.text:_HOSTclose</name>
         <load_address>0x1000e820</load_address>
         <run_address>0x1000e820</run_address>
         <size>0xe0</size>
         <input_file_ref idref="fl-13"/>
      </object_component>
      <object_component id="oc-122">
         <name>.text:__cleanup</name>
         <load_address>0x1000e900</load_address>
         <run_address>0x1000e900</run_address>
         <size>0xe0</size>
         <input_file_ref idref="fl-30"/>
      </object_component>
      <object_component id="oc-10e">
         <name>.text:__doflush</name>
         <load_address>0x1000e9e0</load_address>
         <run_address>0x1000e9e0</run_address>
         <size>0xe0</size>
         <input_file_ref idref="fl-20"/>
      </object_component>
      <object_component id="oc-127">
         <name>.text:__fcpy</name>
         <load_address>0x1000eac0</load_address>
         <run_address>0x1000eac0</run_address>
         <size>0xe0</size>
         <input_file_ref idref="fl-17"/>
      </object_component>
      <object_component id="oc-c8">
         <name>.text:_exit</name>
         <load_address>0x1000eba0</load_address>
         <run_address>0x1000eba0</run_address>
         <size>0xe0</size>
         <input_file_ref idref="fl-d"/>
      </object_component>
      <object_component id="oc-11f">
         <name>.text:_lseek</name>
         <load_address>0x1000ec80</load_address>
         <run_address>0x1000ec80</run_address>
         <size>0xe0</size>
         <input_file_ref idref="fl-11"/>
      </object_component>
      <object_component id="oc-12b">
         <name>.text:_mremove</name>
         <load_address>0x1000ed60</load_address>
         <run_address>0x1000ed60</run_address>
         <size>0xe0</size>
         <input_file_ref idref="fl-31"/>
      </object_component>
      <object_component id="oc-10f">
         <name>.text:_write</name>
         <load_address>0x1000ee40</load_address>
         <run_address>0x1000ee40</run_address>
         <size>0xe0</size>
         <input_file_ref idref="fl-11"/>
      </object_component>
      <object_component id="oc-fc">
         <name>.text:csl_section:dmax</name>
         <load_address>0x1000ef20</load_address>
         <run_address>0x1000ef20</run_address>
         <size>0xe0</size>
         <input_file_ref idref="fl-3f"/>
      </object_component>
      <object_component id="oc-e7">
         <name>.text:csl_section:intc</name>
         <load_address>0x1000f000</load_address>
         <run_address>0x1000f000</run_address>
         <size>0xe0</size>
         <input_file_ref idref="fl-36"/>
      </object_component>
      <object_component id="oc-df">
         <name>.text:csl_section:intc</name>
         <load_address>0x1000f0e0</load_address>
         <run_address>0x1000f0e0</run_address>
         <size>0xe0</size>
         <input_file_ref idref="fl-39"/>
      </object_component>
      <object_component id="oc-138">
         <name>.text:__divli</name>
         <load_address>0x1000f1c0</load_address>
         <run_address>0x1000f1c0</run_address>
         <size>0xc0</size>
         <input_file_ref idref="fl-25"/>
      </object_component>
      <object_component id="oc-d8">
         <name>.text:__divu</name>
         <load_address>0x1000f280</load_address>
         <run_address>0x1000f280</run_address>
         <size>0xc0</size>
         <input_file_ref idref="fl-1f"/>
      </object_component>
      <object_component id="oc-124">
         <name>.text:__ecpy</name>
         <load_address>0x1000f340</load_address>
         <run_address>0x1000f340</run_address>
         <size>0xc0</size>
         <input_file_ref idref="fl-17"/>
      </object_component>
      <object_component id="oc-d3">
         <name>.text:_copy_in</name>
         <load_address>0x1000f400</load_address>
         <run_address>0x1000f400</run_address>
         <size>0xc0</size>
         <input_file_ref idref="fl-1c"/>
      </object_component>
      <object_component id="oc-13d">
         <name>.text:_finddevice</name>
         <load_address>0x1000f4c0</load_address>
         <run_address>0x1000f4c0</run_address>
         <size>0xc0</size>
         <input_file_ref idref="fl-11"/>
      </object_component>
      <object_component id="oc-12c">
         <name>.text:_minsert</name>
         <load_address>0x1000f580</load_address>
         <run_address>0x1000f580</run_address>
         <size>0xc0</size>
         <input_file_ref idref="fl-31"/>
      </object_component>
      <object_component id="oc-101">
         <name>.text:csl_section:i2c</name>
         <load_address>0x1000f640</load_address>
         <run_address>0x1000f640</run_address>
         <size>0xc0</size>
         <input_file_ref idref="fl-5c"/>
      </object_component>
      <object_component id="oc-12e">
         <name>.text:__fixdli</name>
         <load_address>0x1000f700</load_address>
         <run_address>0x1000f700</run_address>
         <size>0xa0</size>
         <input_file_ref idref="fl-21"/>
      </object_component>
      <object_component id="oc-db">
         <name>.text:_readmsg</name>
         <load_address>0x1000f7a0</load_address>
         <run_address>0x1000f7a0</run_address>
         <size>0xa0</size>
         <input_file_ref idref="fl-14"/>
      </object_component>
      <object_component id="oc-13b">
         <name>.text:_unlink</name>
         <load_address>0x1000f840</load_address>
         <run_address>0x1000f840</run_address>
         <size>0xa0</size>
         <input_file_ref idref="fl-11"/>
      </object_component>
      <object_component id="oc-f8">
         <name>.text:csl_section:dmax</name>
         <load_address>0x1000f8e0</load_address>
         <run_address>0x1000f8e0</run_address>
         <size>0xa0</size>
         <input_file_ref idref="fl-46"/>
      </object_component>
      <object_component id="oc-d5">
         <name>.text:___TI_cpp_init</name>
         <load_address>0x1000f980</load_address>
         <run_address>0x1000f980</run_address>
         <size>0x80</size>
         <input_file_ref idref="fl-1b"/>
      </object_component>
      <object_component id="oc-130">
         <name>.text:__fltlid</name>
         <load_address>0x1000fa00</load_address>
         <run_address>0x1000fa00</run_address>
         <size>0x80</size>
         <input_file_ref idref="fl-22"/>
      </object_component>
      <object_component id="oc-139">
         <name>.text:__llshl</name>
         <load_address>0x1000fa80</load_address>
         <run_address>0x1000fa80</run_address>
         <size>0x80</size>
         <input_file_ref idref="fl-28"/>
      </object_component>
      <object_component id="oc-12a">
         <name>.text:__mpyll</name>
         <load_address>0x1000fb00</load_address>
         <run_address>0x1000fb00</run_address>
         <size>0x80</size>
         <input_file_ref idref="fl-2c"/>
      </object_component>
      <object_component id="oc-10">
         <name>.text:_c_int00</name>
         <load_address>0x1000fb80</load_address>
         <run_address>0x1000fb80</run_address>
         <size>0x80</size>
         <input_file_ref idref="fl-b"/>
      </object_component>
      <object_component id="oc-113">
         <name>.text:_memccpy</name>
         <load_address>0x1000fc00</load_address>
         <run_address>0x1000fc00</run_address>
         <size>0x80</size>
         <input_file_ref idref="fl-2a"/>
      </object_component>
      <object_component id="oc-da">
         <name>.text:_writemsg</name>
         <load_address>0x1000fc80</load_address>
         <run_address>0x1000fc80</run_address>
         <size>0x80</size>
         <input_file_ref idref="fl-14"/>
      </object_component>
      <object_component id="oc-131">
         <name>.text:__llshru</name>
         <load_address>0x1000fd00</load_address>
         <run_address>0x1000fd00</run_address>
         <size>0x60</size>
         <input_file_ref idref="fl-28"/>
      </object_component>
      <object_component id="oc-137">
         <name>.text:__remli</name>
         <load_address>0x1000fd60</load_address>
         <run_address>0x1000fd60</run_address>
         <size>0x60</size>
         <input_file_ref idref="fl-25"/>
      </object_component>
      <object_component id="oc-13a">
         <name>.text:__subcull</name>
         <load_address>0x1000fdc0</load_address>
         <run_address>0x1000fdc0</run_address>
         <size>0x60</size>
         <input_file_ref idref="fl-26"/>
      </object_component>
      <object_component id="oc-ad">
         <name>.text</name>
         <load_address>0x1000fe20</load_address>
         <run_address>0x1000fe20</run_address>
         <size>0x60</size>
         <input_file_ref idref="fl-49"/>
      </object_component>
      <object_component id="oc-e9">
         <name>.text:csl_section:i2c</name>
         <load_address>0x1000fe80</load_address>
         <run_address>0x1000fe80</run_address>
         <size>0x60</size>
         <input_file_ref idref="fl-55"/>
      </object_component>
      <object_component id="oc-f2">
         <name>.text:csl_section:intc</name>
         <load_address>0x1000fee0</load_address>
         <run_address>0x1000fee0</run_address>
         <size>0x60</size>
         <input_file_ref idref="fl-4e"/>
      </object_component>
      <object_component id="oc-e8">
         <name>.text:csl_section:intc</name>
         <load_address>0x1000ff40</load_address>
         <run_address>0x1000ff40</run_address>
         <size>0x60</size>
         <input_file_ref idref="fl-37"/>
      </object_component>
      <object_component id="oc-f3">
         <name>.text:csl_section:intc</name>
         <load_address>0x1000ffa0</load_address>
         <run_address>0x1000ffa0</run_address>
         <size>0x60</size>
         <input_file_ref idref="fl-4f"/>
      </object_component>
      <object_component id="oc-dd">
         <name>.text:csl_section:intc</name>
         <load_address>0x10010000</load_address>
         <run_address>0x10010000</run_address>
         <size>0x60</size>
         <input_file_ref idref="fl-3b"/>
      </object_component>
      <object_component id="oc-118">
         <name>.text:___isinf</name>
         <load_address>0x10010060</load_address>
         <run_address>0x10010060</run_address>
         <size>0x40</size>
         <input_file_ref idref="fl-27"/>
      </object_component>
      <object_component id="oc-117">
         <name>.text:___isnan</name>
         <load_address>0x100100a0</load_address>
         <run_address>0x100100a0</run_address>
         <size>0x40</size>
         <input_file_ref idref="fl-17"/>
      </object_component>
      <object_component id="oc-c7">
         <name>.text:__args_main</name>
         <load_address>0x100100e0</load_address>
         <run_address>0x100100e0</run_address>
         <size>0x40</size>
         <input_file_ref idref="fl-18"/>
      </object_component>
      <object_component id="oc-af">
         <name>.text</name>
         <load_address>0x10010120</load_address>
         <run_address>0x10010120</run_address>
         <size>0x40</size>
         <input_file_ref idref="fl-4b"/>
      </object_component>
      <object_component id="oc-ac">
         <name>.text</name>
         <load_address>0x10010160</load_address>
         <run_address>0x10010160</run_address>
         <size>0x40</size>
         <input_file_ref idref="fl-45"/>
      </object_component>
      <object_component id="oc-11d">
         <name>.text:__negll</name>
         <load_address>0x100101a0</load_address>
         <run_address>0x100101a0</run_address>
         <size>0x20</size>
         <input_file_ref idref="fl-2d"/>
      </object_component>
      <object_component id="oc-d2">
         <name>.text:__nop</name>
         <load_address>0x100101c0</load_address>
         <run_address>0x100101c0</run_address>
         <size>0x20</size>
         <input_file_ref idref="fl-16"/>
      </object_component>
      <object_component id="oc-f5">
         <name>.text:__outc</name>
         <load_address>0x100101e0</load_address>
         <run_address>0x100101e0</run_address>
         <size>0x20</size>
         <input_file_ref idref="fl-e"/>
      </object_component>
      <object_component id="oc-f4">
         <name>.text:__outs</name>
         <load_address>0x10010200</load_address>
         <run_address>0x10010200</run_address>
         <size>0x20</size>
         <input_file_ref idref="fl-e"/>
      </object_component>
      <object_component id="oc-d7">
         <name>.text:_abort</name>
         <load_address>0x10010220</load_address>
         <run_address>0x10010220</run_address>
         <size>0x20</size>
         <input_file_ref idref="fl-d"/>
      </object_component>
      <object_component id="oc-136">
         <name>.text:_remove</name>
         <load_address>0x10010240</load_address>
         <run_address>0x10010240</run_address>
         <size>0x20</size>
         <input_file_ref idref="fl-33"/>
      </object_component>
      <object_component id="oc-ae">
         <name>.text</name>
         <load_address>0x10010260</load_address>
         <run_address>0x10010260</run_address>
         <size>0x20</size>
         <input_file_ref idref="fl-4a"/>
      </object_component>
      <object_component id="oc-b0">
         <name>.text</name>
         <load_address>0x10010280</load_address>
         <run_address>0x10010280</run_address>
         <size>0x20</size>
         <input_file_ref idref="fl-4c"/>
      </object_component>
      <object_component id="oc-b1">
         <name>.text</name>
         <load_address>0x100102a0</load_address>
         <run_address>0x100102a0</run_address>
         <size>0x20</size>
         <input_file_ref idref="fl-4d"/>
      </object_component>
      <object_component id="oc-dc">
         <name>.text:csl_section:chip</name>
         <load_address>0x100102c0</load_address>
         <run_address>0x100102c0</run_address>
         <size>0x20</size>
         <input_file_ref idref="fl-47"/>
      </object_component>
      <object_component id="oc-eb">
         <name>.text:csl_section:i2c</name>
         <load_address>0x100102e0</load_address>
         <run_address>0x100102e0</run_address>
         <size>0x20</size>
         <input_file_ref idref="fl-5a"/>
      </object_component>
      <object_component id="oc-155">
         <name>.stack</name>
         <load_address>0x10010e38</load_address>
         <run_address>0x10010e38</run_address>
         <size>0x0</size>
      </object_component>
      <object_component id="oc-1c">
         <name>.stack</name>
         <load_address>0x10010e38</load_address>
         <run_address>0x10010e38</run_address>
         <size>0x8</size>
         <input_file_ref idref="fl-b"/>
      </object_component>
      <object_component id="oc-14">
         <name>.cinit</name>
         <load_address>0x10011e38</load_address>
         <run_address>0x10011e38</run_address>
         <size>0x4ec</size>
         <input_file_ref idref="fl-3"/>
      </object_component>
      <object_component id="oc-20">
         <name>.cinit</name>
         <load_address>0x10012328</load_address>
         <run_address>0x10012328</run_address>
         <size>0x5c</size>
         <input_file_ref idref="fl-c"/>
      </object_component>
      <object_component id="oc-33">
         <name>.cinit</name>
         <load_address>0x10012388</load_address>
         <run_address>0x10012388</run_address>
         <size>0x5c</size>
         <input_file_ref idref="fl-11"/>
      </object_component>
      <object_component id="oc-b8">
         <name>.cinit</name>
         <load_address>0x100123e8</load_address>
         <run_address>0x100123e8</run_address>
         <size>0x48</size>
         <input_file_ref idref="fl-52"/>
      </object_component>
      <object_component id="oc-a6">
         <name>.cinit</name>
         <load_address>0x10012430</load_address>
         <run_address>0x10012430</run_address>
         <size>0x48</size>
         <input_file_ref idref="fl-39"/>
      </object_component>
      <object_component id="oc-24">
         <name>.cinit</name>
         <load_address>0x10012478</load_address>
         <run_address>0x10012478</run_address>
         <size>0x2c</size>
         <input_file_ref idref="fl-d"/>
      </object_component>
      <object_component id="oc-9b">
         <name>.cinit</name>
         <load_address>0x100124a8</load_address>
         <run_address>0x100124a8</run_address>
         <size>0x2c</size>
         <input_file_ref idref="fl-31"/>
      </object_component>
      <object_component id="oc-aa">
         <name>.cinit</name>
         <load_address>0x100124d8</load_address>
         <run_address>0x100124d8</run_address>
         <size>0x28</size>
         <input_file_ref idref="fl-43"/>
      </object_component>
      <object_component id="oc-46">
         <name>.cinit</name>
         <load_address>0x10012500</load_address>
         <run_address>0x10012500</run_address>
         <size>0x1c</size>
         <input_file_ref idref="fl-16"/>
      </object_component>
      <object_component id="oc-a8">
         <name>.cinit</name>
         <load_address>0x10012520</load_address>
         <run_address>0x10012520</run_address>
         <size>0xc</size>
         <input_file_ref idref="fl-3a"/>
      </object_component>
      <object_component id="oc-96">
         <name>.cinit</name>
         <load_address>0x10012530</load_address>
         <run_address>0x10012530</run_address>
         <size>0xc</size>
         <input_file_ref idref="fl-30"/>
      </object_component>
      <object_component id="oc-3f">
         <name>.cio</name>
         <uninitialized>true</uninitialized>
         <run_address>0x100126f0</run_address>
         <size>0x120</size>
         <input_file_ref idref="fl-14"/>
      </object_component>
      <object_component id="oc-116">
         <name>.const:.string:__ctypes_</name>
         <load_address>0x10012544</load_address>
         <run_address>0x10012544</run_address>
         <size>0x101</size>
         <input_file_ref idref="fl-1d"/>
      </object_component>
      <object_component id="oc-2f">
         <name>.const:.string</name>
         <load_address>0x10012645</load_address>
         <run_address>0x10012645</run_address>
         <size>0x2</size>
         <input_file_ref idref="fl-10"/>
      </object_component>
      <object_component id="oc-17">
         <name>.const:.string</name>
         <load_address>0x10012648</load_address>
         <run_address>0x10012648</run_address>
         <size>0x40</size>
         <input_file_ref idref="fl-3"/>
      </object_component>
      <object_component id="oc-ba">
         <name>.const</name>
         <load_address>0x10012688</load_address>
         <run_address>0x10012688</run_address>
         <size>0x2c</size>
         <input_file_ref idref="fl-52"/>
      </object_component>
      <object_component id="oc-4b">
         <name>.const:.string</name>
         <load_address>0x100126b4</load_address>
         <run_address>0x100126b4</run_address>
         <size>0x23</size>
         <input_file_ref idref="fl-17"/>
      </object_component>
      <object_component id="oc-bf">
         <name>.const</name>
         <load_address>0x100126d8</load_address>
         <run_address>0x100126d8</run_address>
         <size>0x18</size>
         <input_file_ref idref="fl-53"/>
      </object_component>
      <object_component id="oc-103">
         <name>.switch:_CSL_i2cHwControl</name>
         <load_address>0x10012810</load_address>
         <run_address>0x10012810</run_address>
         <size>0x50</size>
         <input_file_ref idref="fl-57"/>
      </object_component>
      <object_component id="oc-105">
         <name>.switch:_CSL_i2cGetHwStatus</name>
         <load_address>0x10012860</load_address>
         <run_address>0x10012860</run_address>
         <size>0x4c</size>
         <input_file_ref idref="fl-56"/>
      </object_component>
      <object_component id="oc-ff">
         <name>.switch:_CSL_dmaxHwControl</name>
         <load_address>0x100128ac</load_address>
         <run_address>0x100128ac</run_address>
         <size>0x2c</size>
         <input_file_ref idref="fl-3d"/>
      </object_component>
      <object_component id="oc-10c">
         <name>.switch:_CSL_dmaxSetupGeneralXFRParameterEntry</name>
         <load_address>0x100128d8</load_address>
         <run_address>0x100128d8</run_address>
         <size>0x10</size>
         <input_file_ref idref="fl-41"/>
      </object_component>
      <object_component id="oc-15">
         <name>.far</name>
         <uninitialized>true</uninitialized>
         <run_address>0x10010300</run_address>
         <size>0x674</size>
         <input_file_ref idref="fl-3"/>
      </object_component>
      <object_component id="oc-21">
         <name>.far</name>
         <uninitialized>true</uninitialized>
         <run_address>0x10010974</run_address>
         <size>0x324</size>
         <input_file_ref idref="fl-c"/>
      </object_component>
      <object_component id="oc-25">
         <name>.far</name>
         <uninitialized>true</uninitialized>
         <run_address>0x10010e08</run_address>
         <size>0xc</size>
         <input_file_ref idref="fl-d"/>
      </object_component>
      <object_component id="oc-34">
         <name>.far</name>
         <uninitialized>true</uninitialized>
         <run_address>0x10010c98</run_address>
         <size>0x11c</size>
         <input_file_ref idref="fl-11"/>
      </object_component>
      <object_component id="oc-3b">
         <name>.far</name>
         <uninitialized>true</uninitialized>
         <run_address>0x10010e24</run_address>
         <size>0x8</size>
         <input_file_ref idref="fl-13"/>
      </object_component>
      <object_component id="oc-47">
         <name>.far</name>
         <uninitialized>true</uninitialized>
         <run_address>0x10010e14</run_address>
         <size>0x8</size>
         <input_file_ref idref="fl-16"/>
      </object_component>
      <object_component id="oc-97">
         <name>.far</name>
         <uninitialized>true</uninitialized>
         <run_address>0x10010e2c</run_address>
         <size>0x4</size>
         <input_file_ref idref="fl-30"/>
      </object_component>
      <object_component id="oc-9c">
         <name>.far</name>
         <uninitialized>true</uninitialized>
         <run_address>0x10010e1c</run_address>
         <size>0x8</size>
         <input_file_ref idref="fl-31"/>
      </object_component>
      <object_component id="oc-ab">
         <name>.far</name>
         <uninitialized>true</uninitialized>
         <run_address>0x10010de8</run_address>
         <size>0x20</size>
         <input_file_ref idref="fl-43"/>
      </object_component>
      <object_component id="oc-b3">
         <name>.far</name>
         <uninitialized>true</uninitialized>
         <run_address>0x10010e30</run_address>
         <size>0x1</size>
         <input_file_ref idref="fl-51"/>
      </object_component>
      <object_component id="oc-b9">
         <name>.far</name>
         <uninitialized>true</uninitialized>
         <run_address>0x10010db4</run_address>
         <size>0x34</size>
         <input_file_ref idref="fl-52"/>
      </object_component>
      <object_component id="oc-a7">
         <name>.bss:csl_section:intc</name>
         <uninitialized>true</uninitialized>
         <run_address>0x100128e8</run_address>
         <size>0x42</size>
         <input_file_ref idref="fl-39"/>
      </object_component>
      <object_component id="oc-a9">
         <name>.bss:csl_section:intc</name>
         <uninitialized>true</uninitialized>
         <run_address>0x1001292c</run_address>
         <size>0x4</size>
         <input_file_ref idref="fl-3a"/>
      </object_component>
      <object_component id="oc-9d">
         <name>.sysmem</name>
         <uninitialized>true</uninitialized>
         <run_address>0x10011638</run_address>
         <size>0x8</size>
         <input_file_ref idref="fl-31"/>
      </object_component>
      <object_component id="oc-156">
         <name>.sysmem</name>
         <uninitialized>true</uninitialized>
         <run_address>0x10011638</run_address>
         <size>0x0</size>
      </object_component>
      <object_component id="oc-11">
         <name>.debug_info</name>
         <load_address>0x0</load_address>
         <run_address>0x0</run_address>
         <size>0x5f2</size>
         <input_file_ref idref="fl-2"/>
      </object_component>
      <object_component id="oc-13">
         <name>.debug_info</name>
         <load_address>0x5f2</load_address>
         <run_address>0x5f2</run_address>
         <size>0x360a</size>
         <input_file_ref idref="fl-3"/>
      </object_component>
      <object_component id="oc-1b">
         <name>.debug_info</name>
         <load_address>0x3bfc</load_address>
         <run_address>0x3bfc</run_address>
         <size>0x70b</size>
         <input_file_ref idref="fl-b"/>
      </object_component>
      <object_component id="oc-1f">
         <name>.debug_info</name>
         <load_address>0x4307</load_address>
         <run_address>0x4307</run_address>
         <size>0x6e7</size>
         <input_file_ref idref="fl-c"/>
      </object_component>
      <object_component id="oc-23">
         <name>.debug_info</name>
         <load_address>0x49ee</load_address>
         <run_address>0x49ee</run_address>
         <size>0x7fc</size>
         <input_file_ref idref="fl-d"/>
      </object_component>
      <object_component id="oc-28">
         <name>.debug_info</name>
         <load_address>0x51ea</load_address>
         <run_address>0x51ea</run_address>
         <size>0x8f8</size>
         <input_file_ref idref="fl-e"/>
      </object_component>
      <object_component id="oc-2b">
         <name>.debug_info</name>
         <load_address>0x5ae2</load_address>
         <run_address>0x5ae2</run_address>
         <size>0x82a</size>
         <input_file_ref idref="fl-f"/>
      </object_component>
      <object_component id="oc-2e">
         <name>.debug_info</name>
         <load_address>0x630c</load_address>
         <run_address>0x630c</run_address>
         <size>0xb81</size>
         <input_file_ref idref="fl-10"/>
      </object_component>
      <object_component id="oc-32">
         <name>.debug_info</name>
         <load_address>0x6e8d</load_address>
         <run_address>0x6e8d</run_address>
         <size>0xf58</size>
         <input_file_ref idref="fl-11"/>
      </object_component>
      <object_component id="oc-37">
         <name>.debug_info</name>
         <load_address>0x7de5</load_address>
         <run_address>0x7de5</run_address>
         <size>0x78c</size>
         <input_file_ref idref="fl-12"/>
      </object_component>
      <object_component id="oc-3a">
         <name>.debug_info</name>
         <load_address>0x8571</load_address>
         <run_address>0x8571</run_address>
         <size>0xef0</size>
         <input_file_ref idref="fl-13"/>
      </object_component>
      <object_component id="oc-3e">
         <name>.debug_info</name>
         <load_address>0x9461</load_address>
         <run_address>0x9461</run_address>
         <size>0x8c5</size>
         <input_file_ref idref="fl-14"/>
      </object_component>
      <object_component id="oc-42">
         <name>.debug_info</name>
         <load_address>0x9d26</load_address>
         <run_address>0x9d26</run_address>
         <size>0x75a</size>
         <input_file_ref idref="fl-15"/>
      </object_component>
      <object_component id="oc-45">
         <name>.debug_info</name>
         <load_address>0xa480</load_address>
         <run_address>0xa480</run_address>
         <size>0x64c</size>
         <input_file_ref idref="fl-16"/>
      </object_component>
      <object_component id="oc-4a">
         <name>.debug_info</name>
         <load_address>0xaacc</load_address>
         <run_address>0xaacc</run_address>
         <size>0x2b6b</size>
         <input_file_ref idref="fl-17"/>
      </object_component>
      <object_component id="oc-4e">
         <name>.debug_info</name>
         <load_address>0xd637</load_address>
         <run_address>0xd637</run_address>
         <size>0x6e1</size>
         <input_file_ref idref="fl-18"/>
      </object_component>
      <object_component id="oc-51">
         <name>.debug_info</name>
         <load_address>0xdd18</load_address>
         <run_address>0xdd18</run_address>
         <size>0x71c</size>
         <input_file_ref idref="fl-19"/>
      </object_component>
      <object_component id="oc-54">
         <name>.debug_info</name>
         <load_address>0xe434</load_address>
         <run_address>0xe434</run_address>
         <size>0x86e</size>
         <input_file_ref idref="fl-1a"/>
      </object_component>
      <object_component id="oc-57">
         <name>.debug_info</name>
         <load_address>0xeca2</load_address>
         <run_address>0xeca2</run_address>
         <size>0x6e6</size>
         <input_file_ref idref="fl-1b"/>
      </object_component>
      <object_component id="oc-5a">
         <name>.debug_info</name>
         <load_address>0xf388</load_address>
         <run_address>0xf388</run_address>
         <size>0x7dc</size>
         <input_file_ref idref="fl-1c"/>
      </object_component>
      <object_component id="oc-5d">
         <name>.debug_info</name>
         <load_address>0xfb64</load_address>
         <run_address>0xfb64</run_address>
         <size>0x5fa</size>
         <input_file_ref idref="fl-1d"/>
      </object_component>
      <object_component id="oc-5f">
         <name>.debug_info</name>
         <load_address>0x1015e</load_address>
         <run_address>0x1015e</run_address>
         <size>0x982</size>
         <input_file_ref idref="fl-1e"/>
      </object_component>
      <object_component id="oc-62">
         <name>.debug_info</name>
         <load_address>0x10ae0</load_address>
         <run_address>0x10ae0</run_address>
         <size>0xd0</size>
         <input_file_ref idref="fl-1f"/>
      </object_component>
      <object_component id="oc-65">
         <name>.debug_info</name>
         <load_address>0x10bb0</load_address>
         <run_address>0x10bb0</run_address>
         <size>0x781</size>
         <input_file_ref idref="fl-20"/>
      </object_component>
      <object_component id="oc-68">
         <name>.debug_info</name>
         <load_address>0x11331</load_address>
         <run_address>0x11331</run_address>
         <size>0x691</size>
         <input_file_ref idref="fl-21"/>
      </object_component>
      <object_component id="oc-6b">
         <name>.debug_info</name>
         <load_address>0x119c2</load_address>
         <run_address>0x119c2</run_address>
         <size>0x6aa</size>
         <input_file_ref idref="fl-22"/>
      </object_component>
      <object_component id="oc-6e">
         <name>.debug_info</name>
         <load_address>0x1206c</load_address>
         <run_address>0x1206c</run_address>
         <size>0x6a4</size>
         <input_file_ref idref="fl-23"/>
      </object_component>
      <object_component id="oc-71">
         <name>.debug_info</name>
         <load_address>0x12710</load_address>
         <run_address>0x12710</run_address>
         <size>0x7b9</size>
         <input_file_ref idref="fl-24"/>
      </object_component>
      <object_component id="oc-74">
         <name>.debug_info</name>
         <load_address>0x12ec9</load_address>
         <run_address>0x12ec9</run_address>
         <size>0x7ba</size>
         <input_file_ref idref="fl-25"/>
      </object_component>
      <object_component id="oc-77">
         <name>.debug_info</name>
         <load_address>0x13683</load_address>
         <run_address>0x13683</run_address>
         <size>0x7b5</size>
         <input_file_ref idref="fl-26"/>
      </object_component>
      <object_component id="oc-7a">
         <name>.debug_info</name>
         <load_address>0x13e38</load_address>
         <run_address>0x13e38</run_address>
         <size>0x816</size>
         <input_file_ref idref="fl-27"/>
      </object_component>
      <object_component id="oc-7d">
         <name>.debug_info</name>
         <load_address>0x1464e</load_address>
         <run_address>0x1464e</run_address>
         <size>0x701</size>
         <input_file_ref idref="fl-28"/>
      </object_component>
      <object_component id="oc-80">
         <name>.debug_info</name>
         <load_address>0x14d4f</load_address>
         <run_address>0x14d4f</run_address>
         <size>0x745</size>
         <input_file_ref idref="fl-29"/>
      </object_component>
      <object_component id="oc-83">
         <name>.debug_info</name>
         <load_address>0x15494</load_address>
         <run_address>0x15494</run_address>
         <size>0x6e9</size>
         <input_file_ref idref="fl-2a"/>
      </object_component>
      <object_component id="oc-86">
         <name>.debug_info</name>
         <load_address>0x15b7d</load_address>
         <run_address>0x15b7d</run_address>
         <size>0x72d</size>
         <input_file_ref idref="fl-2b"/>
      </object_component>
      <object_component id="oc-89">
         <name>.debug_info</name>
         <load_address>0x162aa</load_address>
         <run_address>0x162aa</run_address>
         <size>0x6b7</size>
         <input_file_ref idref="fl-2c"/>
      </object_component>
      <object_component id="oc-8c">
         <name>.debug_info</name>
         <load_address>0x16961</load_address>
         <run_address>0x16961</run_address>
         <size>0x618</size>
         <input_file_ref idref="fl-2d"/>
      </object_component>
      <object_component id="oc-8f">
         <name>.debug_info</name>
         <load_address>0x16f79</load_address>
         <run_address>0x16f79</run_address>
         <size>0x813</size>
         <input_file_ref idref="fl-2e"/>
      </object_component>
      <object_component id="oc-92">
         <name>.debug_info</name>
         <load_address>0x1778c</load_address>
         <run_address>0x1778c</run_address>
         <size>0x5cc</size>
         <input_file_ref idref="fl-2f"/>
      </object_component>
      <object_component id="oc-95">
         <name>.debug_info</name>
         <load_address>0x17d58</load_address>
         <run_address>0x17d58</run_address>
         <size>0x882</size>
         <input_file_ref idref="fl-30"/>
      </object_component>
      <object_component id="oc-9a">
         <name>.debug_info</name>
         <load_address>0x185da</load_address>
         <run_address>0x185da</run_address>
         <size>0xb3b</size>
         <input_file_ref idref="fl-31"/>
      </object_component>
      <object_component id="oc-a0">
         <name>.debug_info</name>
         <load_address>0x19115</load_address>
         <run_address>0x19115</run_address>
         <size>0x806</size>
         <input_file_ref idref="fl-32"/>
      </object_component>
      <object_component id="oc-a3">
         <name>.debug_info</name>
         <load_address>0x1991b</load_address>
         <run_address>0x1991b</run_address>
         <size>0x664</size>
         <input_file_ref idref="fl-33"/>
      </object_component>
      <object_component id="oc-b2">
         <name>.debug_info</name>
         <load_address>0x19f7f</load_address>
         <run_address>0x19f7f</run_address>
         <size>0xaf1</size>
         <input_file_ref idref="fl-51"/>
      </object_component>
      <object_component id="oc-b7">
         <name>.debug_info</name>
         <load_address>0x1aa70</load_address>
         <run_address>0x1aa70</run_address>
         <size>0x2c14</size>
         <input_file_ref idref="fl-52"/>
      </object_component>
      <object_component id="oc-be">
         <name>.debug_info</name>
         <load_address>0x1d684</load_address>
         <run_address>0x1d684</run_address>
         <size>0xdc9</size>
         <input_file_ref idref="fl-53"/>
      </object_component>
      <object_component id="oc-c3">
         <name>.debug_info</name>
         <load_address>0x1e44d</load_address>
         <run_address>0x1e44d</run_address>
         <size>0xd8</size>
         <input_file_ref idref="fl-54"/>
      </object_component>
      <object_component id="oc-157">
         <name>.debug_info</name>
         <load_address>0x1e525</load_address>
         <run_address>0x1e525</run_address>
         <size>0x6e</size>
      </object_component>
      <object_component id="oc-12">
         <name>.debug_abbrev</name>
         <load_address>0x0</load_address>
         <run_address>0x0</run_address>
         <size>0x34</size>
         <input_file_ref idref="fl-2"/>
      </object_component>
      <object_component id="oc-1a">
         <name>.debug_abbrev</name>
         <load_address>0x34</load_address>
         <run_address>0x34</run_address>
         <size>0x245</size>
         <input_file_ref idref="fl-3"/>
      </object_component>
      <object_component id="oc-1e">
         <name>.debug_abbrev</name>
         <load_address>0x279</load_address>
         <run_address>0x279</run_address>
         <size>0xfe</size>
         <input_file_ref idref="fl-b"/>
      </object_component>
      <object_component id="oc-22">
         <name>.debug_abbrev</name>
         <load_address>0x377</load_address>
         <run_address>0x377</run_address>
         <size>0x8e</size>
         <input_file_ref idref="fl-c"/>
      </object_component>
      <object_component id="oc-27">
         <name>.debug_abbrev</name>
         <load_address>0x405</load_address>
         <run_address>0x405</run_address>
         <size>0x119</size>
         <input_file_ref idref="fl-d"/>
      </object_component>
      <object_component id="oc-2a">
         <name>.debug_abbrev</name>
         <load_address>0x51e</load_address>
         <run_address>0x51e</run_address>
         <size>0x14f</size>
         <input_file_ref idref="fl-e"/>
      </object_component>
      <object_component id="oc-2d">
         <name>.debug_abbrev</name>
         <load_address>0x66d</load_address>
         <run_address>0x66d</run_address>
         <size>0x11f</size>
         <input_file_ref idref="fl-f"/>
      </object_component>
      <object_component id="oc-31">
         <name>.debug_abbrev</name>
         <load_address>0x78c</load_address>
         <run_address>0x78c</run_address>
         <size>0x14b</size>
         <input_file_ref idref="fl-10"/>
      </object_component>
      <object_component id="oc-36">
         <name>.debug_abbrev</name>
         <load_address>0x8d7</load_address>
         <run_address>0x8d7</run_address>
         <size>0x215</size>
         <input_file_ref idref="fl-11"/>
      </object_component>
      <object_component id="oc-39">
         <name>.debug_abbrev</name>
         <load_address>0xaec</load_address>
         <run_address>0xaec</run_address>
         <size>0xd5</size>
         <input_file_ref idref="fl-12"/>
      </object_component>
      <object_component id="oc-3d">
         <name>.debug_abbrev</name>
         <load_address>0xbc1</load_address>
         <run_address>0xbc1</run_address>
         <size>0x180</size>
         <input_file_ref idref="fl-13"/>
      </object_component>
      <object_component id="oc-41">
         <name>.debug_abbrev</name>
         <load_address>0xd41</load_address>
         <run_address>0xd41</run_address>
         <size>0xd5</size>
         <input_file_ref idref="fl-14"/>
      </object_component>
      <object_component id="oc-44">
         <name>.debug_abbrev</name>
         <load_address>0xe16</load_address>
         <run_address>0xe16</run_address>
         <size>0xd1</size>
         <input_file_ref idref="fl-15"/>
      </object_component>
      <object_component id="oc-49">
         <name>.debug_abbrev</name>
         <load_address>0xee7</load_address>
         <run_address>0xee7</run_address>
         <size>0x9f</size>
         <input_file_ref idref="fl-16"/>
      </object_component>
      <object_component id="oc-4d">
         <name>.debug_abbrev</name>
         <load_address>0xf86</load_address>
         <run_address>0xf86</run_address>
         <size>0x1d1</size>
         <input_file_ref idref="fl-17"/>
      </object_component>
      <object_component id="oc-50">
         <name>.debug_abbrev</name>
         <load_address>0x1157</load_address>
         <run_address>0x1157</run_address>
         <size>0xe1</size>
         <input_file_ref idref="fl-18"/>
      </object_component>
      <object_component id="oc-53">
         <name>.debug_abbrev</name>
         <load_address>0x1238</load_address>
         <run_address>0x1238</run_address>
         <size>0xcc</size>
         <input_file_ref idref="fl-19"/>
      </object_component>
      <object_component id="oc-56">
         <name>.debug_abbrev</name>
         <load_address>0x1304</load_address>
         <run_address>0x1304</run_address>
         <size>0x13f</size>
         <input_file_ref idref="fl-1a"/>
      </object_component>
      <object_component id="oc-59">
         <name>.debug_abbrev</name>
         <load_address>0x1443</load_address>
         <run_address>0x1443</run_address>
         <size>0xdd</size>
         <input_file_ref idref="fl-1b"/>
      </object_component>
      <object_component id="oc-5c">
         <name>.debug_abbrev</name>
         <load_address>0x1520</load_address>
         <run_address>0x1520</run_address>
         <size>0x10c</size>
         <input_file_ref idref="fl-1c"/>
      </object_component>
      <object_component id="oc-5e">
         <name>.debug_abbrev</name>
         <load_address>0x162c</load_address>
         <run_address>0x162c</run_address>
         <size>0x5f</size>
[...]
         <name>_fprintf</name>
         <value>0x1000dc80</value>
         <object_component_ref idref="oc-de"/>
      </symbol>
      <symbol id="sm-df">
         <name>_putc</name>
         <value>0x1000b440</value>
         <object_component_ref idref="oc-107"/>
      </symbol>
      <symbol id="sm-e0">
         <name>_fputc</name>
         <value>0x1000b440</value>
         <object_component_ref idref="oc-107"/>
      </symbol>
      <symbol id="sm-ec">
         <name>_fputs</name>
         <value>0x10006a00</value>
         <object_component_ref idref="oc-106"/>
      </symbol>
      <symbol id="sm-104">
         <name>_unlink</name>
         <value>0x1000f840</value>
         <object_component_ref idref="oc-13b"/>
      </symbol>
      <symbol id="sm-105">
         <name>_lseek</name>
         <value>0x1000ec80</value>
         <object_component_ref idref="oc-11f"/>
      </symbol>
      <symbol id="sm-106">
         <name>_close</name>
         <value>0x1000db60</value>
         <object_component_ref idref="oc-135"/>
      </symbol>
      <symbol id="sm-107">
         <name>_write</name>
         <value>0x1000ee40</value>
         <object_component_ref idref="oc-10f"/>
      </symbol>
      <symbol id="sm-111">
         <name>_memcpy</name>
         <value>0x1000bf60</value>
         <object_component_ref idref="oc-d4"/>
      </symbol>
      <symbol id="sm-129">
         <name>_HOSTopen</name>
         <value>0x1000d5c0</value>
         <object_component_ref idref="oc-cb"/>
      </symbol>
      <symbol id="sm-12a">
         <name>_HOSTread</name>
         <value>0x1000d6e0</value>
         <object_component_ref idref="oc-cd"/>
      </symbol>
      <symbol id="sm-12b">
         <name>_HOSTrename</name>
         <value>0x1000b900</value>
         <object_component_ref idref="oc-d1"/>
      </symbol>
      <symbol id="sm-12c">
         <name>_HOSTwrite</name>
         <value>0x1000d800</value>
         <object_component_ref idref="oc-ce"/>
      </symbol>
      <symbol id="sm-12d">
         <name>_HOSTlseek</name>
         <value>0x1000d200</value>
         <object_component_ref idref="oc-cf"/>
      </symbol>
      <symbol id="sm-12e">
         <name>_HOSTunlink</name>
         <value>0x1000e220</value>
         <object_component_ref idref="oc-d0"/>
      </symbol>
      <symbol id="sm-12f">
         <name>_HOSTclose</name>
         <value>0x1000e820</value>
         <object_component_ref idref="oc-cc"/>
      </symbol>
      <symbol id="sm-13d">
         <name>C$$IO$$</name>
         <value>0x1000fcf0</value>
         <object_component_ref idref="oc-da"/>
      </symbol>
      <symbol id="sm-13e">
         <name>__CIOBUF_</name>
         <value>0x100126f0</value>
         <object_component_ref idref="oc-3f"/>
      </symbol>
      <symbol id="sm-13f">
         <name>_readmsg</name>
         <value>0x1000f7a0</value>
         <object_component_ref idref="oc-db"/>
      </symbol>
      <symbol id="sm-140">
         <name>_writemsg</name>
         <value>0x1000fc80</value>
         <object_component_ref idref="oc-da"/>
      </symbol>
      <symbol id="sm-14a">
         <name>__wrt_ok</name>
         <value>0x1000da40</value>
         <object_component_ref idref="oc-10d"/>
      </symbol>
      <symbol id="sm-158">
         <name>__unlock</name>
         <value>0x10010e18</value>
         <object_component_ref idref="oc-47"/>
      </symbol>
      <symbol id="sm-159">
         <name>__lock</name>
         <value>0x10010e14</value>
         <object_component_ref idref="oc-47"/>
      </symbol>
      <symbol id="sm-15a">
         <name>__nop</name>
         <value>0x100101c0</value>
         <object_component_ref idref="oc-d2"/>
      </symbol>
      <symbol id="sm-18a">
         <name>__printfi</name>
         <value>0x100064e0</value>
         <object_component_ref idref="oc-f6"/>
      </symbol>
      <symbol id="sm-194">
         <name>__args_main</name>
         <value>0x100100e0</value>
         <object_component_ref idref="oc-c7"/>
      </symbol>
      <symbol id="sm-195">
         <name>__TI_args_main</name>
         <value>0x1</value>
      </symbol>
      <symbol id="sm-19f">
         <name>_atoi</name>
         <value>0x1000d340</value>
         <object_component_ref idref="oc-110"/>
      </symbol>
      <symbol id="sm-1a9">
         <name>__auto_init</name>
         <value>0x1000e320</value>
         <object_component_ref idref="oc-c6"/>
      </symbol>
      <symbol id="sm-1b3">
         <name>___TI_cpp_init</name>
         <value>0x1000f980</value>
         <object_component_ref idref="oc-d5"/>
      </symbol>
      <symbol id="sm-1bd">
         <name>_copy_in</name>
         <value>0x1000f400</value>
         <object_component_ref idref="oc-d3"/>
      </symbol>
      <symbol id="sm-1c5">
         <name>__ctypes_</name>
         <value>0x10012544</value>
         <object_component_ref idref="oc-116"/>
      </symbol>
      <symbol id="sm-1cf">
         <name>__divd</name>
         <value>0x10004d20</value>
         <object_component_ref idref="oc-128"/>
      </symbol>
      <symbol id="sm-1d7">
         <name>__c6xabi_divu</name>
         <value>0x1000f280</value>
         <object_component_ref idref="oc-d8"/>
      </symbol>
      <symbol id="sm-1d8">
         <name>__divu</name>
         <value>0x1000f280</value>
         <object_component_ref idref="oc-d8"/>
      </symbol>
      <symbol id="sm-1e2">
         <name>__doflush</name>
         <value>0x1000e9e0</value>
         <object_component_ref idref="oc-10e"/>
      </symbol>
      <symbol id="sm-1ec">
         <name>__fixdli</name>
         <value>0x1000f700</value>
         <object_component_ref idref="oc-12e"/>
      </symbol>
      <symbol id="sm-1f6">
         <name>__fltlid</name>
         <value>0x1000fa00</value>
         <object_component_ref idref="oc-130"/>
      </symbol>
      <symbol id="sm-200">
         <name>__frcmpyd_div</name>
         <value>0x1000d920</value>
         <object_component_ref idref="oc-132"/>
      </symbol>
      <symbol id="sm-20a">
         <name>_fseek</name>
         <value>0x1000c4e0</value>
         <object_component_ref idref="oc-114"/>
      </symbol>
      <symbol id="sm-218">
         <name>__divul</name>
         <value>0x1000c160</value>
         <object_component_ref idref="oc-133"/>
      </symbol>
      <symbol id="sm-219">
         <name>__remli</name>
         <value>0x1000fd60</value>
         <object_component_ref idref="oc-137"/>
      </symbol>
      <symbol id="sm-21a">
         <name>__divli</name>
         <value>0x1000f1c0</value>
         <object_component_ref idref="oc-138"/>
      </symbol>
      <symbol id="sm-226">
         <name>__subcull</name>
         <value>0x1000fdc0</value>
         <object_component_ref idref="oc-13a"/>
      </symbol>
      <symbol id="sm-227">
         <name>__divull</name>
         <value>0x10009e60</value>
         <object_component_ref idref="oc-134"/>
      </symbol>
      <symbol id="sm-231">
         <name>___isinf</name>
         <value>0x10010060</value>
         <object_component_ref idref="oc-118"/>
      </symbol>
      <symbol id="sm-23d">
         <name>__llshl</name>
         <value>0x1000fa80</value>
         <object_component_ref idref="oc-139"/>
      </symbol>
      <symbol id="sm-23e">
         <name>__llshru</name>
         <value>0x1000fd00</value>
         <object_component_ref idref="oc-131"/>
      </symbol>
      <symbol id="sm-248">
         <name>_ltoa</name>
         <value>0x1000dda0</value>
         <object_component_ref idref="oc-12f"/>
      </symbol>
      <symbol id="sm-252">
         <name>_memccpy</name>
         <value>0x1000fc00</value>
         <object_component_ref idref="oc-113"/>
      </symbol>
      <symbol id="sm-25c">
         <name>_memset</name>
         <value>0x1000dec0</value>
         <object_component_ref idref="oc-ea"/>
      </symbol>
      <symbol id="sm-266">
         <name>__mpyll</name>
         <value>0x1000fb00</value>
         <object_component_ref idref="oc-12a"/>
      </symbol>
      <symbol id="sm-270">
         <name>__negll</name>
         <value>0x100101a0</value>
         <object_component_ref idref="oc-11d"/>
      </symbol>
      <symbol id="sm-27a">
         <name>_setvbuf</name>
         <value>0x1000ac80</value>
         <object_component_ref idref="oc-115"/>
      </symbol>
      <symbol id="sm-28f">
         <name>__cleanup</name>
         <value>0x1000e900</value>
         <object_component_ref idref="oc-122"/>
      </symbol>
      <symbol id="sm-2a5">
         <name>__sys_memory</name>
         <value>0x10011638</value>
         <object_component_ref idref="oc-9d"/>
      </symbol>
      <symbol id="sm-2a6">
         <name>_free</name>
         <value>0x100094c0</value>
         <object_component_ref idref="oc-120"/>
      </symbol>
      <symbol id="sm-2a7">
         <name>_malloc</name>
         <value>0x1000bd40</value>
         <object_component_ref idref="oc-121"/>
      </symbol>
      <symbol id="sm-2b1">
         <name>__closefile</name>
         <value>0x1000cb20</value>
         <object_component_ref idref="oc-12d"/>
      </symbol>
      <symbol id="sm-2bb">
         <name>_remove</name>
         <value>0x10010240</value>
         <object_component_ref idref="oc-136"/>
      </symbol>
      <symbol id="sm-2bd">
         <name>_CSL_mcaspHwSetup</name>
         <value>0x10002f40</value>
         <object_component_ref idref="oc-e2"/>
      </symbol>
      <symbol id="sm-424">
         <name>_CSL_mcaspOpen</name>
         <value>0x1000e100</value>
         <object_component_ref idref="oc-e1"/>
      </symbol>
      <symbol id="sm-556">
         <name>_CSL_intcEventEnable</name>
         <value>0x1000f000</value>
         <object_component_ref idref="oc-e7"/>
      </symbol>
      <symbol id="sm-57a">
         <name>_CSL_intcGlobalEnable</name>
         <value>0x1000ff40</value>
         <object_component_ref idref="oc-e8"/>
      </symbol>
      <symbol id="sm-58d">
         <name>_CSL_intcHookIsr</name>
         <value>0x100082c0</value>
         <object_component_ref idref="oc-e6"/>
      </symbol>
      <symbol id="sm-74e">
         <name>_CSL_intcInit</name>
         <value>0x1000f0e0</value>
         <object_component_ref idref="oc-df"/>
      </symbol>
      <symbol id="sm-770">
         <name>__CSL_IntcEventTable</name>
         <value>0x100128e8</value>
         <object_component_ref idref="oc-a7"/>
      </symbol>
      <symbol id="sm-772">
         <name>__CSL_IntcContextFlags</name>
         <value>0x10012928</value>
         <object_component_ref idref="oc-a7"/>
      </symbol>
      <symbol id="sm-775">
         <name>_CSL_intcOpen</name>
         <value>0x1000cf40</value>
         <object_component_ref idref="oc-e0"/>
      </symbol>
      <symbol id="sm-7ac">
         <name>__CSL_IntcEventAllocMask</name>
         <value>0x1001292c</value>
         <object_component_ref idref="oc-a9"/>
      </symbol>
      <symbol id="sm-7af">
         <name>_CSL_intcSetVectorPtr</name>
         <value>0x10010000</value>
         <object_component_ref idref="oc-dd"/>
      </symbol>
      <symbol id="sm-7c3">
         <name>_CSL_dmaxClose</name>
         <value>0x1000d480</value>
         <object_component_ref idref="oc-100"/>
      </symbol>
      <symbol id="sm-8b3">
         <name>_CSL_dmaxHwControl</name>
         <value>0x1000c680</value>
         <object_component_ref idref="oc-e5"/>
      </symbol>
      <symbol id="sm-931">
         <name>_CSL_dmaxHwSetup</name>
         <value>0x10003fc0</value>
         <object_component_ref idref="oc-e4"/>
      </symbol>
      <symbol id="sm-b5c">
         <name>_CSL_dmaxSetup1dXFRParameterEntry</name>
         <value>0x1000ef20</value>
         <object_component_ref idref="oc-fc"/>
      </symbol>
      <symbol id="sm-b83">
         <name>_CSL_dmaxSetupFifoXFRParameterEntry</name>
         <value>0x1000cde0</value>
         <object_component_ref idref="oc-fb"/>
      </symbol>
      <symbol id="sm-bae">
         <name>_CSL_dmaxSetupGeneralXFRParameterEntry</name>
         <value>0x10009820</value>
         <object_component_ref idref="oc-fa"/>
      </symbol>
      <symbol id="sm-bd4">
         <name>_CSL_dmaxSetupSpiXFRParameterEntry</name>
         <value>0x1000e720</value>
         <object_component_ref idref="oc-fd"/>
      </symbol>
      <symbol id="sm-c09">
         <name>_CslDmaxAlloc</name>
         <value>0x10010de8</value>
         <object_component_ref idref="oc-ab"/>
      </symbol>
      <symbol id="sm-c0c">
         <name>_CSL_dmaxOpen</name>
         <value>0x10007f00</value>
         <object_component_ref idref="oc-e3"/>
      </symbol>
      <symbol id="sm-d52">
         <name>_CSL_dmaxSetDetr</name>
         <value>0x10010160</value>
         <object_component_ref idref="oc-ac"/>
      </symbol>
      <symbol id="sm-df1">
         <name>_CSL_dmaxGetBaseAddress</name>
         <value>0x1000f8e0</value>
         <object_component_ref idref="oc-f8"/>
      </symbol>
      <symbol id="sm-e0c">
         <name>_CSL_chipInit</name>
         <value>0x100102c0</value>
         <object_component_ref idref="oc-dc"/>
      </symbol>
      <symbol id="sm-e21">
         <name>_CSL_mcaspGetChipCtxt</name>
         <value>0x1000d0a0</value>
         <object_component_ref idref="oc-f7"/>
      </symbol>
      <symbol id="sm-e46">
         <name>__CSL_intcEventDisable</name>
         <value>0x1000fe48</value>
         <object_component_ref idref="oc-ad"/>
      </symbol>
      <symbol id="sm-e47">
         <name>__CSL_intcEventEnable</name>
         <value>0x1000fe20</value>
         <object_component_ref idref="oc-ad"/>
      </symbol>
      <symbol id="sm-e51">
         <name>__CSL_intcFetchPacket</name>
         <value>0x10010260</value>
         <object_component_ref idref="oc-ae"/>
      </symbol>
      <symbol id="sm-e5b">
         <name>__CSL_intcGlobalEnable</name>
         <value>0x10010120</value>
         <object_component_ref idref="oc-af"/>
      </symbol>
      <symbol id="sm-e5c">
         <name>__CSL_intcGlobalDisable</name>
         <value>0x1001013c</value>
         <object_component_ref idref="oc-af"/>
      </symbol>
      <symbol id="sm-e66">
         <name>__CSL_intcISTP</name>
         <value>0x10010280</value>
         <object_component_ref idref="oc-b0"/>
      </symbol>
      <symbol id="sm-e70">
         <name>__CSL_intcReadISTP</name>
         <value>0x100102a0</value>
         <object_component_ref idref="oc-b1"/>
      </symbol>
      <symbol id="sm-e72">
         <name>_CSL_intcGlobalDisable</name>
         <value>0x1000fee0</value>
         <object_component_ref idref="oc-f2"/>
      </symbol>
      <symbol id="sm-e83">
         <name>_CSL_intcGlobalRestore</name>
         <value>0x1000ffa0</value>
         <object_component_ref idref="oc-f3"/>
      </symbol>
      <symbol id="sm-e94">
         <name>_CSL_dmaxGetNextFreeParamEntry</name>
         <value>0x1000cc80</value>
         <object_component_ref idref="oc-f9"/>
      </symbol>
      <symbol id="sm-ed5">
         <name>_GPIO_GetPushButton</name>
         <value>0x100076ac</value>
         <object_component_ref idref="oc-ca"/>
      </symbol>
      <symbol id="sm-ed6">
         <name>_GPIO_ClearDeltaPushButton</name>
         <value>0x1000770c</value>
         <object_component_ref idref="oc-ca"/>
      </symbol>
      <symbol id="sm-ed7">
         <name>_GPIO_GetDIPSwitch</name>
         <value>0x100074fc</value>
         <object_component_ref idref="oc-ca"/>
      </symbol>
      <symbol id="sm-ed8">
         <name>_GPIO_SetBCD</name>
         <value>0x10007654</value>
         <object_component_ref idref="oc-ca"/>
      </symbol>
      <symbol id="sm-ed9">
         <name>_GPIO_EnableLed</name>
         <value>0x1000759c</value>
         <object_component_ref idref="oc-ca"/>
      </symbol>
      <symbol id="sm-eda">
         <name>_GPIO_Reset</name>
         <value>0x10007320</value>
         <object_component_ref idref="oc-ca"/>
      </symbol>
      <symbol id="sm-edb">
         <name>_GPIO_GetDeltaPushButton</name>
         <value>0x100076e0</value>
         <object_component_ref idref="oc-ca"/>
      </symbol>
      <symbol id="sm-fba">
         <name>_I2C_ReadMem</name>
         <value>0x10002638</value>
         <object_component_ref idref="oc-d9"/>
      </symbol>
      <symbol id="sm-fbb">
         <name>_I2C_WriteMem</name>
         <value>0x10001e08</value>
         <object_component_ref idref="oc-d9"/>
      </symbol>
      <symbol id="sm-fbc">
         <name>_I2C_ReadReg</name>
         <value>0x100023e4</value>
         <object_component_ref idref="oc-d9"/>
      </symbol>
      <symbol id="sm-fbd">
         <name>_I2C_ReadVal</name>
         <value>0x10002910</value>
         <object_component_ref idref="oc-d9"/>
      </symbol>
      <symbol id="sm-fbe">
         <name>_I2C_WriteVal</name>
         <value>0x1000216c</value>
         <object_component_ref idref="oc-d9"/>
      </symbol>
      <symbol id="sm-fbf">
         <name>_I2C_WriteReg</name>
         <value>0x10001c00</value>
         <object_component_ref idref="oc-d9"/>
      </symbol>
      <symbol id="sm-1003">
         <name>_UART_Init</name>
         <value>0x10005f80</value>
         <object_component_ref idref="oc-c9"/>
      </symbol>
      <symbol id="sm-1004">
         <name>_UART_Reset</name>
         <value>0x100060c4</value>
         <object_component_ref idref="oc-c9"/>
      </symbol>
      <symbol id="sm-1005">
         <name>_UART_EnableLed1</name>
         <value>0x10006424</value>
         <object_component_ref idref="oc-c9"/>
      </symbol>
      <symbol id="sm-1006">
         <name>_UART_EnableLed2</name>
         <value>0x10006478</value>
         <object_component_ref idref="oc-c9"/>
      </symbol>
      <symbol id="sm-1007">
         <name>_UART_Write</name>
         <value>0x10006288</value>
         <object_component_ref idref="oc-c9"/>
      </symbol>
      <symbol id="sm-1008">
         <name>_UART_Read</name>
         <value>0x10006134</value>
         <object_component_ref idref="oc-c9"/>
      </symbol>
      <symbol id="sm-1009">
         <name>_UART_GetInterruptId</name>
         <value>0x10006408</value>
         <object_component_ref idref="oc-c9"/>
      </symbol>
      <symbol id="sm-1011">
         <name>__c6xabi_strasgi</name>
         <value>0x1000e620</value>
         <object_component_ref idref="oc-f0"/>
      </symbol>
      <symbol id="sm-1012">
         <name>__strasgi</name>
         <value>0x1000e620</value>
         <object_component_ref idref="oc-f0"/>
      </symbol>
      <symbol id="sm-1014">
         <name>_CSL_i2cClose</name>
         <value>0x1000fe80</value>
         <object_component_ref idref="oc-e9"/>
      </symbol>
      <symbol id="sm-1182">
         <name>_CSL_i2cGetHwStatus</name>
         <value>0x1000a420</value>
         <object_component_ref idref="oc-ef"/>
      </symbol>
      <symbol id="sm-12f6">
         <name>_CSL_i2cHwControl</name>
         <value>0x1000af20</value>
         <object_component_ref idref="oc-ee"/>
      </symbol>
      <symbol id="sm-136b">
         <name>_CSL_i2cHwSetup</name>
         <value>0x1000a700</value>
         <object_component_ref idref="oc-ed"/>
      </symbol>
      <symbol id="sm-13a3">
         <name>_CSL_i2cHwSetupRaw</name>
         <value>0x1000b6c0</value>
         <object_component_ref idref="oc-f1"/>
      </symbol>
      <symbol id="sm-13e1">
         <name>_CSL_i2cInit</name>
         <value>0x100102e0</value>
         <object_component_ref idref="oc-eb"/>
      </symbol>
      <symbol id="sm-13f0">
         <name>_CSL_i2cOpen</name>
         <value>0x1000dfe0</value>
         <object_component_ref idref="oc-ec"/>
      </symbol>
      <symbol id="sm-1455">
         <name>_CSL_i2cGetBaseAddress</name>
         <value>0x1000f640</value>
         <object_component_ref idref="oc-101"/>
      </symbol>
   </symbol_table>
</link_info>
