<?xml version="1.0"?>
<link_info>
   <banner>TMS320C6x Linker PC v7.4.14</banner>
   <copyright>Copyright (c) 1996-2015 Texas Instruments Incorporated</copyright>
   <link_time>0x5ef0cdea</link_time>
   <output_file>MIDI.out</output_file>
   <entry_point>
      <name>_c_int00</name>
      <address>0x10026c00</address>
   </entry_point>
   <input_file_list>
      <input_file id="fl-2">
         <path>.\</path>
         <kind>object</kind>
         <file>filters.obj</file>
         <name>filters.obj</name>
      </input_file>
      <input_file id="fl-3">
         <path>.\</path>
         <kind>object</kind>
         <file>interrupts.obj</file>
         <name>interrupts.obj</name>
      </input_file>
      <input_file id="fl-4">
         <path>.\</path>
         <kind>object</kind>
         <file>main.obj</file>
         <name>main.obj</name>
      </input_file>
      <input_file id="fl-5">
         <path>.\</path>
         <kind>object</kind>
         <file>midi_fifo.obj</file>
         <name>midi_fifo.obj</name>
      </input_file>
      <input_file id="fl-6">
         <path>.\</path>
         <kind>object</kind>
         <file>myfft.obj</file>
         <name>myfft.obj</name>
      </input_file>
      <input_file id="fl-7">
         <path>.\</path>
         <kind>object</kind>
         <file>waveforms.obj</file>
         <name>waveforms.obj</name>
      </input_file>
      <input_file id="fl-c">
         <path>..\</path>
         <kind>archive</kind>
         <file>dsp67x.lib</file>
         <name>DSPF_sp_bitrev_cplx.obj</name>
      </input_file>
      <input_file id="fl-d">
         <path>..\</path>
         <kind>archive</kind>
         <file>dsp67x.lib</file>
         <name>DSPF_sp_cfftr2_dit.obj</name>
      </input_file>
      <input_file id="fl-e">
         <path>..\</path>
         <kind>archive</kind>
         <file>dsp67x.lib</file>
         <name>DSPF_sp_icfftr2_dif.obj</name>
      </input_file>
      <input_file id="fl-86">
         <path>C:\ti\ccsv6\tools\compiler\c6000_7.4.14\lib\</path>
         <kind>archive</kind>
         <file>rts67plus.lib</file>
         <name>boot.obj</name>
      </input_file>
      <input_file id="fl-87">
         <path>C:\ti\ccsv6\tools\compiler\c6000_7.4.14\lib\</path>
         <kind>archive</kind>
         <file>rts67plus.lib</file>
         <name>cos.obj</name>
      </input_file>
      <input_file id="fl-88">
         <path>C:\ti\ccsv6\tools\compiler\c6000_7.4.14\lib\</path>
         <kind>archive</kind>
         <file>rts67plus.lib</file>
         <name>defs.obj</name>
      </input_file>
      <input_file id="fl-89">
         <path>C:\ti\ccsv6\tools\compiler\c6000_7.4.14\lib\</path>
         <kind>archive</kind>
         <file>rts67plus.lib</file>
         <name>divd.obj</name>
      </input_file>
      <input_file id="fl-8a">
         <path>C:\ti\ccsv6\tools\compiler\c6000_7.4.14\lib\</path>
         <kind>archive</kind>
         <file>rts67plus.lib</file>
         <name>divf.obj</name>
      </input_file>
      <input_file id="fl-8b">
         <path>C:\ti\ccsv6\tools\compiler\c6000_7.4.14\lib\</path>
         <kind>archive</kind>
         <file>rts67plus.lib</file>
         <name>divi.obj</name>
      </input_file>
      <input_file id="fl-8c">
         <path>C:\ti\ccsv6\tools\compiler\c6000_7.4.14\lib\</path>
         <kind>archive</kind>
         <file>rts67plus.lib</file>
         <name>exit.obj</name>
      </input_file>
      <input_file id="fl-8d">
         <path>C:\ti\ccsv6\tools\compiler\c6000_7.4.14\lib\</path>
         <kind>archive</kind>
         <file>rts67plus.lib</file>
         <name>fprintf.obj</name>
      </input_file>
      <input_file id="fl-8e">
         <path>C:\ti\ccsv6\tools\compiler\c6000_7.4.14\lib\</path>
         <kind>archive</kind>
         <file>rts67plus.lib</file>
         <name>fputc.obj</name>
      </input_file>
      <input_file id="fl-8f">
         <path>C:\ti\ccsv6\tools\compiler\c6000_7.4.14\lib\</path>
         <kind>archive</kind>
         <file>rts67plus.lib</file>
         <name>fputs.obj</name>
      </input_file>
      <input_file id="fl-90">
         <path>C:\ti\ccsv6\tools\compiler\c6000_7.4.14\lib\</path>
         <kind>archive</kind>
         <file>rts67plus.lib</file>
         <name>frcmpyd_div.obj</name>
      </input_file>
      <input_file id="fl-91">
         <path>C:\ti\ccsv6\tools\compiler\c6000_7.4.14\lib\</path>
         <kind>archive</kind>
         <file>rts67plus.lib</file>
         <name>llshift.obj</name>
      </input_file>
      <input_file id="fl-92">
         <path>C:\ti\ccsv6\tools\compiler\c6000_7.4.14\lib\</path>
         <kind>archive</kind>
         <file>rts67plus.lib</file>
         <name>lowlev.obj</name>
      </input_file>
      <input_file id="fl-93">
         <path>C:\ti\ccsv6\tools\compiler\c6000_7.4.14\lib\</path>
         <kind>archive</kind>
         <file>rts67plus.lib</file>
         <name>memcpy62.obj</name>
      </input_file>
      <input_file id="fl-94">
         <path>C:\ti\ccsv6\tools\compiler\c6000_7.4.14\lib\</path>
         <kind>archive</kind>
         <file>rts67plus.lib</file>
         <name>memset.obj</name>
      </input_file>
      <input_file id="fl-95">
         <path>C:\ti\ccsv6\tools\compiler\c6000_7.4.14\lib\</path>
         <kind>archive</kind>
         <file>rts67plus.lib</file>
         <name>modf.obj</name>
      </input_file>
      <input_file id="fl-96">
         <path>C:\ti\ccsv6\tools\compiler\c6000_7.4.14\lib\</path>
         <kind>archive</kind>
         <file>rts67plus.lib</file>
         <name>mpyll.obj</name>
      </input_file>
      <input_file id="fl-97">
         <path>C:\ti\ccsv6\tools\compiler\c6000_7.4.14\lib\</path>
         <kind>archive</kind>
         <file>rts67plus.lib</file>
         <name>pow.obj</name>
      </input_file>
      <input_file id="fl-98">
         <path>C:\ti\ccsv6\tools\compiler\c6000_7.4.14\lib\</path>
         <kind>archive</kind>
         <file>rts67plus.lib</file>
         <name>remi.obj</name>
      </input_file>
      <input_file id="fl-99">
         <path>C:\ti\ccsv6\tools\compiler\c6000_7.4.14\lib\</path>
         <kind>archive</kind>
         <file>rts67plus.lib</file>
         <name>round.obj</name>
      </input_file>
      <input_file id="fl-9a">
         <path>C:\ti\ccsv6\tools\compiler\c6000_7.4.14\lib\</path>
         <kind>archive</kind>
         <file>rts67plus.lib</file>
         <name>sin.obj</name>
      </input_file>
      <input_file id="fl-9b">
         <path>C:\ti\ccsv6\tools\compiler\c6000_7.4.14\lib\</path>
         <kind>archive</kind>
         <file>rts67plus.lib</file>
         <name>trgdrv.obj</name>
      </input_file>
      <input_file id="fl-9c">
         <path>C:\ti\ccsv6\tools\compiler\c6000_7.4.14\lib\</path>
         <kind>archive</kind>
         <file>rts67plus.lib</file>
         <name>trgmsg.obj</name>
      </input_file>
      <input_file id="fl-9d">
         <path>C:\ti\ccsv6\tools\compiler\c6000_7.4.14\lib\</path>
         <kind>archive</kind>
         <file>rts67plus.lib</file>
         <name>trunc.obj</name>
      </input_file>
      <input_file id="fl-9e">
         <path>C:\ti\ccsv6\tools\compiler\c6000_7.4.14\lib\</path>
         <kind>archive</kind>
         <file>rts67plus.lib</file>
         <name>_io_perm.obj</name>
      </input_file>
      <input_file id="fl-9f">
         <path>C:\ti\ccsv6\tools\compiler\c6000_7.4.14\lib\</path>
         <kind>archive</kind>
         <file>rts67plus.lib</file>
         <name>_lock.obj</name>
      </input_file>
      <input_file id="fl-a0">
         <path>C:\ti\ccsv6\tools\compiler\c6000_7.4.14\lib\</path>
         <kind>archive</kind>
         <file>rts67plus.lib</file>
         <name>_printfi.obj</name>
      </input_file>
      <input_file id="fl-a1">
         <path>C:\ti\ccsv6\tools\compiler\c6000_7.4.14\lib\</path>
         <kind>archive</kind>
         <file>rts67plus.lib</file>
         <name>args_main.obj</name>
      </input_file>
      <input_file id="fl-a2">
         <path>C:\ti\ccsv6\tools\compiler\c6000_7.4.14\lib\</path>
         <kind>archive</kind>
         <file>rts67plus.lib</file>
         <name>atoi.obj</name>
      </input_file>
      <input_file id="fl-a3">
         <path>C:\ti\ccsv6\tools\compiler\c6000_7.4.14\lib\</path>
         <kind>archive</kind>
         <file>rts67plus.lib</file>
         <name>autoinit.obj</name>
      </input_file>
      <input_file id="fl-a4">
         <path>C:\ti\ccsv6\tools\compiler\c6000_7.4.14\lib\</path>
         <kind>archive</kind>
         <file>rts67plus.lib</file>
         <name>cpp_init.obj</name>
      </input_file>
      <input_file id="fl-a5">
         <path>C:\ti\ccsv6\tools\compiler\c6000_7.4.14\lib\</path>
         <kind>archive</kind>
         <file>rts67plus.lib</file>
         <name>cpy_tbl.obj</name>
      </input_file>
      <input_file id="fl-a6">
         <path>C:\ti\ccsv6\tools\compiler\c6000_7.4.14\lib\</path>
         <kind>archive</kind>
         <file>rts67plus.lib</file>
         <name>ctype.obj</name>
      </input_file>
      <input_file id="fl-a7">
         <path>C:\ti\ccsv6\tools\compiler\c6000_7.4.14\lib\</path>
         <kind>archive</kind>
         <file>rts67plus.lib</file>
         <name>divu.obj</name>
      </input_file>
      <input_file id="fl-a8">
         <path>C:\ti\ccsv6\tools\compiler\c6000_7.4.14\lib\</path>
         <kind>archive</kind>
         <file>rts67plus.lib</file>
         <name>errno.obj</name>
      </input_file>
      <input_file id="fl-a9">
         <path>C:\ti\ccsv6\tools\compiler\c6000_7.4.14\lib\</path>
         <kind>archive</kind>
         <file>rts67plus.lib</file>
         <name>fflush.obj</name>
      </input_file>
      <input_file id="fl-aa">
         <path>C:\ti\ccsv6\tools\compiler\c6000_7.4.14\lib\</path>
         <kind>archive</kind>
         <file>rts67plus.lib</file>
         <name>fixdli.obj</name>
      </input_file>
      <input_file id="fl-ab">
         <path>C:\ti\ccsv6\tools\compiler\c6000_7.4.14\lib\</path>
         <kind>archive</kind>
         <file>rts67plus.lib</file>
         <name>fltlid.obj</name>
      </input_file>
      <input_file id="fl-ac">
         <path>C:\ti\ccsv6\tools\compiler\c6000_7.4.14\lib\</path>
         <kind>archive</kind>
         <file>rts67plus.lib</file>
         <name>frexp.obj</name>
      </input_file>
      <input_file id="fl-ad">
         <path>C:\ti\ccsv6\tools\compiler\c6000_7.4.14\lib\</path>
         <kind>archive</kind>
         <file>rts67plus.lib</file>
         <name>fseek.obj</name>
      </input_file>
      <input_file id="fl-ae">
         <path>C:\ti\ccsv6\tools\compiler\c6000_7.4.14\lib\</path>
         <kind>archive</kind>
         <file>rts67plus.lib</file>
         <name>imath40.obj</name>
      </input_file>
      <input_file id="fl-af">
         <path>C:\ti\ccsv6\tools\compiler\c6000_7.4.14\lib\</path>
         <kind>archive</kind>
         <file>rts67plus.lib</file>
         <name>imath64.obj</name>
      </input_file>
      <input_file id="fl-b0">
         <path>C:\ti\ccsv6\tools\compiler\c6000_7.4.14\lib\</path>
         <kind>archive</kind>
         <file>rts67plus.lib</file>
         <name>isinf.obj</name>
      </input_file>
      <input_file id="fl-b1">
         <path>C:\ti\ccsv6\tools\compiler\c6000_7.4.14\lib\</path>
         <kind>archive</kind>
         <file>rts67plus.lib</file>
         <name>ldexp.obj</name>
      </input_file>
      <input_file id="fl-b2">
         <path>C:\ti\ccsv6\tools\compiler\c6000_7.4.14\lib\</path>
         <kind>archive</kind>
         <file>rts67plus.lib</file>
         <name>ltoa.obj</name>
      </input_file>
      <input_file id="fl-b3">
         <path>C:\ti\ccsv6\tools\compiler\c6000_7.4.14\lib\</path>
         <kind>archive</kind>
         <file>rts67plus.lib</file>
         <name>memccpy.obj</name>
      </input_file>
      <input_file id="fl-b4">
         <path>C:\ti\ccsv6\tools\compiler\c6000_7.4.14\lib\</path>
         <kind>archive</kind>
         <file>rts67plus.lib</file>
         <name>negll.obj</name>
      </input_file>
      <input_file id="fl-b5">
         <path>C:\ti\ccsv6\tools\compiler\c6000_7.4.14\lib\</path>
         <kind>archive</kind>
         <file>rts67plus.lib</file>
         <name>setvbuf.obj</name>
      </input_file>
      <input_file id="fl-b6">
         <path>C:\ti\ccsv6\tools\compiler\c6000_7.4.14\lib\</path>
         <kind>archive</kind>
         <file>rts67plus.lib</file>
         <name>abs.obj</name>
      </input_file>
      <input_file id="fl-b7">
         <path>C:\ti\ccsv6\tools\compiler\c6000_7.4.14\lib\</path>
         <kind>archive</kind>
         <file>rts67plus.lib</file>
         <name>fopen.obj</name>
      </input_file>
      <input_file id="fl-b8">
         <path>C:\ti\ccsv6\tools\compiler\c6000_7.4.14\lib\</path>
         <kind>archive</kind>
         <file>rts67plus.lib</file>
         <name>memory.obj</name>
      </input_file>
      <input_file id="fl-b9">
         <path>C:\ti\ccsv6\tools\compiler\c6000_7.4.14\lib\</path>
         <kind>archive</kind>
         <file>rts67plus.lib</file>
         <name>fclose.obj</name>
      </input_file>
      <input_file id="fl-ba">
         <path>C:\ti\ccsv6\tools\compiler\c6000_7.4.14\lib\</path>
         <kind>archive</kind>
         <file>rts67plus.lib</file>
         <name>remove.obj</name>
      </input_file>
   </input_file_list>
   <object_component_list>
      <object_component id="oc-101">
         <name>.text</name>
         <load_address>0x1001a7c0</load_address>
         <run_address>0x1001a7c0</run_address>
         <size>0xf60</size>
         <input_file_ref idref="fl-4"/>
      </object_component>
      <object_component id="oc-18">
         <name>.text:retain</name>
         <load_address>0x1001b720</load_address>
         <run_address>0x1001b720</run_address>
         <size>0xa60</size>
         <input_file_ref idref="fl-3"/>
      </object_component>
      <object_component id="oc-10a">
         <name>.text:_pow</name>
         <load_address>0x1001c180</load_address>
         <run_address>0x1001c180</run_address>
         <size>0x860</size>
         <input_file_ref idref="fl-97"/>
      </object_component>
      <object_component id="oc-131">
         <name>.text:__getarg_diouxp</name>
         <load_address>0x1001c9e0</load_address>
         <run_address>0x1001c9e0</run_address>
         <size>0x6a0</size>
         <input_file_ref idref="fl-a0"/>
      </object_component>
      <object_component id="oc-112">
         <name>.text:__divd</name>
         <load_address>0x1001d080</load_address>
         <run_address>0x1001d080</run_address>
         <size>0x660</size>
         <input_file_ref idref="fl-89"/>
      </object_component>
      <object_component id="oc-37">
         <name>.text</name>
         <load_address>0x1001d6e0</load_address>
         <run_address>0x1001d6e0</run_address>
         <size>0x640</size>
         <input_file_ref idref="fl-e"/>
      </object_component>
      <object_component id="oc-11d">
         <name>.text:__setfield</name>
         <load_address>0x1001dd20</load_address>
         <run_address>0x1001dd20</run_address>
         <size>0x600</size>
         <input_file_ref idref="fl-a0"/>
      </object_component>
      <object_component id="oc-109">
         <name>.text</name>
         <load_address>0x1001e320</load_address>
         <run_address>0x1001e320</run_address>
         <size>0x540</size>
         <input_file_ref idref="fl-2"/>
      </object_component>
      <object_component id="oc-10d">
         <name>.text:__printfi</name>
         <load_address>0x1001e860</load_address>
         <run_address>0x1001e860</run_address>
         <size>0x520</size>
         <input_file_ref idref="fl-a0"/>
      </object_component>
      <object_component id="oc-33">
         <name>.text</name>
         <load_address>0x1001ed80</load_address>
         <run_address>0x1001ed80</run_address>
         <size>0x4e0</size>
         <input_file_ref idref="fl-d"/>
      </object_component>
      <object_component id="oc-119">
         <name>.text:_fputs</name>
         <load_address>0x1001f260</load_address>
         <run_address>0x1001f260</run_address>
         <size>0x4a0</size>
         <input_file_ref idref="fl-8f"/>
      </object_component>
      <object_component id="oc-108">
         <name>.text</name>
         <load_address>0x1001f700</load_address>
         <run_address>0x1001f700</run_address>
         <size>0x4a0</size>
         <input_file_ref idref="fl-6"/>
      </object_component>
      <object_component id="oc-f4">
         <name>.text</name>
         <load_address>0x1001fba0</load_address>
         <run_address>0x1001fba0</run_address>
         <size>0x460</size>
         <input_file_ref idref="fl-3"/>
      </object_component>
      <object_component id="oc-125">
         <name>.text:__pproc_fge</name>
         <load_address>0x10020000</load_address>
         <run_address>0x10020000</run_address>
         <size>0x3e0</size>
         <input_file_ref idref="fl-a0"/>
      </object_component>
      <object_component id="oc-107">
         <name>.text</name>
         <load_address>0x100203e0</load_address>
         <run_address>0x100203e0</run_address>
         <size>0x3e0</size>
         <input_file_ref idref="fl-7"/>
      </object_component>
      <object_component id="oc-13b">
         <name>.text:_fcvt</name>
         <load_address>0x100207c0</load_address>
         <run_address>0x100207c0</run_address>
         <size>0x3a0</size>
         <input_file_ref idref="fl-a0"/>
      </object_component>
      <object_component id="oc-138">
         <name>.text:_ecvt</name>
         <load_address>0x10020b60</load_address>
         <run_address>0x10020b60</run_address>
         <size>0x380</size>
         <input_file_ref idref="fl-a0"/>
      </object_component>
      <object_component id="oc-11c">
         <name>.text:__pproc_fwp</name>
         <load_address>0x10020ee0</load_address>
         <run_address>0x10020ee0</run_address>
         <size>0x360</size>
         <input_file_ref idref="fl-a0"/>
      </object_component>
      <object_component id="oc-135">
         <name>.text:_free</name>
         <load_address>0x10021240</load_address>
         <run_address>0x10021240</run_address>
         <size>0x360</size>
         <input_file_ref idref="fl-b8"/>
      </object_component>
      <object_component id="oc-113">
         <name>.text:_cos</name>
         <load_address>0x100215a0</load_address>
         <run_address>0x100215a0</run_address>
         <size>0x320</size>
         <input_file_ref idref="fl-87"/>
      </object_component>
      <object_component id="oc-130">
         <name>.text:__pconv_e</name>
         <load_address>0x100218c0</load_address>
         <run_address>0x100218c0</run_address>
         <size>0x300</size>
         <input_file_ref idref="fl-a0"/>
      </object_component>
      <object_component id="oc-146">
         <name>.text:__divull</name>
         <load_address>0x10021bc0</load_address>
         <run_address>0x10021bc0</run_address>
         <size>0x2e0</size>
         <input_file_ref idref="fl-af"/>
      </object_component>
      <object_component id="oc-126">
         <name>.text:__pproc_diouxp</name>
         <load_address>0x10021ea0</load_address>
         <run_address>0x10021ea0</run_address>
         <size>0x2e0</size>
         <input_file_ref idref="fl-a0"/>
      </object_component>
      <object_component id="oc-10e">
         <name>.text:_sin</name>
         <load_address>0x10022180</load_address>
         <run_address>0x10022180</run_address>
         <size>0x2c0</size>
         <input_file_ref idref="fl-9a"/>
      </object_component>
      <object_component id="oc-110">
         <name>.text:__divf</name>
         <load_address>0x10022440</load_address>
         <run_address>0x10022440</run_address>
         <size>0x2a0</size>
         <input_file_ref idref="fl-8a"/>
      </object_component>
      <object_component id="oc-11e">
         <name>.text:__pproc_str</name>
         <load_address>0x100226e0</load_address>
         <run_address>0x100226e0</run_address>
         <size>0x2a0</size>
         <input_file_ref idref="fl-a0"/>
      </object_component>
      <object_component id="oc-12a">
         <name>.text:_setvbuf</name>
         <load_address>0x10022980</load_address>
         <run_address>0x10022980</run_address>
         <size>0x2a0</size>
         <input_file_ref idref="fl-b5"/>
      </object_component>
      <object_component id="oc-12e">
         <name>.text:__pconv_g</name>
         <load_address>0x10022c20</load_address>
         <run_address>0x10022c20</run_address>
         <size>0x280</size>
         <input_file_ref idref="fl-a0"/>
      </object_component>
      <object_component id="oc-11a">
         <name>.text:_fputc</name>
         <load_address>0x10022ea0</load_address>
         <run_address>0x10022ea0</run_address>
         <size>0x280</size>
         <input_file_ref idref="fl-8e"/>
      </object_component>
      <object_component id="oc-2f">
         <name>.text</name>
         <load_address>0x10023120</load_address>
         <run_address>0x10023120</run_address>
         <size>0x260</size>
         <input_file_ref idref="fl-c"/>
      </object_component>
      <object_component id="oc-fc">
         <name>.text:_HOSTrename</name>
         <load_address>0x10023380</load_address>
         <run_address>0x10023380</run_address>
         <size>0x220</size>
         <input_file_ref idref="fl-9b"/>
      </object_component>
      <object_component id="oc-13a">
         <name>.text:__mcpy</name>
         <load_address>0x100235a0</load_address>
         <run_address>0x100235a0</run_address>
         <size>0x220</size>
         <input_file_ref idref="fl-a0"/>
      </object_component>
      <object_component id="oc-136">
         <name>.text:_malloc</name>
         <load_address>0x100237c0</load_address>
         <run_address>0x100237c0</run_address>
         <size>0x220</size>
         <input_file_ref idref="fl-b8"/>
      </object_component>
      <object_component id="oc-ff">
         <name>.text:_memcpy</name>
         <load_address>0x100239e0</load_address>
         <run_address>0x100239e0</run_address>
         <size>0x200</size>
         <input_file_ref idref="fl-93"/>
      </object_component>
      <object_component id="oc-145">
         <name>.text:__divul</name>
         <load_address>0x10023be0</load_address>
         <run_address>0x10023be0</run_address>
         <size>0x1c0</size>
         <input_file_ref idref="fl-ae"/>
      </object_component>
      <object_component id="oc-14e">
         <name>.text:_getdevice</name>
         <load_address>0x10023da0</load_address>
         <run_address>0x10023da0</run_address>
         <size>0x1c0</size>
         <input_file_ref idref="fl-92"/>
      </object_component>
      <object_component id="oc-129">
         <name>.text:_fseek</name>
         <load_address>0x10023f60</load_address>
         <run_address>0x10023f60</run_address>
         <size>0x1a0</size>
         <input_file_ref idref="fl-ad"/>
      </object_component>
      <object_component id="oc-133">
         <name>.text:__ltostr</name>
         <load_address>0x10024100</load_address>
         <run_address>0x10024100</run_address>
         <size>0x180</size>
         <input_file_ref idref="fl-a0"/>
      </object_component>
      <object_component id="oc-11b">
         <name>.text:__pproc_fflags</name>
         <load_address>0x10024280</load_address>
         <run_address>0x10024280</run_address>
         <size>0x180</size>
         <input_file_ref idref="fl-a0"/>
      </object_component>
      <object_component id="oc-115">
         <name>.text:_ldexp</name>
         <load_address>0x10024400</load_address>
         <run_address>0x10024400</run_address>
         <size>0x180</size>
         <input_file_ref idref="fl-b1"/>
      </object_component>
      <object_component id="oc-140">
         <name>.text:__closefile</name>
         <load_address>0x10024580</load_address>
         <run_address>0x10024580</run_address>
         <size>0x160</size>
         <input_file_ref idref="fl-b9"/>
      </object_component>
      <object_component id="oc-fa">
         <name>.text:_HOSTlseek</name>
         <load_address>0x100246e0</load_address>
         <run_address>0x100246e0</run_address>
         <size>0x140</size>
         <input_file_ref idref="fl-9b"/>
      </object_component>
      <object_component id="oc-124">
         <name>.text:_atoi</name>
         <load_address>0x10024820</load_address>
         <run_address>0x10024820</run_address>
         <size>0x140</size>
         <input_file_ref idref="fl-a2"/>
      </object_component>
      <object_component id="oc-f6">
         <name>.text:_HOSTopen</name>
         <load_address>0x10024960</load_address>
         <run_address>0x10024960</run_address>
         <size>0x120</size>
         <input_file_ref idref="fl-9b"/>
      </object_component>
      <object_component id="oc-f8">
         <name>.text:_HOSTread</name>
         <load_address>0x10024a80</load_address>
         <run_address>0x10024a80</run_address>
         <size>0x120</size>
         <input_file_ref idref="fl-9b"/>
      </object_component>
      <object_component id="oc-f9">
         <name>.text:_HOSTwrite</name>
         <load_address>0x10024ba0</load_address>
         <run_address>0x10024ba0</run_address>
         <size>0x120</size>
         <input_file_ref idref="fl-9b"/>
      </object_component>
      <object_component id="oc-120">
         <name>.text:__frcmpyd_div</name>
         <load_address>0x10024cc0</load_address>
         <run_address>0x10024cc0</run_address>
         <size>0x120</size>
         <input_file_ref idref="fl-90"/>
      </object_component>
      <object_component id="oc-121">
         <name>.text:__wrt_ok</name>
         <load_address>0x10024de0</load_address>
         <run_address>0x10024de0</run_address>
         <size>0x120</size>
         <input_file_ref idref="fl-9e"/>
      </object_component>
      <object_component id="oc-147">
         <name>.text:_close</name>
         <load_address>0x10024f00</load_address>
         <run_address>0x10024f00</run_address>
         <size>0x120</size>
         <input_file_ref idref="fl-92"/>
      </object_component>
      <object_component id="oc-106">
         <name>.text:_fprintf</name>
         <load_address>0x10025020</load_address>
         <run_address>0x10025020</run_address>
         <size>0x120</size>
         <input_file_ref idref="fl-8d"/>
      </object_component>
      <object_component id="oc-114">
         <name>.text:_frexp</name>
         <load_address>0x10025140</load_address>
         <run_address>0x10025140</run_address>
         <size>0x120</size>
         <input_file_ref idref="fl-ac"/>
      </object_component>
      <object_component id="oc-142">
         <name>.text:_ltoa</name>
         <load_address>0x10025260</load_address>
         <run_address>0x10025260</run_address>
         <size>0x120</size>
         <input_file_ref idref="fl-b2"/>
      </object_component>
      <object_component id="oc-105">
         <name>.text:_memset</name>
         <load_address>0x10025380</load_address>
         <run_address>0x10025380</run_address>
         <size>0x120</size>
         <input_file_ref idref="fl-94"/>
      </object_component>
      <object_component id="oc-fb">
         <name>.text:_HOSTunlink</name>
         <load_address>0x100254a0</load_address>
         <run_address>0x100254a0</run_address>
         <size>0x100</size>
         <input_file_ref idref="fl-9b"/>
      </object_component>
      <object_component id="oc-f1">
         <name>.text:__auto_init</name>
         <load_address>0x100255a0</load_address>
         <run_address>0x100255a0</run_address>
         <size>0x100</size>
         <input_file_ref idref="fl-a3"/>
      </object_component>
      <object_component id="oc-13d">
         <name>.text:__div</name>
         <load_address>0x100256a0</load_address>
         <run_address>0x100256a0</run_address>
         <size>0x100</size>
         <input_file_ref idref="fl-a0"/>
      </object_component>
      <object_component id="oc-10f">
         <name>.text:__divi</name>
         <load_address>0x100257a0</load_address>
         <run_address>0x100257a0</run_address>
         <size>0x100</size>
         <input_file_ref idref="fl-8b"/>
      </object_component>
      <object_component id="oc-12f">
         <name>.text:__pconv_f</name>
         <load_address>0x100258a0</load_address>
         <run_address>0x100258a0</run_address>
         <size>0x100</size>
         <input_file_ref idref="fl-a0"/>
      </object_component>
      <object_component id="oc-f7">
         <name>.text:_HOSTclose</name>
         <load_address>0x100259a0</load_address>
         <run_address>0x100259a0</run_address>
         <size>0xe0</size>
         <input_file_ref idref="fl-9b"/>
      </object_component>
      <object_component id="oc-137">
         <name>.text:__cleanup</name>
         <load_address>0x10025a80</load_address>
         <run_address>0x10025a80</run_address>
         <size>0xe0</size>
         <input_file_ref idref="fl-b7"/>
      </object_component>
      <object_component id="oc-122">
         <name>.text:__doflush</name>
         <load_address>0x10025b60</load_address>
         <run_address>0x10025b60</run_address>
         <size>0xe0</size>
         <input_file_ref idref="fl-a9"/>
      </object_component>
      <object_component id="oc-13c">
         <name>.text:__fcpy</name>
         <load_address>0x10025c40</load_address>
         <run_address>0x10025c40</run_address>
         <size>0xe0</size>
         <input_file_ref idref="fl-a0"/>
      </object_component>
      <object_component id="oc-f3">
         <name>.text:_exit</name>
         <load_address>0x10025d20</load_address>
         <run_address>0x10025d20</run_address>
         <size>0xe0</size>
         <input_file_ref idref="fl-8c"/>
      </object_component>
      <object_component id="oc-134">
         <name>.text:_lseek</name>
         <load_address>0x10025e00</load_address>
         <run_address>0x10025e00</run_address>
         <size>0xe0</size>
         <input_file_ref idref="fl-92"/>
      </object_component>
      <object_component id="oc-118">
         <name>.text:_modf</name>
         <load_address>0x10025ee0</load_address>
         <run_address>0x10025ee0</run_address>
         <size>0xe0</size>
         <input_file_ref idref="fl-95"/>
      </object_component>
      <object_component id="oc-13e">
         <name>.text:_mremove</name>
         <load_address>0x10025fc0</load_address>
         <run_address>0x10025fc0</run_address>
         <size>0xe0</size>
         <input_file_ref idref="fl-b8"/>
      </object_component>
      <object_component id="oc-123">
         <name>.text:_write</name>
         <load_address>0x100260a0</load_address>
         <run_address>0x100260a0</run_address>
         <size>0xe0</size>
         <input_file_ref idref="fl-92"/>
      </object_component>
      <object_component id="oc-14a">
         <name>.text:__divli</name>
         <load_address>0x10026180</load_address>
         <run_address>0x10026180</run_address>
         <size>0xc0</size>
         <input_file_ref idref="fl-ae"/>
      </object_component>
      <object_component id="oc-144">
         <name>.text:__divu</name>
         <load_address>0x10026240</load_address>
         <run_address>0x10026240</run_address>
         <size>0xc0</size>
         <input_file_ref idref="fl-a7"/>
      </object_component>
      <object_component id="oc-139">
         <name>.text:__ecpy</name>
         <load_address>0x10026300</load_address>
         <run_address>0x10026300</run_address>
         <size>0xc0</size>
         <input_file_ref idref="fl-a0"/>
      </object_component>
      <object_component id="oc-116">
         <name>.text:__nround</name>
         <load_address>0x100263c0</load_address>
         <run_address>0x100263c0</run_address>
         <size>0xc0</size>
         <input_file_ref idref="fl-99"/>
      </object_component>
      <object_component id="oc-111">
         <name>.text:__remi</name>
         <load_address>0x10026480</load_address>
         <run_address>0x10026480</run_address>
         <size>0xc0</size>
         <input_file_ref idref="fl-98"/>
      </object_component>
      <object_component id="oc-fe">
         <name>.text:_copy_in</name>
         <load_address>0x10026540</load_address>
         <run_address>0x10026540</run_address>
         <size>0xc0</size>
         <input_file_ref idref="fl-a5"/>
      </object_component>
      <object_component id="oc-14f">
         <name>.text:_finddevice</name>
         <load_address>0x10026600</load_address>
         <run_address>0x10026600</run_address>
         <size>0xc0</size>
         <input_file_ref idref="fl-92"/>
      </object_component>
      <object_component id="oc-13f">
         <name>.text:_minsert</name>
         <load_address>0x100266c0</load_address>
         <run_address>0x100266c0</run_address>
         <size>0xc0</size>
         <input_file_ref idref="fl-b8"/>
      </object_component>
      <object_component id="oc-141">
         <name>.text:__fixdli</name>
         <load_address>0x10026780</load_address>
         <run_address>0x10026780</run_address>
         <size>0xa0</size>
         <input_file_ref idref="fl-aa"/>
      </object_component>
      <object_component id="oc-104">
         <name>.text:_readmsg</name>
         <load_address>0x10026820</load_address>
         <run_address>0x10026820</run_address>
         <size>0xa0</size>
         <input_file_ref idref="fl-9c"/>
      </object_component>
      <object_component id="oc-14d">
         <name>.text:_unlink</name>
         <load_address>0x100268c0</load_address>
         <run_address>0x100268c0</run_address>
         <size>0xa0</size>
         <input_file_ref idref="fl-92"/>
      </object_component>
      <object_component id="oc-f5">
         <name>.text</name>
         <load_address>0x10026960</load_address>
         <run_address>0x10026960</run_address>
         <size>0xa0</size>
         <input_file_ref idref="fl-5"/>
      </object_component>
      <object_component id="oc-100">
         <name>.text:___TI_cpp_init</name>
         <load_address>0x10026a00</load_address>
         <run_address>0x10026a00</run_address>
         <size>0x80</size>
         <input_file_ref idref="fl-a4"/>
      </object_component>
      <object_component id="oc-143">
         <name>.text:__fltlid</name>
         <load_address>0x10026a80</load_address>
         <run_address>0x10026a80</run_address>
         <size>0x80</size>
         <input_file_ref idref="fl-ab"/>
      </object_component>
      <object_component id="oc-14b">
         <name>.text:__llshl</name>
         <load_address>0x10026b00</load_address>
         <run_address>0x10026b00</run_address>
         <size>0x80</size>
         <input_file_ref idref="fl-91"/>
      </object_component>
      <object_component id="oc-128">
         <name>.text:__mpyll</name>
         <load_address>0x10026b80</load_address>
         <run_address>0x10026b80</run_address>
         <size>0x80</size>
         <input_file_ref idref="fl-96"/>
      </object_component>
      <object_component id="oc-10">
         <name>.text:_c_int00</name>
         <load_address>0x10026c00</load_address>
         <run_address>0x10026c00</run_address>
         <size>0x80</size>
         <input_file_ref idref="fl-86"/>
      </object_component>
      <object_component id="oc-127">
         <name>.text:_memccpy</name>
         <load_address>0x10026c80</load_address>
         <run_address>0x10026c80</run_address>
         <size>0x80</size>
         <input_file_ref idref="fl-b3"/>
      </object_component>
      <object_component id="oc-103">
         <name>.text:_writemsg</name>
         <load_address>0x10026d00</load_address>
         <run_address>0x10026d00</run_address>
         <size>0x80</size>
         <input_file_ref idref="fl-9c"/>
      </object_component>
      <object_component id="oc-11f">
         <name>.text:__llshru</name>
         <load_address>0x10026d80</load_address>
         <run_address>0x10026d80</run_address>
         <size>0x60</size>
         <input_file_ref idref="fl-91"/>
      </object_component>
      <object_component id="oc-149">
         <name>.text:__remli</name>
         <load_address>0x10026de0</load_address>
         <run_address>0x10026de0</run_address>
         <size>0x60</size>
         <input_file_ref idref="fl-ae"/>
      </object_component>
      <object_component id="oc-14c">
         <name>.text:__subcull</name>
         <load_address>0x10026e40</load_address>
         <run_address>0x10026e40</run_address>
         <size>0x60</size>
         <input_file_ref idref="fl-af"/>
      </object_component>
      <object_component id="oc-12d">
         <name>.text:___isinf</name>
         <load_address>0x10026ea0</load_address>
         <run_address>0x10026ea0</run_address>
         <size>0x40</size>
         <input_file_ref idref="fl-b0"/>
      </object_component>
      <object_component id="oc-12c">
         <name>.text:___isnan</name>
         <load_address>0x10026ee0</load_address>
         <run_address>0x10026ee0</run_address>
         <size>0x40</size>
         <input_file_ref idref="fl-a0"/>
      </object_component>
      <object_component id="oc-f2">
         <name>.text:__args_main</name>
         <load_address>0x10026f20</load_address>
         <run_address>0x10026f20</run_address>
         <size>0x40</size>
         <input_file_ref idref="fl-a1"/>
      </object_component>
      <object_component id="oc-117">
         <name>.text:__trunc</name>
         <load_address>0x10026f60</load_address>
         <run_address>0x10026f60</run_address>
         <size>0x40</size>
         <input_file_ref idref="fl-9d"/>
      </object_component>
      <object_component id="oc-132">
         <name>.text:__negll</name>
         <load_address>0x10026fa0</load_address>
         <run_address>0x10026fa0</run_address>
         <size>0x20</size>
         <input_file_ref idref="fl-b4"/>
      </object_component>
      <object_component id="oc-fd">
         <name>.text:__nop</name>
         <load_address>0x10026fc0</load_address>
         <run_address>0x10026fc0</run_address>
         <size>0x20</size>
         <input_file_ref idref="fl-9f"/>
      </object_component>
      <object_component id="oc-10c">
         <name>.text:__outc</name>
         <load_address>0x10026fe0</load_address>
         <run_address>0x10026fe0</run_address>
         <size>0x20</size>
         <input_file_ref idref="fl-8d"/>
      </object_component>
      <object_component id="oc-10b">
         <name>.text:__outs</name>
         <load_address>0x10027000</load_address>
         <run_address>0x10027000</run_address>
         <size>0x20</size>
         <input_file_ref idref="fl-8d"/>
      </object_component>
      <object_component id="oc-102">
         <name>.text:_abort</name>
         <load_address>0x10027020</load_address>
         <run_address>0x10027020</run_address>
         <size>0x20</size>
         <input_file_ref idref="fl-8c"/>
      </object_component>
      <object_component id="oc-148">
         <name>.text:_remove</name>
         <load_address>0x10027040</load_address>
         <run_address>0x10027040</run_address>
         <size>0x20</size>
         <input_file_ref idref="fl-ba"/>
      </object_component>
      <object_component id="oc-165">
         <name>.stack</name>
         <load_address>0x10029618</load_address>
         <run_address>0x10029618</run_address>
         <size>0x0</size>
      </object_component>
      <object_component id="oc-3c">
         <name>.stack</name>
         <load_address>0x10029618</load_address>
         <run_address>0x10029618</run_address>
         <size>0x8</size>
         <input_file_ref idref="fl-86"/>
      </object_component>
      <object_component id="oc-1d">
         <name>.cinit</name>
         <load_address>0x10027060</load_address>
         <run_address>0x10027060</run_address>
         <size>0x21ac</size>
         <input_file_ref idref="fl-4"/>
      </object_component>
      <object_component id="oc-78">
         <name>.cinit</name>
         <load_address>0x10029210</load_address>
         <run_address>0x10029210</run_address>
         <size>0x140</size>
         <input_file_ref idref="fl-97"/>
      </object_component>
      <object_component id="oc-16">
         <name>.cinit</name>
         <load_address>0x10029350</load_address>
         <run_address>0x10029350</run_address>
         <size>0xac</size>
         <input_file_ref idref="fl-3"/>
      </object_component>
      <object_component id="oc-45">
         <name>.cinit</name>
         <load_address>0x10029400</load_address>
         <run_address>0x10029400</run_address>
         <size>0x5c</size>
         <input_file_ref idref="fl-88"/>
      </object_component>
      <object_component id="oc-67">
         <name>.cinit</name>
         <load_address>0x10029460</load_address>
         <run_address>0x10029460</run_address>
         <size>0x5c</size>
         <input_file_ref idref="fl-92"/>
      </object_component>
      <object_component id="oc-40">
         <name>.cinit</name>
         <load_address>0x100294c0</load_address>
         <run_address>0x100294c0</run_address>
         <size>0x48</size>
         <input_file_ref idref="fl-87"/>
      </object_component>
      <object_component id="oc-83">
         <name>.cinit</name>
         <load_address>0x10029508</load_address>
         <run_address>0x10029508</run_address>
         <size>0x48</size>
         <input_file_ref idref="fl-9a"/>
      </object_component>
      <object_component id="oc-52">
         <name>.cinit</name>
         <load_address>0x10029550</load_address>
         <run_address>0x10029550</run_address>
         <size>0x2c</size>
         <input_file_ref idref="fl-8c"/>
      </object_component>
      <object_component id="oc-e6">
         <name>.cinit</name>
         <load_address>0x10029580</load_address>
         <run_address>0x10029580</run_address>
         <size>0x2c</size>
         <input_file_ref idref="fl-b8"/>
      </object_component>
      <object_component id="oc-96">
         <name>.cinit</name>
         <load_address>0x100295b0</load_address>
         <run_address>0x100295b0</run_address>
         <size>0x1c</size>
         <input_file_ref idref="fl-9f"/>
      </object_component>
      <object_component id="oc-25">
         <name>.cinit</name>
         <load_address>0x100295d0</load_address>
         <run_address>0x100295d0</run_address>
         <size>0x19</size>
         <input_file_ref idref="fl-5"/>
      </object_component>
      <object_component id="oc-b3">
         <name>.cinit</name>
         <load_address>0x100295f0</load_address>
         <run_address>0x100295f0</run_address>
         <size>0xc</size>
         <input_file_ref idref="fl-a8"/>
      </object_component>
      <object_component id="oc-e1">
         <name>.cinit</name>
         <load_address>0x10029600</load_address>
         <run_address>0x10029600</run_address>
         <size>0xc</size>
         <input_file_ref idref="fl-b7"/>
      </object_component>
      <object_component id="oc-8c">
         <name>.cio</name>
         <uninitialized>true</uninitialized>
         <run_address>0x1002a864</run_address>
         <size>0x120</size>
         <input_file_ref idref="fl-9c"/>
      </object_component>
      <object_component id="oc-20">
         <name>.const:.string</name>
         <load_address>0x1002a618</load_address>
         <run_address>0x1002a618</run_address>
         <size>0x113</size>
         <input_file_ref idref="fl-4"/>
      </object_component>
      <object_component id="oc-12b">
         <name>.const:.string:__ctypes_</name>
         <load_address>0x1002a72c</load_address>
         <run_address>0x1002a72c</run_address>
         <size>0x101</size>
         <input_file_ref idref="fl-a6"/>
      </object_component>
      <object_component id="oc-9b">
         <name>.const:.string</name>
         <load_address>0x1002a82d</load_address>
         <run_address>0x1002a82d</run_address>
         <size>0x23</size>
         <input_file_ref idref="fl-a0"/>
      </object_component>
      <object_component id="oc-1f">
         <name>.const</name>
         <load_address>0x1002a850</load_address>
         <run_address>0x1002a850</run_address>
         <size>0x10</size>
         <input_file_ref idref="fl-4"/>
      </object_component>
      <object_component id="oc-5d">
         <name>.const:.string</name>
         <load_address>0x1002a860</load_address>
         <run_address>0x1002a860</run_address>
         <size>0x2</size>
         <input_file_ref idref="fl-8f"/>
      </object_component>
      <object_component id="oc-17">
         <name>.far</name>
         <uninitialized>true</uninitialized>
         <run_address>0x10012154</run_address>
         <size>0x804d</size>
         <input_file_ref idref="fl-3"/>
      </object_component>
      <object_component id="oc-1e">
         <name>.far</name>
         <uninitialized>true</uninitialized>
         <run_address>0x10001c00</run_address>
         <size>0x10554</size>
         <input_file_ref idref="fl-4"/>
      </object_component>
      <object_component id="oc-26">
         <name>.far</name>
         <uninitialized>true</uninitialized>
         <run_address>0x1001a7b0</run_address>
         <size>0x3</size>
         <input_file_ref idref="fl-5"/>
      </object_component>
      <object_component id="oc-41">
         <name>.far</name>
         <uninitialized>true</uninitialized>
         <run_address>0x1001a708</run_address>
         <size>0x40</size>
         <input_file_ref idref="fl-87"/>
      </object_component>
      <object_component id="oc-46">
         <name>.far</name>
         <uninitialized>true</uninitialized>
         <run_address>0x1001a1a4</run_address>
         <size>0x324</size>
         <input_file_ref idref="fl-88"/>
      </object_component>
      <object_component id="oc-53">
         <name>.far</name>
         <uninitialized>true</uninitialized>
         <run_address>0x1001a788</run_address>
         <size>0xc</size>
         <input_file_ref idref="fl-8c"/>
      </object_component>
      <object_component id="oc-68">
         <name>.far</name>
         <uninitialized>true</uninitialized>
         <run_address>0x1001a5e8</run_address>
         <size>0x11c</size>
         <input_file_ref idref="fl-92"/>
      </object_component>
      <object_component id="oc-79">
         <name>.far</name>
         <uninitialized>true</uninitialized>
         <run_address>0x1001a4c8</run_address>
         <size>0x120</size>
         <input_file_ref idref="fl-97"/>
      </object_component>
      <object_component id="oc-84">
         <name>.far</name>
         <uninitialized>true</uninitialized>
         <run_address>0x1001a748</run_address>
         <size>0x40</size>
         <input_file_ref idref="fl-9a"/>
      </object_component>
      <object_component id="oc-88">
         <name>.far</name>
         <uninitialized>true</uninitialized>
         <run_address>0x1001a7a4</run_address>
         <size>0x8</size>
         <input_file_ref idref="fl-9b"/>
      </object_component>
      <object_component id="oc-97">
         <name>.far</name>
         <uninitialized>true</uninitialized>
         <run_address>0x1001a794</run_address>
         <size>0x8</size>
         <input_file_ref idref="fl-9f"/>
      </object_component>
      <object_component id="oc-b4">
         <name>.far</name>
         <uninitialized>true</uninitialized>
         <run_address>0x1001a704</run_address>
         <size>0x4</size>
         <input_file_ref idref="fl-a8"/>
      </object_component>
      <object_component id="oc-e2">
         <name>.far</name>
         <uninitialized>true</uninitialized>
         <run_address>0x1001a7ac</run_address>
         <size>0x4</size>
         <input_file_ref idref="fl-b7"/>
      </object_component>
      <object_component id="oc-e7">
         <name>.far</name>
         <uninitialized>true</uninitialized>
         <run_address>0x1001a79c</run_address>
         <size>0x8</size>
         <input_file_ref idref="fl-b8"/>
      </object_component>
      <object_component id="oc-14">
         <name>.bss</name>
         <uninitialized>true</uninitialized>
         <run_address>0x1002a9e8</run_address>
         <size>0x30</size>
         <input_file_ref idref="fl-3"/>
      </object_component>
      <object_component id="oc-1b">
         <name>.bss</name>
         <uninitialized>true</uninitialized>
         <run_address>0x1002a988</run_address>
         <size>0x60</size>
         <input_file_ref idref="fl-4"/>
      </object_component>
      <object_component id="oc-23">
         <name>.bss</name>
         <uninitialized>true</uninitialized>
         <run_address>0x1002aa18</run_address>
         <size>0x1</size>
         <input_file_ref idref="fl-5"/>
      </object_component>
      <object_component id="oc-e8">
         <name>.sysmem</name>
         <uninitialized>true</uninitialized>
         <run_address>0x10029e18</run_address>
         <size>0x8</size>
         <input_file_ref idref="fl-b8"/>
      </object_component>
      <object_component id="oc-166">
         <name>.sysmem</name>
         <uninitialized>true</uninitialized>
         <run_address>0x10029e18</run_address>
         <size>0x0</size>
      </object_component>
      <object_component id="oc-11">
         <name>.debug_info</name>
         <load_address>0x0</load_address>
         <run_address>0x0</run_address>
         <size>0x9da</size>
         <input_file_ref idref="fl-2"/>
      </object_component>
      <object_component id="oc-15">
         <name>.debug_info</name>
         <load_address>0x9da</load_address>
         <run_address>0x9da</run_address>
         <size>0x2449</size>
         <input_file_ref idref="fl-3"/>
      </object_component>
      <object_component id="oc-1c">
         <name>.debug_info</name>
         <load_address>0x2e23</load_address>
         <run_address>0x2e23</run_address>
         <size>0x49b1</size>
         <input_file_ref idref="fl-4"/>
      </object_component>
      <object_component id="oc-24">
         <name>.debug_info</name>
         <load_address>0x77d4</load_address>
         <run_address>0x77d4</run_address>
         <size>0x815</size>
         <input_file_ref idref="fl-5"/>
      </object_component>
      <object_component id="oc-29">
         <name>.debug_info</name>
         <load_address>0x7fe9</load_address>
         <run_address>0x7fe9</run_address>
         <size>0xbda</size>
         <input_file_ref idref="fl-6"/>
      </object_component>
      <object_component id="oc-2c">
         <name>.debug_info</name>
         <load_address>0x8bc3</load_address>
         <run_address>0x8bc3</run_address>
         <size>0x966</size>
         <input_file_ref idref="fl-7"/>
      </object_component>
      <object_component id="oc-31">
         <name>.debug_info</name>
         <load_address>0x9529</load_address>
         <run_address>0x9529</run_address>
         <size>0xb1</size>
         <input_file_ref idref="fl-c"/>
      </object_component>
      <object_component id="oc-35">
         <name>.debug_info</name>
         <load_address>0x95da</load_address>
         <run_address>0x95da</run_address>
         <size>0xaf</size>
         <input_file_ref idref="fl-d"/>
      </object_component>
      <object_component id="oc-39">
         <name>.debug_info</name>
         <load_address>0x9689</load_address>
         <run_address>0x9689</run_address>
         <size>0xb1</size>
         <input_file_ref idref="fl-e"/>
      </object_component>
      <object_component id="oc-3b">
         <name>.debug_info</name>
         <load_address>0x973a</load_address>
         <run_address>0x973a</run_address>
         <size>0x70b</size>
         <input_file_ref idref="fl-86"/>
      </object_component>
      <object_component id="oc-3f">
         <name>.debug_info</name>
         <load_address>0x9e45</load_address>
         <run_address>0x9e45</run_address>
         <size>0x714</size>
         <input_file_ref idref="fl-87"/>
      </object_component>
      <object_component id="oc-44">
         <name>.debug_info</name>
         <load_address>0xa559</load_address>
         <run_address>0xa559</run_address>
         <size>0x6e7</size>
         <input_file_ref idref="fl-88"/>
      </object_component>
      <object_component id="oc-48">
         <name>.debug_info</name>
         <load_address>0xac40</load_address>
         <run_address>0xac40</run_address>
         <size>0x982</size>
         <input_file_ref idref="fl-89"/>
      </object_component>
      <object_component id="oc-4b">
         <name>.debug_info</name>
         <load_address>0xb5c2</load_address>
         <run_address>0xb5c2</run_address>
         <size>0x8ce</size>
         <input_file_ref idref="fl-8a"/>
      </object_component>
      <object_component id="oc-4e">
         <name>.debug_info</name>
         <load_address>0xbe90</load_address>
         <run_address>0xbe90</run_address>
         <size>0xd0</size>
         <input_file_ref idref="fl-8b"/>
      </object_component>
      <object_component id="oc-51">
         <name>.debug_info</name>
         <load_address>0xbf60</load_address>
         <run_address>0xbf60</run_address>
         <size>0x7fc</size>
         <input_file_ref idref="fl-8c"/>
      </object_component>
      <object_component id="oc-56">
         <name>.debug_info</name>
         <load_address>0xc75c</load_address>
         <run_address>0xc75c</run_address>
         <size>0x8f8</size>
         <input_file_ref idref="fl-8d"/>
      </object_component>
      <object_component id="oc-59">
         <name>.debug_info</name>
         <load_address>0xd054</load_address>
         <run_address>0xd054</run_address>
         <size>0x82a</size>
         <input_file_ref idref="fl-8e"/>
      </object_component>
      <object_component id="oc-5c">
         <name>.debug_info</name>
         <load_address>0xd87e</load_address>
         <run_address>0xd87e</run_address>
         <size>0xb81</size>
         <input_file_ref idref="fl-8f"/>
      </object_component>
      <object_component id="oc-60">
         <name>.debug_info</name>
         <load_address>0xe3ff</load_address>
         <run_address>0xe3ff</run_address>
         <size>0x6a4</size>
         <input_file_ref idref="fl-90"/>
      </object_component>
      <object_component id="oc-63">
         <name>.debug_info</name>
         <load_address>0xeaa3</load_address>
         <run_address>0xeaa3</run_address>
         <size>0x701</size>
         <input_file_ref idref="fl-91"/>
      </object_component>
      <object_component id="oc-66">
         <name>.debug_info</name>
         <load_address>0xf1a4</load_address>
         <run_address>0xf1a4</run_address>
         <size>0xf58</size>
         <input_file_ref idref="fl-92"/>
      </object_component>
      <object_component id="oc-6b">
         <name>.debug_info</name>
         <load_address>0x100fc</load_address>
         <run_address>0x100fc</run_address>
         <size>0x78c</size>
         <input_file_ref idref="fl-93"/>
      </object_component>
      <object_component id="oc-6e">
         <name>.debug_info</name>
         <load_address>0x10888</load_address>
         <run_address>0x10888</run_address>
         <size>0x72d</size>
         <input_file_ref idref="fl-94"/>
      </object_component>
      <object_component id="oc-71">
         <name>.debug_info</name>
         <load_address>0x10fb5</load_address>
         <run_address>0x10fb5</run_address>
         <size>0x680</size>
         <input_file_ref idref="fl-95"/>
      </object_component>
      <object_component id="oc-74">
         <name>.debug_info</name>
         <load_address>0x11635</load_address>
         <run_address>0x11635</run_address>
         <size>0x6b7</size>
         <input_file_ref idref="fl-96"/>
      </object_component>
      <object_component id="oc-77">
         <name>.debug_info</name>
         <load_address>0x11cec</load_address>
         <run_address>0x11cec</run_address>
         <size>0x8b3</size>
         <input_file_ref idref="fl-97"/>
      </object_component>
      <object_component id="oc-7c">
         <name>.debug_info</name>
         <load_address>0x1259f</load_address>
         <run_address>0x1259f</run_address>
         <size>0xd0</size>
         <input_file_ref idref="fl-98"/>
      </object_component>
      <object_component id="oc-7f">
         <name>.debug_info</name>
         <load_address>0x1266f</load_address>
         <run_address>0x1266f</run_address>
         <size>0x659</size>
         <input_file_ref idref="fl-99"/>
      </object_component>
      <object_component id="oc-82">
         <name>.debug_info</name>
         <load_address>0x12cc8</load_address>
         <run_address>0x12cc8</run_address>
         <size>0x714</size>
         <input_file_ref idref="fl-9a"/>
      </object_component>
      <object_component id="oc-87">
         <name>.debug_info</name>
         <load_address>0x133dc</load_address>
         <run_address>0x133dc</run_address>
         <size>0xef0</size>
         <input_file_ref idref="fl-9b"/>
      </object_component>
      <object_component id="oc-8b">
         <name>.debug_info</name>
         <load_address>0x142cc</load_address>
         <run_address>0x142cc</run_address>
         <size>0x8c5</size>
         <input_file_ref idref="fl-9c"/>
      </object_component>
      <object_component id="oc-8f">
         <name>.debug_info</name>
         <load_address>0x14b91</load_address>
         <run_address>0x14b91</run_address>
         <size>0x651</size>
         <input_file_ref idref="fl-9d"/>
      </object_component>
      <object_component id="oc-92">
         <name>.debug_info</name>
         <load_address>0x151e2</load_address>
         <run_address>0x151e2</run_address>
         <size>0x75a</size>
         <input_file_ref idref="fl-9e"/>
      </object_component>
      <object_component id="oc-95">
         <name>.debug_info</name>
         <load_address>0x1593c</load_address>
         <run_address>0x1593c</run_address>
         <size>0x64c</size>
         <input_file_ref idref="fl-9f"/>
      </object_component>
      <object_component id="oc-9a">
         <name>.debug_info</name>
         <load_address>0x15f88</load_address>
         <run_address>0x15f88</run_address>
         <size>0x2b6b</size>
         <input_file_ref idref="fl-a0"/>
      </object_component>
      <object_component id="oc-9e">
         <name>.debug_info</name>
         <load_address>0x18af3</load_address>
         <run_address>0x18af3</run_address>
         <size>0x6e1</size>
         <input_file_ref idref="fl-a1"/>
      </object_component>
      <object_component id="oc-a1">
         <name>.debug_info</name>
         <load_address>0x191d4</load_address>
         <run_address>0x191d4</run_address>
         <size>0x71c</size>
         <input_file_ref idref="fl-a2"/>
      </object_component>
      <object_component id="oc-a4">
         <name>.debug_info</name>
         <load_address>0x198f0</load_address>
         <run_address>0x198f0</run_address>
         <size>0x86e</size>
         <input_file_ref idref="fl-a3"/>
      </object_component>
      <object_component id="oc-a7">
         <name>.debug_info</name>
         <load_address>0x1a15e</load_address>
         <run_address>0x1a15e</run_address>
         <size>0x6e6</size>
         <input_file_ref idref="fl-a4"/>
      </object_component>
      <object_component id="oc-aa">
         <name>.debug_info</name>
         <load_address>0x1a844</load_address>
         <run_address>0x1a844</run_address>
         <size>0x7dc</size>
         <input_file_ref idref="fl-a5"/>
      </object_component>
      <object_component id="oc-ad">
         <name>.debug_info</name>
         <load_address>0x1b020</load_address>
         <run_address>0x1b020</run_address>
         <size>0x5fa</size>
         <input_file_ref idref="fl-a6"/>
      </object_component>
      <object_component id="oc-af">
         <name>.debug_info</name>
         <load_address>0x1b61a</load_address>
         <run_address>0x1b61a</run_address>
         <size>0xd0</size>
         <input_file_ref idref="fl-a7"/>
      </object_component>
      <object_component id="oc-b2">
         <name>.debug_info</name>
         <load_address>0x1b6ea</load_address>
         <run_address>0x1b6ea</run_address>
         <size>0x5e2</size>
         <input_file_ref idref="fl-a8"/>
      </object_component>
      <object_component id="oc-b6">
         <name>.debug_info</name>
         <load_address>0x1bccc</load_address>
         <run_address>0x1bccc</run_address>
         <size>0x781</size>
         <input_file_ref idref="fl-a9"/>
      </object_component>
      <object_component id="oc-b9">
         <name>.debug_info</name>
         <load_address>0x1c44d</load_address>
         <run_address>0x1c44d</run_address>
         <size>0x691</size>
         <input_file_ref idref="fl-aa"/>
      </object_component>
      <object_component id="oc-bc">
         <name>.debug_info</name>
         <load_address>0x1cade</load_address>
         <run_address>0x1cade</run_address>
         <size>0x6aa</size>
         <input_file_ref idref="fl-ab"/>
      </object_component>
      <object_component id="oc-bf">
         <name>.debug_info</name>
         <load_address>0x1d188</load_address>
         <run_address>0x1d188</run_address>
         <size>0x69b</size>
         <input_file_ref idref="fl-ac"/>
      </object_component>
      <object_component id="oc-c2">
         <name>.debug_info</name>
         <load_address>0x1d823</load_address>
         <run_address>0x1d823</run_address>
         <size>0x7b9</size>
         <input_file_ref idref="fl-ad"/>
      </object_component>
      <object_component id="oc-c5">
         <name>.debug_info</name>
         <load_address>0x1dfdc</load_address>
         <run_address>0x1dfdc</run_address>
         <size>0x7ba</size>
         <input_file_ref idref="fl-ae"/>
      </object_component>
      <object_component id="oc-c8">
         <name>.debug_info</name>
         <load_address>0x1e796</load_address>
         <run_address>0x1e796</run_address>
         <size>0x7b5</size>
         <input_file_ref idref="fl-af"/>
      </object_component>
      <object_component id="oc-cb">
         <name>.debug_info</name>
         <load_address>0x1ef4b</load_address>
         <run_address>0x1ef4b</run_address>
         <size>0x816</size>
         <input_file_ref idref="fl-b0"/>
      </object_component>
      <object_component id="oc-ce">
         <name>.debug_info</name>
         <load_address>0x1f761</load_address>
         <run_address>0x1f761</run_address>
         <size>0x697</size>
         <input_file_ref idref="fl-b1"/>
      </object_component>
      <object_component id="oc-d1">
         <name>.debug_info</name>
         <load_address>0x1fdf8</load_address>
         <run_address>0x1fdf8</run_address>
         <size>0x745</size>
         <input_file_ref idref="fl-b2"/>
      </object_component>
      <object_component id="oc-d4">
         <name>.debug_info</name>
         <load_address>0x2053d</load_address>
         <run_address>0x2053d</run_address>
         <size>0x6e9</size>
         <input_file_ref idref="fl-b3"/>
      </object_component>
      <object_component id="oc-d7">
         <name>.debug_info</name>
         <load_address>0x20c26</load_address>
         <run_address>0x20c26</run_address>
         <size>0x618</size>
         <input_file_ref idref="fl-b4"/>
      </object_component>
      <object_component id="oc-da">
         <name>.debug_info</name>
         <load_address>0x2123e</load_address>
         <run_address>0x2123e</run_address>
         <size>0x813</size>
         <input_file_ref idref="fl-b5"/>
      </object_component>
      <object_component id="oc-dd">
         <name>.debug_info</name>
         <load_address>0x21a51</load_address>
         <run_address>0x21a51</run_address>
         <size>0x5cc</size>
         <input_file_ref idref="fl-b6"/>
      </object_component>
      <object_component id="oc-e0">
         <name>.debug_info</name>
         <load_address>0x2201d</load_address>
         <run_address>0x2201d</run_address>
         <size>0x882</size>
         <input_file_ref idref="fl-b7"/>
      </object_component>
      <object_component id="oc-e5">
         <name>.debug_info</name>
         <load_address>0x2289f</load_address>
         <run_address>0x2289f</run_address>
         <size>0xb3b</size>
         <input_file_ref idref="fl-b8"/>
      </object_component>
      <object_component id="oc-eb">
         <name>.debug_info</name>
         <load_address>0x233da</load_address>
         <run_address>0x233da</run_address>
         <size>0x806</size>
         <input_file_ref idref="fl-b9"/>
      </object_component>
      <object_component id="oc-ee">
         <name>.debug_info</name>
         <load_address>0x23be0</load_address>
         <run_address>0x23be0</run_address>
         <size>0x664</size>
         <input_file_ref idref="fl-ba"/>
      </object_component>
      <object_component id="oc-167">
         <name>.debug_info</name>
         <load_address>0x24244</load_address>
         <run_address>0x24244</run_address>
         <size>0x6e</size>
      </object_component>
      <object_component id="oc-12">
         <name>.debug_line</name>
         <load_address>0x0</load_address>
         <run_address>0x0</run_address>
         <size>0x9a</size>
         <input_file_ref idref="fl-2"/>
      </object_component>
      <object_component id="oc-19">
         <name>.debug_line</name>
         <load_address>0x9a</load_address>
         <run_address>0x9a</run_address>
         <size>0x127</size>
         <input_file_ref idref="fl-3"/>
      </object_component>
      <object_component id="oc-21">
         <name>.debug_line</name>
         <load_address>0x1c1</load_address>
         <run_address>0x1c1</run_address>
         <size>0x88</size>
         <input_file_ref idref="fl-4"/>
      </object_component>
      <object_component id="oc-27">
         <name>.debug_line</name>
         <load_address>0x249</load_address>
         <run_address>0x249</run_address>
         <size>0x6c</size>
         <input_file_ref idref="fl-5"/>
      </object_component>
      <object_component id="oc-2a">
         <name>.debug_line</name>
         <load_address>0x2b5</load_address>
         <run_address>0x2b5</run_address>
         <size>0xcd</size>
         <input_file_ref idref="fl-6"/>
      </object_component>
      <object_component id="oc-2d">
         <name>.debug_line</name>
         <load_address>0x382</load_address>
         <run_address>0x382</run_address>
         <size>0x7d</size>
         <input_file_ref idref="fl-7"/>
      </object_component>
      <object_component id="oc-32">
         <name>.debug_line</name>
         <load_address>0x3ff</load_address>
         <run_address>0x3ff</run_address>
         <size>0x8f</size>
         <input_file_ref idref="fl-c"/>
      </object_component>
      <object_component id="oc-36">
         <name>.debug_line</name>
         <load_address>0x48e</load_address>
         <run_address>0x48e</run_address>
         <size>0x8a</size>
         <input_file_ref idref="fl-d"/>
      </object_component>
      <object_component id="oc-3a">
         <name>.debug_line</name>
         <load_address>0x518</load_address>
         <run_address>0x518</run_address>
         <size>0x87</size>
         <input_file_ref idref="fl-e"/>
      </object_component>
      <object_component id="oc-3d">
         <name>.debug_line</name>
         <load_address>0x59f</load_address>
         <run_address>0x59f</run_address>
         <size>0x3d</size>
         <input_file_ref idref="fl-86"/>
      </object_component>
      <object_component id="oc-42">
         <name>.debug_line</name>
         <load_address>0x5dc</load_address>
         <run_address>0x5dc</run_address>
         <size>0x54</size>
         <input_file_ref idref="fl-87"/>
      </object_component>
      <object_component id="oc-49">
         <name>.debug_line</name>
         <load_address>0x630</load_address>
         <run_address>0x630</run_address>
         <size>0x3c</size>
         <input_file_ref idref="fl-89"/>
      </object_component>
      <object_component id="oc-4c">
         <name>.debug_line</name>
         <load_address>0x66c</load_address>
         <run_address>0x66c</run_address>
         <size>0x3c</size>
         <input_file_ref idref="fl-8a"/>
      </object_component>
      <object_component id="oc-4f">
         <name>.debug_line</name>
         <load_address>0x6a8</load_address>
         <run_address>0x6a8</run_address>
         <size>0x45</size>
         <input_file_ref idref="fl-8b"/>
      </object_component>
      <object_component id="oc-54">
         <name>.debug_line</name>
         <load_address>0x6ed</load_address>
         <run_address>0x6ed</run_address>
         <size>0x4f</size>
         <input_file_ref idref="fl-8c"/>
      </object_component>
      <object_component id="oc-57">
         <name>.debug_line</name>
         <load_address>0x73c</load_address>
         <run_address>0x73c</run_address>
         <size>0x6b</size>
         <input_file_ref idref="fl-8d"/>
      </object_component>
      <object_component id="oc-5a">
         <name>.debug_line</name>
         <load_address>0x7a7</load_address>
         <run_address>0x7a7</run_address>
         <size>0x3f</size>
         <input_file_ref idref="fl-8e"/>
      </object_component>
      <object_component id="oc-5e">
         <name>.debug_line</name>
         <load_address>0x7e6</load_address>
         <run_address>0x7e6</run_address>
         <size>0xa9</size>
         <input_file_ref idref="fl-8f"/>
      </object_component>
      <object_component id="oc-61">
         <name>.debug_line</name>
         <load_address>0x88f</load_address>
         <run_address>0x88f</run_address>
         <size>0x3e</size>
         <input_file_ref idref="fl-90"/>
      </object_component>
      <object_component id="oc-64">
         <name>.debug_line</name>
         <load_address>0x8cd</load_address>
         <run_address>0x8cd</run_address>
         <size>0x56</size>
         <input_file_ref idref="fl-91"/>
      </object_component>
      <object_component id="oc-69">
         <name>.debug_line</name>
         <load_address>0x923</load_address>
         <run_address>0x923</run_address>
         <size>0x10c</size>
         <input_file_ref idref="fl-92"/>
      </object_component>
      <object_component id="oc-6c">
         <name>.debug_line</name>
         <load_address>0xa2f</load_address>
         <run_address>0xa2f</run_address>
         <size>0x4c</size>
         <input_file_ref idref="fl-93"/>
      </object_component>
      <object_component id="oc-6f">
         <name>.debug_line</name>
         <load_address>0xa7b</load_address>
         <run_address>0xa7b</run_address>
         <size>0x47</size>
         <input_file_ref idref="fl-94"/>
      </object_component>
      <object_component id="oc-72">
         <name>.debug_line</name>
         <load_address>0xac2</load_address>
         <run_address>0xac2</run_address>
         <size>0x37</size>
         <input_file_ref idref="fl-95"/>
      </object_component>
      <object_component id="oc-75">
         <name>.debug_line</name>
         <load_address>0xaf9</load_address>
         <run_address>0xaf9</run_address>
         <size>0x3d</size>
         <input_file_ref idref="fl-96"/>
      </object_component>
      <object_component id="oc-7a">
         <name>.debug_line</name>
         <load_address>0xb36</load_address>
         <run_address>0xb36</run_address>
         <size>0x5c</size>
         <input_file_ref idref="fl-97"/>
      </object_component>
      <object_component id="oc-7d">
         <name>.debug_line</name>
         <load_address>0xb92</load_address>
         <run_address>0xb92</run_address>
         <size>0x43</size>
         <input_file_ref idref="fl-98"/>
      </object_component>
      <object_component id="oc-80">
         <name>.debug_line</name>
         <load_address>0xbd5</load_address>
         <run_address>0xbd5</run_address>
         <size>0x38</size>
         <input_file_ref idref="fl-99"/>
      </object_component>
      <object_component id="oc-85">
         <name>.debug_line</name>
         <load_address>0xc0d</load_address>
         <run_address>0xc0d</run_address>
         <size>0x54</size>
         <input_file_ref idref="fl-9a"/>
      </object_component>
      <object_component id="oc-89">
         <name>.debug_line</name>
         <load_address>0xc61</load_address>
         <run_address>0xc61</run_address>
         <size>0x139</size>
         <input_file_ref idref="fl-9b"/>
      </object_component>
      <object_component id="oc-8d">
         <name>.debug_line</name>
         <load_address>0xd9a</load_address>
         <run_address>0xd9a</run_address>
         <size>0x62</size>
         <input_file_ref idref="fl-9c"/>
      </object_component>
      <object_component id="oc-90">
         <name>.debug_line</name>
         <load_address>0xdfc</load_address>
         <run_address>0xdfc</run_address>
         <size>0x38</size>
         <input_file_ref idref="fl-9d"/>
      </object_component>
      <object_component id="oc-93">
         <name>.debug_line</name>
         <load_address>0xe34</load_address>
         <run_address>0xe34</run_address>
         <size>0x40</size>
         <input_file_ref idref="fl-9e"/>
      </object_component>
      <object_component id="oc-98">
         <name>.debug_line</name>
         <load_address>0xe74</load_address>
         <run_address>0xe74</run_address>
         <size>0x36</size>
         <input_file_ref idref="fl-9f"/>
      </object_component>
      <object_component id="oc-9c">
         <name>.debug_line</name>
         <load_address>0xeaa</load_address>
         <run_address>0xeaa</run_address>
         <size>0x343</size>
         <input_file_ref idref="fl-a0"/>
      </object_component>
      <object_component id="oc-9f">
         <name>.debug_line</name>
         <load_address>0x11ed</load_address>
         <run_address>0x11ed</run_address>
         <size>0x41</size>
         <input_file_ref idref="fl-a1"/>
      </object_component>
      <object_component id="oc-a2">
         <name>.debug_line</name>
         <load_address>0x122e</load_address>
         <run_address>0x122e</run_address>
         <size>0x3f</size>
         <input_file_ref idref="fl-a2"/>
      </object_component>
      <object_component id="oc-a5">
         <name>.debug_line</name>
         <load_address>0x126d</load_address>
         <run_address>0x126d</run_address>
         <size>0x47</size>
         <input_file_ref idref="fl-a3"/>
      </object_component>
      <object_component id="oc-a8">
         <name>.debug_line</name>
         <load_address>0x12b4</load_address>
         <run_address>0x12b4</run_address>
         <size>0x45</size>
         <input_file_ref idref="fl-a4"/>
      </object_component>
      <object_component id="oc-ab">
         <name>.debug_line</name>
         <load_address>0x12f9</load_address>
         <run_address>0x12f9</run_address>
         <size>0x44</size>
         <input_file_ref idref="fl-a5"/>
      </object_component>
      <object_component id="oc-b0">
         <name>.debug_line</name>
         <load_address>0x133d</load_address>
         <run_address>0x133d</run_address>
         <size>0x44</size>
         <input_file_ref idref="fl-a7"/>
      </object_component>
      <object_component id="oc-b7">
         <name>.debug_line</name>
         <load_address>0x1381</load_address>
         <run_address>0x1381</run_address>
         <size>0x3e</size>
         <input_file_ref idref="fl-a9"/>
      </object_component>
      <object_component id="oc-ba">
         <name>.debug_line</name>
         <load_address>0x13bf</load_address>
         <run_address>0x13bf</run_address>
         <size>0x3d</size>
         <input_file_ref idref="fl-aa"/>
      </object_component>
      <object_component id="oc-bd">
         <name>.debug_line</name>
         <load_address>0x13fc</load_address>
         <run_address>0x13fc</run_address>
         <size>0x3d</size>
         <input_file_ref idref="fl-ab"/>
      </object_component>
      <object_component id="oc-c0">
         <name>.debug_line</name>
         <load_address>0x1439</load_address>
         <run_address>0x1439</run_address>
         <size>0x38</size>
         <input_file_ref idref="fl-ac"/>
      </object_component>
      <object_component id="oc-c3">
         <name>.debug_line</name>
         <load_address>0x1471</load_address>
         <run_address>0x1471</run_address>
         <size>0x3c</size>
         <input_file_ref idref="fl-ad"/>
      </object_component>
      <object_component id="oc-c6">
         <name>.debug_line</name>
         <load_address>0x14ad</load_address>
         <run_address>0x14ad</run_address>
         <size>0x73</size>
         <input_file_ref idref="fl-ae"/>
      </object_component>
      <object_component id="oc-c9">
         <name>.debug_line</name>
         <load_address>0x1520</load_address>
         <run_address>0x1520</run_address>
         <size>0x5f</size>
         <input_file_ref idref="fl-af"/>
      </object_component>
      <object_component id="oc-cc">
         <name>.debug_line</name>
         <load_address>0x157f</load_address>
         <run_address>0x157f</run_address>
         <size>0x38</size>
         <input_file_ref idref="fl-b0"/>
      </object_component>
      <object_component id="oc-cf">
         <name>.debug_line</name>
         <load_address>0x15b7</load_address>
         <run_address>0x15b7</run_address>
         <size>0x3a</size>
         <input_file_ref idref="fl-b1"/>
      </object_component>
      <object_component id="oc-d2">
         <name>.debug_line</name>
         <load_address>0x15f1</load_address>
         <run_address>0x15f1</run_address>
         <size>0x40</size>
         <input_file_ref idref="fl-b2"/>
      </object_component>
      <object_component id="oc-d5">
         <name>.debug_line</name>
         <load_address>0x1631</load_address>
         <run_address>0x1631</run_address>
         <size>0x3f</size>
         <input_file_ref idref="fl-b3"/>
      </object_component>
      <object_component id="oc-d8">
         <name>.debug_line</name>
         <load_address>0x1670</load_address>
         <run_address>0x1670</run_address>
         <size>0x37</size>
         <input_file_ref idref="fl-b4"/>
      </object_component>
      <object_component id="oc-db">
         <name>.debug_line</name>
         <load_address>0x16a7</load_address>
         <run_address>0x16a7</run_address>
         <size>0x40</size>
         <input_file_ref idref="fl-b5"/>
      </object_component>
      <object_component id="oc-de">
         <name>.debug_line</name>
         <load_address>0x16e7</load_address>
         <run_address>0x16e7</run_address>
         <size>0x23</size>
         <input_file_ref idref="fl-b6"/>
      </object_component>
      <object_component id="oc-e3">
         <name>.debug_line</name>
         <load_address>0x170a</load_address>
         <run_address>0x170a</run_address>
         <size>0x42</size>
         <input_file_ref idref="fl-b7"/>
      </object_component>
      <object_component id="oc-e9">
         <name>.debug_line</name>
         <load_address>0x174c</load_address>
         <run_address>0x174c</run_address>
         <size>0xa7</size>
         <input_file_ref idref="fl-b8"/>
      </object_component>
      <object_component id="oc-ec">
         <name>.debug_line</name>
         <load_address>0x17f3</load_address>
         <run_address>0x17f3</run_address>
         <size>0x3e</size>
         <input_file_ref idref="fl-b9"/>
[...]
      </symbol>
      <symbol id="sm-c1">
         <name>_dacDmaxHwSetup</name>
         <value>0x10001d4c</value>
         <object_component_ref idref="oc-1e"/>
      </symbol>
      <symbol id="sm-c2">
         <name>_hMcasp0</name>
         <value>0x1002a988</value>
         <object_component_ref idref="oc-1b"/>
      </symbol>
      <symbol id="sm-c3">
         <name>_intcObj_uart</name>
         <value>0x10001dd4</value>
         <object_component_ref idref="oc-1e"/>
      </symbol>
      <symbol id="sm-c4">
         <name>_hDmaxDac</name>
         <value>0x1002a998</value>
         <object_component_ref idref="oc-1b"/>
      </symbol>
      <symbol id="sm-c5">
         <name>_mcasp0Obj</name>
         <value>0x10001c00</value>
         <object_component_ref idref="oc-1e"/>
      </symbol>
      <symbol id="sm-c6">
         <name>_w</name>
         <value>0x10005f50</value>
         <object_component_ref idref="oc-1e"/>
      </symbol>
      <symbol id="sm-c7">
         <name>_v</name>
         <value>0x10001f50</value>
         <object_component_ref idref="oc-1e"/>
      </symbol>
      <symbol id="sm-c8">
         <name>_s</name>
         <value>0x1002a9c8</value>
         <object_component_ref idref="oc-1b"/>
      </symbol>
      <symbol id="sm-c9">
         <name>_intcObj</name>
         <value>0x10001dcc</value>
         <object_component_ref idref="oc-1e"/>
      </symbol>
      <symbol id="sm-ca">
         <name>_sub_lowfreq</name>
         <value>0x1002a9dc</value>
         <object_component_ref idref="oc-1b"/>
      </symbol>
      <symbol id="sm-cb">
         <name>_adcGpxfrEventSetup</name>
         <value>0x10001cfc</value>
         <object_component_ref idref="oc-1e"/>
      </symbol>
      <symbol id="sm-cc">
         <name>_hIntc</name>
         <value>0x1002a9a4</value>
         <object_component_ref idref="oc-1b"/>
      </symbol>
      <symbol id="sm-cd">
         <name>_CSL_mcaspResetCtrl</name>
         <value>0x0</value>
      </symbol>
      <symbol id="sm-ce">
         <name>_CSL_dmaxHwSetup</name>
         <value>0x0</value>
      </symbol>
      <symbol id="sm-cf">
         <name>_CSL_mcaspInit</name>
         <value>0x0</value>
      </symbol>
      <symbol id="sm-d0">
         <name>_UART_Init</name>
         <value>0x0</value>
      </symbol>
      <symbol id="sm-d1">
         <name>_CSL_chipInit</name>
         <value>0x0</value>
      </symbol>
      <symbol id="sm-d2">
         <name>_CSL_intcSetVectorPtr</name>
         <value>0x0</value>
      </symbol>
      <symbol id="sm-d3">
         <name>_CSL_dmaxInit</name>
         <value>0x0</value>
      </symbol>
      <symbol id="sm-d4">
         <name>_CSL_dmaxHwControl</name>
         <value>0x0</value>
      </symbol>
      <symbol id="sm-d5">
         <name>_CLKGEN_Init</name>
         <value>0x0</value>
      </symbol>
      <symbol id="sm-d6">
         <name>_USB_Reset</name>
         <value>0x0</value>
      </symbol>
      <symbol id="sm-d7">
         <name>_CSL_dmaxOpen</name>
         <value>0x0</value>
      </symbol>
      <symbol id="sm-d8">
         <name>_CSL_mcaspHwControl</name>
         <value>0x0</value>
      </symbol>
      <symbol id="sm-d9">
         <name>_MIDI_Init</name>
         <value>0x0</value>
      </symbol>
      <symbol id="sm-da">
         <name>_CSL_mcaspOpen</name>
         <value>0x0</value>
      </symbol>
      <symbol id="sm-db">
         <name>_GPIO_Reset</name>
         <value>0x0</value>
      </symbol>
      <symbol id="sm-dc">
         <name>_CSL_mcaspHwSetup</name>
         <value>0x0</value>
      </symbol>
      <symbol id="sm-dd">
         <name>_DAC_RelayUnmute</name>
         <value>0x0</value>
      </symbol>
      <symbol id="sm-de">
         <name>_DAC_Init</name>
         <value>0x0</value>
      </symbol>
      <symbol id="sm-df">
         <name>_ADC_Init</name>
         <value>0x0</value>
      </symbol>
      <symbol id="sm-ef">
         <name>_MIDI_pull</name>
         <value>0x10026994</value>
         <object_component_ref idref="oc-f5"/>
      </symbol>
      <symbol id="sm-f0">
         <name>_MIDI_clear</name>
         <value>0x100269c8</value>
         <object_component_ref idref="oc-f5"/>
      </symbol>
      <symbol id="sm-f1">
         <name>_MIDI_buff_iterator</name>
         <value>0x1002aa18</value>
         <object_component_ref idref="oc-23"/>
      </symbol>
      <symbol id="sm-f2">
         <name>_MIDI_push</name>
         <value>0x10026960</value>
         <object_component_ref idref="oc-f5"/>
      </symbol>
      <symbol id="sm-f3">
         <name>_MIDI_buff</name>
         <value>0x1001a7b0</value>
         <object_component_ref idref="oc-26"/>
      </symbol>
      <symbol id="sm-fd">
         <name>_gen_twiddle</name>
         <value>0x1001f760</value>
         <object_component_ref idref="oc-108"/>
      </symbol>
      <symbol id="sm-fe">
         <name>_fft_full</name>
         <value>0x1001fb2c</value>
         <object_component_ref idref="oc-108"/>
      </symbol>
      <symbol id="sm-ff">
         <name>_bit_rev</name>
         <value>0x1001f9d0</value>
         <object_component_ref idref="oc-108"/>
      </symbol>
      <symbol id="sm-100">
         <name>_bitrev_full</name>
         <value>0x1001faf0</value>
         <object_component_ref idref="oc-108"/>
      </symbol>
      <symbol id="sm-101">
         <name>_ifft_full</name>
         <value>0x1001f700</value>
         <object_component_ref idref="oc-108"/>
      </symbol>
      <symbol id="sm-102">
         <name>_bitrev_index</name>
         <value>0x1001f880</value>
         <object_component_ref idref="oc-108"/>
      </symbol>
      <symbol id="sm-10c">
         <name>_sawtooth_wave</name>
         <value>0x10020670</value>
         <object_component_ref idref="oc-107"/>
      </symbol>
      <symbol id="sm-10d">
         <name>_sin_wave</name>
         <value>0x10020544</value>
         <object_component_ref idref="oc-107"/>
      </symbol>
      <symbol id="sm-10e">
         <name>_square_wave</name>
         <value>0x100203e0</value>
         <object_component_ref idref="oc-107"/>
      </symbol>
      <symbol id="sm-118">
         <name>_DSPF_sp_bitrev_cplx</name>
         <value>0x10023120</value>
         <object_component_ref idref="oc-2f"/>
      </symbol>
      <symbol id="sm-122">
         <name>_DSPF_sp_cfftr2_dit</name>
         <value>0x1001ed80</value>
         <object_component_ref idref="oc-33"/>
      </symbol>
      <symbol id="sm-12c">
         <name>_DSPF_sp_icfftr2_dif</name>
         <value>0x1001d6e0</value>
         <object_component_ref idref="oc-37"/>
      </symbol>
      <symbol id="sm-138">
         <name>_c_int00</name>
         <value>0x10026c00</value>
         <object_component_ref idref="oc-10"/>
      </symbol>
      <symbol id="sm-139">
         <name>__stack</name>
         <value>0x10029618</value>
         <object_component_ref idref="oc-3c"/>
      </symbol>
      <symbol id="sm-147">
         <name>_cos</name>
         <value>0x100215a0</value>
         <object_component_ref idref="oc-113"/>
      </symbol>
      <symbol id="sm-151">
         <name>__tmpnams</name>
         <value>0x1001a384</value>
         <object_component_ref idref="oc-46"/>
      </symbol>
      <symbol id="sm-152">
         <name>__ft_end</name>
         <value>0x1001a4c4</value>
         <object_component_ref idref="oc-46"/>
      </symbol>
      <symbol id="sm-153">
         <name>__ftable</name>
         <value>0x1001a1a4</value>
         <object_component_ref idref="oc-46"/>
      </symbol>
      <symbol id="sm-15d">
         <name>__divd</name>
         <value>0x1001d080</value>
         <object_component_ref idref="oc-112"/>
      </symbol>
      <symbol id="sm-167">
         <name>__divf</name>
         <value>0x10022440</value>
         <object_component_ref idref="oc-110"/>
      </symbol>
      <symbol id="sm-16f">
         <name>__c6xabi_divi</name>
         <value>0x100257a0</value>
         <object_component_ref idref="oc-10f"/>
      </symbol>
      <symbol id="sm-170">
         <name>__divi</name>
         <value>0x100257a0</value>
         <object_component_ref idref="oc-10f"/>
      </symbol>
      <symbol id="sm-180">
         <name>C$$EXIT</name>
         <value>0x10027020</value>
         <object_component_ref idref="oc-102"/>
      </symbol>
      <symbol id="sm-181">
         <name>_exit</name>
         <value>0x10025d20</value>
         <object_component_ref idref="oc-f3"/>
      </symbol>
      <symbol id="sm-182">
         <name>___TI_enable_exit_profile_output</name>
         <value>0x1001a790</value>
         <object_component_ref idref="oc-53"/>
      </symbol>
      <symbol id="sm-183">
         <name>_abort</name>
         <value>0x10027020</value>
         <object_component_ref idref="oc-102"/>
      </symbol>
      <symbol id="sm-184">
         <name>__cleanup_ptr</name>
         <value>0x1001a788</value>
         <object_component_ref idref="oc-53"/>
      </symbol>
      <symbol id="sm-185">
         <name>__dtors_ptr</name>
         <value>0x1001a78c</value>
         <object_component_ref idref="oc-53"/>
      </symbol>
      <symbol id="sm-193">
         <name>_fprintf</name>
         <value>0x10025020</value>
         <object_component_ref idref="oc-106"/>
      </symbol>
      <symbol id="sm-19d">
         <name>_putc</name>
         <value>0x10022ea0</value>
         <object_component_ref idref="oc-11a"/>
      </symbol>
      <symbol id="sm-19e">
         <name>_fputc</name>
         <value>0x10022ea0</value>
         <object_component_ref idref="oc-11a"/>
      </symbol>
      <symbol id="sm-1aa">
         <name>_fputs</name>
         <value>0x1001f260</value>
         <object_component_ref idref="oc-119"/>
      </symbol>
      <symbol id="sm-1b4">
         <name>__frcmpyd_div</name>
         <value>0x10024cc0</value>
         <object_component_ref idref="oc-120"/>
      </symbol>
      <symbol id="sm-1c0">
         <name>__llshl</name>
         <value>0x10026b00</value>
         <object_component_ref idref="oc-14b"/>
      </symbol>
      <symbol id="sm-1c1">
         <name>__llshru</name>
         <value>0x10026d80</value>
         <object_component_ref idref="oc-11f"/>
      </symbol>
      <symbol id="sm-1d9">
         <name>_unlink</name>
         <value>0x100268c0</value>
         <object_component_ref idref="oc-14d"/>
      </symbol>
      <symbol id="sm-1da">
         <name>_lseek</name>
         <value>0x10025e00</value>
         <object_component_ref idref="oc-134"/>
      </symbol>
      <symbol id="sm-1db">
         <name>_close</name>
         <value>0x10024f00</value>
         <object_component_ref idref="oc-147"/>
      </symbol>
      <symbol id="sm-1dc">
         <name>_write</name>
         <value>0x100260a0</value>
         <object_component_ref idref="oc-123"/>
      </symbol>
      <symbol id="sm-1e6">
         <name>_memcpy</name>
         <value>0x100239e0</value>
         <object_component_ref idref="oc-ff"/>
      </symbol>
      <symbol id="sm-1f0">
         <name>_memset</name>
         <value>0x10025380</value>
         <object_component_ref idref="oc-105"/>
      </symbol>
      <symbol id="sm-1fa">
         <name>_modf</name>
         <value>0x10025ee0</value>
         <object_component_ref idref="oc-118"/>
      </symbol>
      <symbol id="sm-204">
         <name>__mpyll</name>
         <value>0x10026b80</value>
         <object_component_ref idref="oc-128"/>
      </symbol>
      <symbol id="sm-212">
         <name>_pow</name>
         <value>0x1001c180</value>
         <object_component_ref idref="oc-10a"/>
      </symbol>
      <symbol id="sm-21a">
         <name>__remi</name>
         <value>0x10026480</value>
         <object_component_ref idref="oc-111"/>
      </symbol>
      <symbol id="sm-21b">
         <name>__c6xabi_remi</name>
         <value>0x10026480</value>
         <object_component_ref idref="oc-111"/>
      </symbol>
      <symbol id="sm-225">
         <name>__nround</name>
         <value>0x100263c0</value>
         <object_component_ref idref="oc-116"/>
      </symbol>
      <symbol id="sm-233">
         <name>_sin</name>
         <value>0x10022180</value>
         <object_component_ref idref="oc-10e"/>
      </symbol>
      <symbol id="sm-24b">
         <name>_HOSTopen</name>
         <value>0x10024960</value>
         <object_component_ref idref="oc-f6"/>
      </symbol>
      <symbol id="sm-24c">
         <name>_HOSTread</name>
         <value>0x10024a80</value>
         <object_component_ref idref="oc-f8"/>
      </symbol>
      <symbol id="sm-24d">
         <name>_HOSTrename</name>
         <value>0x10023380</value>
         <object_component_ref idref="oc-fc"/>
      </symbol>
      <symbol id="sm-24e">
         <name>_HOSTwrite</name>
         <value>0x10024ba0</value>
         <object_component_ref idref="oc-f9"/>
      </symbol>
      <symbol id="sm-24f">
         <name>_HOSTlseek</name>
         <value>0x100246e0</value>
         <object_component_ref idref="oc-fa"/>
      </symbol>
      <symbol id="sm-250">
         <name>_HOSTunlink</name>
         <value>0x100254a0</value>
         <object_component_ref idref="oc-fb"/>
      </symbol>
      <symbol id="sm-251">
         <name>_HOSTclose</name>
         <value>0x100259a0</value>
         <object_component_ref idref="oc-f7"/>
      </symbol>
      <symbol id="sm-25f">
         <name>C$$IO$$</name>
         <value>0x10026d70</value>
         <object_component_ref idref="oc-103"/>
      </symbol>
      <symbol id="sm-260">
         <name>__CIOBUF_</name>
         <value>0x1002a864</value>
         <object_component_ref idref="oc-8c"/>
      </symbol>
      <symbol id="sm-261">
         <name>_readmsg</name>
         <value>0x10026820</value>
         <object_component_ref idref="oc-104"/>
      </symbol>
      <symbol id="sm-262">
         <name>_writemsg</name>
         <value>0x10026d00</value>
         <object_component_ref idref="oc-103"/>
      </symbol>
      <symbol id="sm-26c">
         <name>__trunc</name>
         <value>0x10026f60</value>
         <object_component_ref idref="oc-117"/>
      </symbol>
      <symbol id="sm-276">
         <name>__wrt_ok</name>
         <value>0x10024de0</value>
         <object_component_ref idref="oc-121"/>
      </symbol>
      <symbol id="sm-284">
         <name>__unlock</name>
         <value>0x1001a798</value>
         <object_component_ref idref="oc-97"/>
      </symbol>
      <symbol id="sm-285">
         <name>__lock</name>
         <value>0x1001a794</value>
         <object_component_ref idref="oc-97"/>
      </symbol>
      <symbol id="sm-286">
         <name>__nop</name>
         <value>0x10026fc0</value>
         <object_component_ref idref="oc-fd"/>
      </symbol>
      <symbol id="sm-2b6">
         <name>__printfi</name>
         <value>0x1001e860</value>
         <object_component_ref idref="oc-10d"/>
      </symbol>
      <symbol id="sm-2c0">
         <name>__args_main</name>
         <value>0x10026f20</value>
         <object_component_ref idref="oc-f2"/>
      </symbol>
      <symbol id="sm-2c1">
         <name>__TI_args_main</name>
         <value>0x1</value>
      </symbol>
      <symbol id="sm-2cb">
         <name>_atoi</name>
         <value>0x10024820</value>
         <object_component_ref idref="oc-124"/>
      </symbol>
      <symbol id="sm-2d5">
         <name>__auto_init</name>
         <value>0x100255a0</value>
         <object_component_ref idref="oc-f1"/>
      </symbol>
      <symbol id="sm-2df">
         <name>___TI_cpp_init</name>
         <value>0x10026a00</value>
         <object_component_ref idref="oc-100"/>
      </symbol>
      <symbol id="sm-2e9">
         <name>_copy_in</name>
         <value>0x10026540</value>
         <object_component_ref idref="oc-fe"/>
      </symbol>
      <symbol id="sm-2f1">
         <name>__ctypes_</name>
         <value>0x1002a72c</value>
         <object_component_ref idref="oc-12b"/>
      </symbol>
      <symbol id="sm-2f9">
         <name>__c6xabi_divu</name>
         <value>0x10026240</value>
         <object_component_ref idref="oc-144"/>
      </symbol>
      <symbol id="sm-2fa">
         <name>__divu</name>
         <value>0x10026240</value>
         <object_component_ref idref="oc-144"/>
      </symbol>
      <symbol id="sm-304">
         <name>_errno</name>
         <value>0x1001a704</value>
         <object_component_ref idref="oc-b4"/>
      </symbol>
      <symbol id="sm-30e">
         <name>__doflush</name>
         <value>0x10025b60</value>
         <object_component_ref idref="oc-122"/>
      </symbol>
      <symbol id="sm-318">
         <name>__fixdli</name>
         <value>0x10026780</value>
         <object_component_ref idref="oc-141"/>
      </symbol>
      <symbol id="sm-322">
         <name>__fltlid</name>
         <value>0x10026a80</value>
         <object_component_ref idref="oc-143"/>
      </symbol>
      <symbol id="sm-32c">
         <name>_frexp</name>
         <value>0x10025140</value>
         <object_component_ref idref="oc-114"/>
      </symbol>
      <symbol id="sm-336">
         <name>_fseek</name>
         <value>0x10023f60</value>
         <object_component_ref idref="oc-129"/>
      </symbol>
      <symbol id="sm-344">
         <name>__divul</name>
         <value>0x10023be0</value>
         <object_component_ref idref="oc-145"/>
      </symbol>
      <symbol id="sm-345">
         <name>__remli</name>
         <value>0x10026de0</value>
         <object_component_ref idref="oc-149"/>
      </symbol>
      <symbol id="sm-346">
         <name>__divli</name>
         <value>0x10026180</value>
         <object_component_ref idref="oc-14a"/>
      </symbol>
      <symbol id="sm-352">
         <name>__subcull</name>
         <value>0x10026e40</value>
         <object_component_ref idref="oc-14c"/>
      </symbol>
      <symbol id="sm-353">
         <name>__divull</name>
         <value>0x10021bc0</value>
         <object_component_ref idref="oc-146"/>
      </symbol>
      <symbol id="sm-35d">
         <name>___isinf</name>
         <value>0x10026ea0</value>
         <object_component_ref idref="oc-12d"/>
      </symbol>
      <symbol id="sm-367">
         <name>_ldexp</name>
         <value>0x10024400</value>
         <object_component_ref idref="oc-115"/>
      </symbol>
      <symbol id="sm-371">
         <name>_ltoa</name>
         <value>0x10025260</value>
         <object_component_ref idref="oc-142"/>
      </symbol>
      <symbol id="sm-37b">
         <name>_memccpy</name>
         <value>0x10026c80</value>
         <object_component_ref idref="oc-127"/>
      </symbol>
      <symbol id="sm-385">
         <name>__negll</name>
         <value>0x10026fa0</value>
         <object_component_ref idref="oc-132"/>
      </symbol>
      <symbol id="sm-38f">
         <name>_setvbuf</name>
         <value>0x10022980</value>
         <object_component_ref idref="oc-12a"/>
      </symbol>
      <symbol id="sm-3a4">
         <name>__cleanup</name>
         <value>0x10025a80</value>
         <object_component_ref idref="oc-137"/>
      </symbol>
      <symbol id="sm-3ba">
         <name>__sys_memory</name>
         <value>0x10029e18</value>
         <object_component_ref idref="oc-e8"/>
      </symbol>
      <symbol id="sm-3bb">
         <name>_free</name>
         <value>0x10021240</value>
         <object_component_ref idref="oc-135"/>
      </symbol>
      <symbol id="sm-3bc">
         <name>_malloc</name>
         <value>0x100237c0</value>
         <object_component_ref idref="oc-136"/>
      </symbol>
      <symbol id="sm-3c6">
         <name>__closefile</name>
         <value>0x10024580</value>
         <object_component_ref idref="oc-140"/>
      </symbol>
      <symbol id="sm-3d0">
         <name>_remove</name>
         <value>0x10027040</value>
         <object_component_ref idref="oc-148"/>
      </symbol>
   </symbol_table>
</link_info>
